Component: Arm Compiler for Embedded 6.21 Tool: armlink [5ec1fa00]

==============================================================================

Section Cross References

    startup_stm32f091xc.o(STACK) refers (Special) to heapauxi.o(.text) for __use_two_region_memory
    startup_stm32f091xc.o(HEAP) refers (Special) to heapauxi.o(.text) for __use_two_region_memory
    startup_stm32f091xc.o(RESET) refers (Special) to heapauxi.o(.text) for __use_two_region_memory
    startup_stm32f091xc.o(RESET) refers to startup_stm32f091xc.o(STACK) for __initial_sp
    startup_stm32f091xc.o(RESET) refers to startup_stm32f091xc.o(.text) for Reset_Handler
    startup_stm32f091xc.o(RESET) refers to stm32f0xx_it.o(.text.NMI_Handler) for NMI_Handler
    startup_stm32f091xc.o(RESET) refers to stm32f0xx_it.o(.text.HardFault_Handler) for HardFault_Handler
    startup_stm32f091xc.o(RESET) refers to stm32f0xx_it.o(.text.SVC_Handler) for SVC_Handler
    startup_stm32f091xc.o(RESET) refers to stm32f0xx_it.o(.text.PendSV_Handler) for PendSV_Handler
    startup_stm32f091xc.o(RESET) refers to stm32f0xx_it.o(.text.SysTick_Handler) for SysTick_Handler
    startup_stm32f091xc.o(RESET) refers to stm32f0xx_it.o(.text.DMA1_Ch2_3_DMA2_Ch1_2_IRQHandler) for DMA1_Ch2_3_DMA2_Ch1_2_IRQHandler
    startup_stm32f091xc.o(RESET) refers to stm32f0xx_it.o(.text.DMA1_Ch4_7_DMA2_Ch3_5_IRQHandler) for DMA1_Ch4_7_DMA2_Ch3_5_IRQHandler
    startup_stm32f091xc.o(.text) refers (Special) to heapauxi.o(.text) for __use_two_region_memory
    startup_stm32f091xc.o(.text) refers to system_stm32f0xx.o(.text.SystemInit) for SystemInit
    startup_stm32f091xc.o(.text) refers to __main.o(!!!main) for __main
    startup_stm32f091xc.o(.text) refers to startup_stm32f091xc.o(HEAP) for Heap_Mem
    startup_stm32f091xc.o(.text) refers to startup_stm32f091xc.o(STACK) for Stack_Mem
    telecommunication.o(.text.mainCode) refers to stm32f0xx_hal_tim.o(.text.HAL_TIM_Base_Start) for HAL_TIM_Base_Start
    telecommunication.o(.text.mainCode) refers to stm32f0xx_hal_comp.o(.text.HAL_COMP_Start) for HAL_COMP_Start
    telecommunication.o(.text.mainCode) refers to stm32f0xx_hal_tim.o(.text.HAL_TIM_Base_Init) for HAL_TIM_Base_Init
    telecommunication.o(.text.mainCode) refers to dflti.o(.text) for __aeabi_ui2d
    telecommunication.o(.text.mainCode) refers to dmul.o(.text) for __aeabi_dmul
    telecommunication.o(.text.mainCode) refers to ddiv.o(.text) for __aeabi_ddiv
    telecommunication.o(.text.mainCode) refers to daddsub.o(.text) for __aeabi_dadd
    telecommunication.o(.text.mainCode) refers to d2f.o(.text) for __aeabi_d2f
    telecommunication.o(.text.mainCode) refers to sinf.o(i.sinf) for sinf
    telecommunication.o(.text.mainCode) refers to f2d.o(.text) for __aeabi_f2d
    telecommunication.o(.text.mainCode) refers to fmul.o(x$fpl$fmul) for __aeabi_fmul
    telecommunication.o(.text.mainCode) refers to ffixi.o(.text) for __aeabi_f2iz
    telecommunication.o(.text.mainCode) refers to stm32f0xx_hal_gpio.o(.text.HAL_GPIO_WritePin) for HAL_GPIO_WritePin
    telecommunication.o(.text.mainCode) refers to stm32f0xx_hal_dac_ex.o(.text.HAL_DAC_Start_DMA) for HAL_DAC_Start_DMA
    telecommunication.o(.text.mainCode) refers to stm32f0xx_hal_dac.o(.text.HAL_DAC_GetState) for HAL_DAC_GetState
    telecommunication.o(.text.mainCode) refers to main.o(.bss.htim2) for htim2
    telecommunication.o(.text.mainCode) refers to main.o(.bss..L_MergedGlobals) for hcomp1
    telecommunication.o(.text.mainCode) refers to telecommunication.o(.bss.symbols) for symbols
    telecommunication.o(.text.mainCode) refers to telecommunication.o(.bss..L_MergedGlobals) for [Anonymous Symbol]
    telecommunication.o(.text.mainCode) refers to telecommunication.o(.bss.clock) for clock
    telecommunication.o(.ARM.exidx.text.mainCode) refers to telecommunication.o(.text.mainCode) for [Anonymous Symbol]
    telecommunication.o(.text.setSampleRate) refers to stm32f0xx_hal_tim.o(.text.HAL_TIM_Base_Init) for HAL_TIM_Base_Init
    telecommunication.o(.text.setSampleRate) refers to main.o(.bss.htim2) for htim2
    telecommunication.o(.ARM.exidx.text.setSampleRate) refers to telecommunication.o(.text.setSampleRate) for [Anonymous Symbol]
    main.o(.text.main) refers to stm32f0xx_hal.o(.text.HAL_Init) for HAL_Init
    main.o(.text.main) refers to rt_memclr.o(.text) for __aeabi_memclr4
    main.o(.text.main) refers to stm32f0xx_hal_rcc.o(.text.HAL_RCC_OscConfig) for HAL_RCC_OscConfig
    main.o(.text.main) refers to stm32f0xx_hal_rcc.o(.text.HAL_RCC_ClockConfig) for HAL_RCC_ClockConfig
    main.o(.text.main) refers to stm32f0xx_hal_gpio.o(.text.HAL_GPIO_WritePin) for HAL_GPIO_WritePin
    main.o(.text.main) refers to stm32f0xx_hal_gpio.o(.text.HAL_GPIO_Init) for HAL_GPIO_Init
    main.o(.text.main) refers to stm32f0xx_hal_cortex.o(.text.HAL_NVIC_SetPriority) for HAL_NVIC_SetPriority
    main.o(.text.main) refers to stm32f0xx_hal_cortex.o(.text.HAL_NVIC_EnableIRQ) for HAL_NVIC_EnableIRQ
[...]
    Removing stm32f0xx_hal_tim_ex.o(.ARM.exidx.text.HAL_TIMEx_OCN_Stop_DMA), (8 bytes).
    Removing stm32f0xx_hal_tim_ex.o(.text.HAL_TIMEx_PWMN_Start), (180 bytes).
    Removing stm32f0xx_hal_tim_ex.o(.ARM.exidx.text.HAL_TIMEx_PWMN_Start), (8 bytes).
    Removing stm32f0xx_hal_tim_ex.o(.text.HAL_TIMEx_PWMN_Stop), (132 bytes).
    Removing stm32f0xx_hal_tim_ex.o(.ARM.exidx.text.HAL_TIMEx_PWMN_Stop), (8 bytes).
    Removing stm32f0xx_hal_tim_ex.o(.text.HAL_TIMEx_PWMN_Start_IT), (224 bytes).
    Removing stm32f0xx_hal_tim_ex.o(.ARM.exidx.text.HAL_TIMEx_PWMN_Start_IT), (8 bytes).
    Removing stm32f0xx_hal_tim_ex.o(.text.HAL_TIMEx_PWMN_Stop_IT), (184 bytes).
    Removing stm32f0xx_hal_tim_ex.o(.ARM.exidx.text.HAL_TIMEx_PWMN_Stop_IT), (8 bytes).
    Removing stm32f0xx_hal_tim_ex.o(.text.HAL_TIMEx_PWMN_Start_DMA), (396 bytes).
    Removing stm32f0xx_hal_tim_ex.o(.ARM.exidx.text.HAL_TIMEx_PWMN_Start_DMA), (8 bytes).
    Removing stm32f0xx_hal_tim_ex.o(.text.HAL_TIMEx_PWMN_Stop_DMA), (188 bytes).
    Removing stm32f0xx_hal_tim_ex.o(.ARM.exidx.text.HAL_TIMEx_PWMN_Stop_DMA), (8 bytes).
    Removing stm32f0xx_hal_tim_ex.o(.text.HAL_TIMEx_OnePulseN_Start), (98 bytes).
    Removing stm32f0xx_hal_tim_ex.o(.ARM.exidx.text.HAL_TIMEx_OnePulseN_Start), (8 bytes).
    Removing stm32f0xx_hal_tim_ex.o(.text.HAL_TIMEx_OnePulseN_Stop), (120 bytes).
    Removing stm32f0xx_hal_tim_ex.o(.ARM.exidx.text.HAL_TIMEx_OnePulseN_Stop), (8 bytes).
    Removing stm32f0xx_hal_tim_ex.o(.text.HAL_TIMEx_OnePulseN_Start_IT), (110 bytes).
    Removing stm32f0xx_hal_tim_ex.o(.ARM.exidx.text.HAL_TIMEx_OnePulseN_Start_IT), (8 bytes).
    Removing stm32f0xx_hal_tim_ex.o(.text.HAL_TIMEx_OnePulseN_Stop_IT), (136 bytes).
    Removing stm32f0xx_hal_tim_ex.o(.ARM.exidx.text.HAL_TIMEx_OnePulseN_Stop_IT), (8 bytes).
    Removing stm32f0xx_hal_tim_ex.o(.text.HAL_TIMEx_ConfigCommutEvent), (86 bytes).
    Removing stm32f0xx_hal_tim_ex.o(.ARM.exidx.text.HAL_TIMEx_ConfigCommutEvent), (8 bytes).
    Removing stm32f0xx_hal_tim_ex.o(.text.HAL_TIMEx_ConfigCommutEvent_IT), (86 bytes).
    Removing stm32f0xx_hal_tim_ex.o(.ARM.exidx.text.HAL_TIMEx_ConfigCommutEvent_IT), (8 bytes).
    Removing stm32f0xx_hal_tim_ex.o(.text.HAL_TIMEx_ConfigCommutEvent_DMA), (120 bytes).
    Removing stm32f0xx_hal_tim_ex.o(.ARM.exidx.text.HAL_TIMEx_ConfigCommutEvent_DMA), (8 bytes).
    Removing stm32f0xx_hal_tim_ex.o(.text.TIMEx_DMACommutationCplt), (16 bytes).
    Removing stm32f0xx_hal_tim_ex.o(.ARM.exidx.text.TIMEx_DMACommutationCplt), (8 bytes).
    Removing stm32f0xx_hal_tim_ex.o(.text.TIMEx_DMACommutationHalfCplt), (16 bytes).
    Removing stm32f0xx_hal_tim_ex.o(.ARM.exidx.text.TIMEx_DMACommutationHalfCplt), (8 bytes).
    Removing stm32f0xx_hal_tim_ex.o(.ARM.exidx.text.HAL_TIMEx_MasterConfigSynchronization), (8 bytes).
    Removing stm32f0xx_hal_tim_ex.o(.text.HAL_TIMEx_ConfigBreakDeadTime), (90 bytes).
    Removing stm32f0xx_hal_tim_ex.o(.ARM.exidx.text.HAL_TIMEx_ConfigBreakDeadTime), (8 bytes).
    Removing stm32f0xx_hal_tim_ex.o(.text.HAL_TIMEx_RemapConfig), (28 bytes).
    Removing stm32f0xx_hal_tim_ex.o(.ARM.exidx.text.HAL_TIMEx_RemapConfig), (8 bytes).
    Removing stm32f0xx_hal_tim_ex.o(.text.HAL_TIMEx_CommutCallback), (2 bytes).
    Removing stm32f0xx_hal_tim_ex.o(.ARM.exidx.text.HAL_TIMEx_CommutCallback), (8 bytes).
    Removing stm32f0xx_hal_tim_ex.o(.text.HAL_TIMEx_CommutHalfCpltCallback), (2 bytes).
    Removing stm32f0xx_hal_tim_ex.o(.ARM.exidx.text.HAL_TIMEx_CommutHalfCpltCallback), (8 bytes).
    Removing stm32f0xx_hal_tim_ex.o(.text.HAL_TIMEx_BreakCallback), (2 bytes).
    Removing stm32f0xx_hal_tim_ex.o(.ARM.exidx.text.HAL_TIMEx_BreakCallback), (8 bytes).
    Removing stm32f0xx_hal_tim_ex.o(.text.HAL_TIMEx_HallSensor_GetState), (6 bytes).
    Removing stm32f0xx_hal_tim_ex.o(.ARM.exidx.text.HAL_TIMEx_HallSensor_GetState), (8 bytes).
    Removing stm32f0xx_hal_tim_ex.o(.text.HAL_TIMEx_GetChannelNState), (32 bytes).
    Removing stm32f0xx_hal_tim_ex.o(.ARM.exidx.text.HAL_TIMEx_GetChannelNState), (8 bytes).
    Removing system_stm32f0xx.o(.text), (0 bytes).
    Removing system_stm32f0xx.o(.ARM.exidx.text.SystemInit), (8 bytes).
    Removing system_stm32f0xx.o(.text.SystemCoreClockUpdate), (96 bytes).
    Removing system_stm32f0xx.o(.ARM.exidx.text.SystemCoreClockUpdate), (8 bytes).
    Removing system_stm32f0xx.o(.rodata.APBPrescTable), (8 bytes).

838 unused section(s) (total 45758 bytes) removed from the image.

==============================================================================

Image Symbol Table

    Local Symbols

    Symbol Name                              Value     Ov Type        Size  Object(Section)

    ../clib/angel/boardlib.s                 0x00000000   Number         0  boardinit1.o ABSOLUTE
    ../clib/angel/boardlib.s                 0x00000000   Number         0  boardinit2.o ABSOLUTE
    ../clib/angel/boardlib.s                 0x00000000   Number         0  boardinit3.o ABSOLUTE
    ../clib/angel/boardlib.s                 0x00000000   Number         0  boardshut.o ABSOLUTE
    ../clib/angel/handlers.s                 0x00000000   Number         0  __scatter_copy.o ABSOLUTE
    ../clib/angel/handlers.s                 0x00000000   Number         0  __scatter_zi.o ABSOLUTE
    ../clib/angel/kernel.s                   0x00000000   Number         0  __rtentry.o ABSOLUTE
    ../clib/angel/kernel.s                   0x00000000   Number         0  __rtentry2.o ABSOLUTE
    ../clib/angel/kernel.s                   0x00000000   Number         0  __rtentry4.o ABSOLUTE
    ../clib/angel/kernel.s                   0x00000000   Number         0  rtexit.o ABSOLUTE
    ../clib/angel/kernel.s                   0x00000000   Number         0  rtexit2.o ABSOLUTE
    ../clib/angel/rt.s                       0x00000000   Number         0  aeabi_idiv0.o ABSOLUTE
    ../clib/angel/rt.s                       0x00000000   Number         0  aeabi_idiv0_sigfpe.o ABSOLUTE
    ../clib/angel/rt.s                       0x00000000   Number         0  rt_div0.o ABSOLUTE
    ../clib/angel/rt.s                       0x00000000   Number         0  rt_errno_addr.o ABSOLUTE
    ../clib/angel/rt.s                       0x00000000   Number         0  rt_errno_addr_intlibspace.o ABSOLUTE
    ../clib/angel/rt.s                       0x00000000   Number         0  rt_raise.o ABSOLUTE
    ../clib/angel/scatterp.s                 0x00000000   Number         0  __scatter.o ABSOLUTE
    ../clib/angel/startup.s                  0x00000000   Number         0  __main.o ABSOLUTE
    ../clib/angel/sys.s                      0x00000000   Number         0  libspace.o ABSOLUTE
    ../clib/angel/sys.s                      0x00000000   Number         0  sys_stackheap_outer.o ABSOLUTE
    ../clib/angel/sys.s                      0x00000000   Number         0  tempstk.o ABSOLUTE
    ../clib/angel/sys.s                      0x00000000   Number         0  use_no_semi.o ABSOLUTE
    ../clib/angel/sys.s                      0x00000000   Number         0  indicate_semi.o ABSOLUTE
    ../clib/angel/sysapp.c                   0x00000000   Number         0  sys_exit.o ABSOLUTE
    ../clib/angel/sysapp.c                   0x00000000   Number         0  sys_exit_hlt.o ABSOLUTE
    ../clib/angel/sysapp.c                   0x00000000   Number         0  sys_wrch.o ABSOLUTE
    ../clib/angel/sysapp.c                   0x00000000   Number         0  sys_wrch_hlt.o ABSOLUTE
    ../clib/angel/sysapp.c                   0x00000000   Number         0  sys_command.o ABSOLUTE
    ../clib/angel/sysapp.c                   0x00000000   Number         0  sys_command_hlt.o ABSOLUTE
    ../clib/armsys.c                         0x00000000   Number         0  argv_veneer.o ABSOLUTE
    ../clib/armsys.c                         0x00000000   Number         0  _get_argv_nomalloc.o ABSOLUTE
    ../clib/armsys.c                         0x00000000   Number         0  no_argv.o ABSOLUTE
    ../clib/division.s                       0x00000000   Number         0  aeabi_sdivfast.o ABSOLUTE
    ../clib/division.s                       0x00000000   Number         0  aeabi_sdivfast_div0.o ABSOLUTE
    ../clib/fenv.c                           0x00000000   Number         0  _rserrno.o ABSOLUTE
    ../clib/heapalloc.c                      0x00000000   Number         0  hrguard.o ABSOLUTE
    ../clib/heapaux.c                        0x00000000   Number         0  heapauxi.o ABSOLUTE
    ../clib/libinit.s                        0x00000000   Number         0  libinit.o ABSOLUTE
    ../clib/libinit.s                        0x00000000   Number         0  libinit2.o ABSOLUTE
    ../clib/libinit.s                        0x00000000   Number         0  libshutdown.o ABSOLUTE
    ../clib/libinit.s                        0x00000000   Number         0  libshutdown2.o ABSOLUTE
    ../clib/longlong.c                       0x00000000   Number         0  llushr.o ABSOLUTE
    ../clib/memcpset.c                       0x00000000   Number         0  rt_memclr.o ABSOLUTE
    ../clib/signal.c                         0x00000000   Number         0  defsig_fpe_outer.o ABSOLUTE
    ../clib/signal.c                         0x00000000   Number         0  defsig_fpe_formal.o ABSOLUTE
    ../clib/signal.c                         0x00000000   Number         0  defsig_exit.o ABSOLUTE
    ../clib/signal.c                         0x00000000   Number         0  defsig_fpe_inner.o ABSOLUTE
    ../clib/signal.c                         0x00000000   Number         0  __raise.o ABSOLUTE
    ../clib/signal.c                         0x00000000   Number         0  defsig_general.o ABSOLUTE
    ../clib/signal.c                         0x00000000   Number         0  defsig_abrt_inner.o ABSOLUTE
    ../clib/signal.c                         0x00000000   Number         0  defsig_rtred_inner.o ABSOLUTE
    ../clib/signal.c                         0x00000000   Number         0  defsig_rtmem_inner.o ABSOLUTE
    ../clib/signal.c                         0x00000000   Number         0  defsig_rtmem_outer.o ABSOLUTE
    ../clib/signal.c                         0x00000000   Number         0  defsig_rtmem_formal.o ABSOLUTE
    ../clib/signal.c                         0x00000000   Number         0  defsig_stak_inner.o ABSOLUTE
    ../clib/signal.c                         0x00000000   Number         0  defsig_pvfn_inner.o ABSOLUTE
    ../clib/signal.c                         0x00000000   Number         0  defsig_cppl_inner.o ABSOLUTE
    ../clib/signal.c                         0x00000000   Number         0  defsig_segv_inner.o ABSOLUTE
    ../clib/signal.c                         0x00000000   Number         0  defsig_other.o ABSOLUTE
    ../clib/signal.s                         0x00000000   Number         0  defsig.o ABSOLUTE
    ../clib/stdlib.c                         0x00000000   Number         0  exit.o ABSOLUTE
    ../fplib/cfplib/d2f.c                    0x00000000   Number         0  d2f.o ABSOLUTE
    ../fplib/cfplib/daddsub.c                0x00000000   Number         0  daddsub.o ABSOLUTE
    ../fplib/cfplib/ddiv.c                   0x00000000   Number         0  ddiv.o ABSOLUTE
    ../fplib/cfplib/dmul.c                   0x00000000   Number         0  dmul.o ABSOLUTE
    ../fplib/cfplib/f2d.c                    0x00000000   Number         0  f2d.o ABSOLUTE
    ../fplib/cfplib/fdiv.c                   0x00000000   Number         0  fdiv.o ABSOLUTE
    ../fplib/cfplib/ffix.c                   0x00000000   Number         0  ffixi.o ABSOLUTE
    ../fplib/cfplib/fflt.c                   0x00000000   Number         0  dflti.o ABSOLUTE
    ../fplib/cfplib/fflt.c                   0x00000000   Number         0  fflti.o ABSOLUTE
    ../fplib/cfplib/fpinit.c                 0x00000000   Number         0  fpinit.o ABSOLUTE
    ../fplib/cfplib/frnd.c                   0x00000000   Number         0  frnd.o ABSOLUTE
    ../fplib/cfplib/scalbn.c                 0x00000000   Number         0  fscalbn.o ABSOLUTE
    ../fplib/faddsub6m.s                     0x00000000   Number         0  faddsub.o ABSOLUTE
    ../fplib/fmul6m.s                        0x00000000   Number         0  fmul.o ABSOLUTE
    ../fplib/usenofp.s                       0x00000000   Number         0  usenofp.o ABSOLUTE
    ../mathlib/fpclassifyf.c                 0x00000000   Number         0  fpclassifyf.o ABSOLUTE
    ../mathlib/funder.c                      0x00000000   Number         0  funder.o ABSOLUTE
    ../mathlib/rredf.c                       0x00000000   Number         0  rredf.o ABSOLUTE
    ../mathlib/sinf.c                        0x00000000   Number         0  sinf.o ABSOLUTE
    dc.s                                     0x00000000   Number         0  dc.o ABSOLUTE
    main.c                                   0x00000000   Number         0  main.o ABSOLUTE
    startup_stm32f091xc.s                    0x00000000   Number         0  startup_stm32f091xc.o ABSOLUTE
    stm32f0xx_hal.c                          0x00000000   Number         0  stm32f0xx_hal.o ABSOLUTE
    stm32f0xx_hal_comp.c                     0x00000000   Number         0  stm32f0xx_hal_comp.o ABSOLUTE
    stm32f0xx_hal_cortex.c                   0x00000000   Number         0  stm32f0xx_hal_cortex.o ABSOLUTE
    stm32f0xx_hal_dac.c                      0x00000000   Number         0  stm32f0xx_hal_dac.o ABSOLUTE
    stm32f0xx_hal_dac_ex.c                   0x00000000   Number         0  stm32f0xx_hal_dac_ex.o ABSOLUTE
    stm32f0xx_hal_dma.c                      0x00000000   Number         0  stm32f0xx_hal_dma.o ABSOLUTE
    stm32f0xx_hal_exti.c                     0x00000000   Number         0  stm32f0xx_hal_exti.o ABSOLUTE
    stm32f0xx_hal_flash.c                    0x00000000   Number         0  stm32f0xx_hal_flash.o ABSOLUTE
    stm32f0xx_hal_flash_ex.c                 0x00000000   Number         0  stm32f0xx_hal_flash_ex.o ABSOLUTE
    stm32f0xx_hal_gpio.c                     0x00000000   Number         0  stm32f0xx_hal_gpio.o ABSOLUTE
    stm32f0xx_hal_i2c.c                      0x00000000   Number         0  stm32f0xx_hal_i2c.o ABSOLUTE
    stm32f0xx_hal_i2c_ex.c                   0x00000000   Number         0  stm32f0xx_hal_i2c_ex.o ABSOLUTE
    stm32f0xx_hal_msp.c                      0x00000000   Number         0  stm32f0xx_hal_msp.o ABSOLUTE
    stm32f0xx_hal_pwr.c                      0x00000000   Number         0  stm32f0xx_hal_pwr.o ABSOLUTE
    stm32f0xx_hal_pwr_ex.c                   0x00000000   Number         0  stm32f0xx_hal_pwr_ex.o ABSOLUTE
    stm32f0xx_hal_rcc.c                      0x00000000   Number         0  stm32f0xx_hal_rcc.o ABSOLUTE
    stm32f0xx_hal_rcc_ex.c                   0x00000000   Number         0  stm32f0xx_hal_rcc_ex.o ABSOLUTE
    stm32f0xx_hal_tim.c                      0x00000000   Number         0  stm32f0xx_hal_tim.o ABSOLUTE
    stm32f0xx_hal_tim_ex.c                   0x00000000   Number         0  stm32f0xx_hal_tim_ex.o ABSOLUTE
    stm32f0xx_it.c                           0x00000000   Number         0  stm32f0xx_it.o ABSOLUTE
    system_stm32f0xx.c                       0x00000000   Number         0  system_stm32f0xx.o ABSOLUTE
    telecommunication.c                      0x00000000   Number         0  telecommunication.o ABSOLUTE
    RESET                                    0x08000000   Section      188  startup_stm32f091xc.o(RESET)
    !!!main                                  0x080000bc   Section        8  __main.o(!!!main)
    !!!scatter                               0x080000c4   Section       84  __scatter.o(!!!scatter)
    !!handler_copy                           0x08000118   Section       26  __scatter_copy.o(!!handler_copy)
    !!handler_null                           0x08000134   Section        2  __scatter.o(!!handler_null)
    !!handler_zi                             0x08000138   Section       28  __scatter_zi.o(!!handler_zi)
    .ARM.Collect$$libinit$$00000000          0x08000154   Section        2  libinit.o(.ARM.Collect$$libinit$$00000000)
    .ARM.Collect$$libinit$$00000002          0x08000156   Section        0  libinit2.o(.ARM.Collect$$libinit$$00000002)
    .ARM.Collect$$libinit$$00000004          0x08000156   Section        0  libinit2.o(.ARM.Collect$$libinit$$00000004)
    .ARM.Collect$$libinit$$00000006          0x08000156   Section        0  libinit2.o(.ARM.Collect$$libinit$$00000006)
    .ARM.Collect$$libinit$$0000000C          0x08000156   Section        0  libinit2.o(.ARM.Collect$$libinit$$0000000C)
    .ARM.Collect$$libinit$$0000000E          0x08000156   Section        0  libinit2.o(.ARM.Collect$$libinit$$0000000E)
    .ARM.Collect$$libinit$$00000010          0x08000156   Section        0  libinit2.o(.ARM.Collect$$libinit$$00000010)
    .ARM.Collect$$libinit$$00000013          0x08000156   Section        0  libinit2.o(.ARM.Collect$$libinit$$00000013)
    .ARM.Collect$$libinit$$00000015          0x08000156   Section        0  libinit2.o(.ARM.Collect$$libinit$$00000015)
    .ARM.Collect$$libinit$$00000017          0x08000156   Section        0  libinit2.o(.ARM.Collect$$libinit$$00000017)
    .ARM.Collect$$libinit$$00000019          0x08000156   Section        0  libinit2.o(.ARM.Collect$$libinit$$00000019)
    .ARM.Collect$$libinit$$0000001B          0x08000156   Section        0  libinit2.o(.ARM.Collect$$libinit$$0000001B)
    .ARM.Collect$$libinit$$0000001D          0x08000156   Section        0  libinit2.o(.ARM.Collect$$libinit$$0000001D)
    .ARM.Collect$$libinit$$0000001F          0x08000156   Section        0  libinit2.o(.ARM.Collect$$libinit$$0000001F)
    .ARM.Collect$$libinit$$00000021          0x08000156   Section        0  libinit2.o(.ARM.Collect$$libinit$$00000021)
    .ARM.Collect$$libinit$$00000023          0x08000156   Section        0  libinit2.o(.ARM.Collect$$libinit$$00000023)
    .ARM.Collect$$libinit$$00000025          0x08000156   Section        0  libinit2.o(.ARM.Collect$$libinit$$00000025)
    .ARM.Collect$$libinit$$00000027          0x08000156   Section        0  libinit2.o(.ARM.Collect$$libinit$$00000027)
    .ARM.Collect$$libinit$$0000002E          0x08000156   Section        0  libinit2.o(.ARM.Collect$$libinit$$0000002E)
    .ARM.Collect$$libinit$$00000030          0x08000156   Section        0  libinit2.o(.ARM.Collect$$libinit$$00000030)
    .ARM.Collect$$libinit$$00000032          0x08000156   Section        0  libinit2.o(.ARM.Collect$$libinit$$00000032)
    .ARM.Collect$$libinit$$00000034          0x08000156   Section        0  libinit2.o(.ARM.Collect$$libinit$$00000034)
    .ARM.Collect$$libinit$$00000035          0x08000156   Section        2  libinit2.o(.ARM.Collect$$libinit$$00000035)
    .ARM.Collect$$libshutdown$$00000000      0x08000158   Section        2  libshutdown.o(.ARM.Collect$$libshutdown$$00000000)
    .ARM.Collect$$libshutdown$$00000002      0x0800015a   Section        0  libshutdown2.o(.ARM.Collect$$libshutdown$$00000002)
    .ARM.Collect$$libshutdown$$00000004      0x0800015a   Section        0  libshutdown2.o(.ARM.Collect$$libshutdown$$00000004)
    .ARM.Collect$$libshutdown$$00000007      0x0800015a   Section        0  libshutdown2.o(.ARM.Collect$$libshutdown$$00000007)
    .ARM.Collect$$libshutdown$$0000000A      0x0800015a   Section        0  libshutdown2.o(.ARM.Collect$$libshutdown$$0000000A)
    .ARM.Collect$$libshutdown$$0000000C      0x0800015a   Section        0  libshutdown2.o(.ARM.Collect$$libshutdown$$0000000C)
    .ARM.Collect$$libshutdown$$0000000F      0x0800015a   Section        0  libshutdown2.o(.ARM.Collect$$libshutdown$$0000000F)
    .ARM.Collect$$libshutdown$$00000010      0x0800015a   Section        2  libshutdown2.o(.ARM.Collect$$libshutdown$$00000010)
    .ARM.Collect$$rtentry$$00000000          0x0800015c   Section        0  __rtentry.o(.ARM.Collect$$rtentry$$00000000)
    .ARM.Collect$$rtentry$$00000002          0x0800015c   Section        0  __rtentry2.o(.ARM.Collect$$rtentry$$00000002)
    .ARM.Collect$$rtentry$$00000004          0x0800015c   Section        6  __rtentry4.o(.ARM.Collect$$rtentry$$00000004)
    .ARM.Collect$$rtentry$$00000009          0x08000162   Section        0  __rtentry2.o(.ARM.Collect$$rtentry$$00000009)
    .ARM.Collect$$rtentry$$0000000A          0x08000162   Section        4  __rtentry2.o(.ARM.Collect$$rtentry$$0000000A)
    .ARM.Collect$$rtentry$$0000000C          0x08000166   Section        0  __rtentry2.o(.ARM.Collect$$rtentry$$0000000C)
    .ARM.Collect$$rtentry$$0000000D          0x08000166   Section        8  __rtentry2.o(.ARM.Collect$$rtentry$$0000000D)
    .ARM.Collect$$rtexit$$00000000           0x0800016e   Section        2  rtexit.o(.ARM.Collect$$rtexit$$00000000)
    .ARM.Collect$$rtexit$$00000002           0x08000170   Section        0  rtexit2.o(.ARM.Collect$$rtexit$$00000002)
    .ARM.Collect$$rtexit$$00000003           0x08000170   Section        4  rtexit2.o(.ARM.Collect$$rtexit$$00000003)
    .ARM.Collect$$rtexit$$00000004           0x08000174   Section        6  rtexit2.o(.ARM.Collect$$rtexit$$00000004)
    .text                                    0x0800017c   Section       56  startup_stm32f091xc.o(.text)
    .text                                    0x080001b4   Section        0  rt_memclr.o(.text)
    .text                                    0x080001f4   Section        0  heapauxi.o(.text)
    .text                                    0x080001fc   Section        0  d2f.o(.text)
    _dadd1                                   0x08000279   Thumb Code   290  daddsub.o(.text)
    .text                                    0x08000278   Section        0  daddsub.o(.text)
    _dsub1                                   0x0800039b   Thumb Code   470  daddsub.o(.text)
    .text                                    0x080005d0   Section        0  ddiv.o(.text)
    .text                                    0x08000a18   Section        0  dflti.o(.text)
    .text                                    0x08000a70   Section        0  dmul.o(.text)
    .text                                    0x08000cb8   Section        0  f2d.o(.text)
    .text                                    0x08000d0c   Section        0  ffixi.o(.text)
    .text                                    0x08000d58   Section        0  _rserrno.o(.text)
    .text                                    0x08000d70   Section        0  frnd.o(.text)
    .text                                    0x08000df0   Section        8  rt_errno_addr_intlibspace.o(.text)
    .text                                    0x08000df8   Section        0  fdiv.o(.text)
    .text                                    0x08000f58   Section        0  fflti.o(.text)
    .text                                    0x08000fb8   Section        0  fscalbn.o(.text)
    .text                                    0x08000ffc   Section        8  libspace.o(.text)
    .text                                    0x08001004   Section       62  sys_stackheap_outer.o(.text)
    .text                                    0x08001042   Section        0  exit.o(.text)
    .text                                    0x08001054   Section        0  sys_exit.o(.text)
    .text                                    0x08001060   Section        2  use_no_semi.o(.text)
    DAC_DMAConvCpltCh1                       0x08001063   Thumb Code    16  stm32f0xx_hal_dac_ex.o(.text.DAC_DMAConvCpltCh1)
    [Anonymous Symbol]                       0x08001062   Section        0  stm32f0xx_hal_dac_ex.o(.text.DAC_DMAConvCpltCh1)
    .text                                    0x08001062   Section        0  indicate_semi.o(.text)
    [Anonymous Symbol]                       0x08001072   Section        0  stm32f0xx_hal_dac_ex.o(.text.DAC_DMAConvCpltCh2)
    DAC_DMAErrorCh1                          0x08001083   Thumb Code    24  stm32f0xx_hal_dac_ex.o(.text.DAC_DMAErrorCh1)
    [Anonymous Symbol]                       0x08001082   Section        0  stm32f0xx_hal_dac_ex.o(.text.DAC_DMAErrorCh1)
    [Anonymous Symbol]                       0x0800109a   Section        0  stm32f0xx_hal_dac_ex.o(.text.DAC_DMAErrorCh2)
    DAC_DMAHalfConvCpltCh1                   0x080010b3   Thumb Code    10  stm32f0xx_hal_dac_ex.o(.text.DAC_DMAHalfConvCpltCh1)
    [Anonymous Symbol]                       0x080010b2   Section        0  stm32f0xx_hal_dac_ex.o(.text.DAC_DMAHalfConvCpltCh1)
    [Anonymous Symbol]                       0x080010bc   Section        0  stm32f0xx_hal_dac_ex.o(.text.DAC_DMAHalfConvCpltCh2)
    [Anonymous Symbol]                       0x080010c8   Section        0  stm32f0xx_it.o(.text.DMA1_Ch2_3_DMA2_Ch1_2_IRQHandler)
    [Anonymous Symbol]                       0x080010d4   Section        0  stm32f0xx_it.o(.text.DMA1_Ch4_7_DMA2_Ch3_5_IRQHandler)
    [Anonymous Symbol]                       0x080010e0   Section        0  main.o(.text.Error_Handler)
    [Anonymous Symbol]                       0x080010e8   Section        0  stm32f0xx_hal_comp.o(.text.HAL_COMP_Init)
    __arm_cp.0_0                             0x0800116c   Number         4  stm32f0xx_hal_comp.o(.text.HAL_COMP_Init)
    __arm_cp.0_2                             0x08001170   Number         4  stm32f0xx_hal_comp.o(.text.HAL_COMP_Init)
    [Anonymous Symbol]                       0x08001174   Section        0  stm32f0xx_hal_msp.o(.text.HAL_COMP_MspInit)
    __arm_cp.1_0                             0x080011f8   Number         4  stm32f0xx_hal_msp.o(.text.HAL_COMP_MspInit)
    [Anonymous Symbol]                       0x080011fc   Section        0  stm32f0xx_hal_comp.o(.text.HAL_COMP_Start)
    __arm_cp.4_0                             0x08001230   Number         4  stm32f0xx_hal_comp.o(.text.HAL_COMP_Start)
    [Anonymous Symbol]                       0x08001234   Section        0  stm32f0xx_hal_dac_ex.o(.text.HAL_DACEx_ConvCpltCallbackCh2)
    [Anonymous Symbol]                       0x08001236   Section        0  stm32f0xx_hal_dac_ex.o(.text.HAL_DACEx_ConvHalfCpltCallbackCh2)
    [Anonymous Symbol]                       0x08001238   Section        0  stm32f0xx_hal_dac_ex.o(.text.HAL_DACEx_ErrorCallbackCh2)
    [Anonymous Symbol]                       0x0800123c   Section        0  stm32f0xx_hal_dac_ex.o(.text.HAL_DAC_ConfigChannel)
    __arm_cp.0_0                             0x08001270   Number         4  stm32f0xx_hal_dac_ex.o(.text.HAL_DAC_ConfigChannel)
    [Anonymous Symbol]                       0x08001274   Section        0  stm32f0xx_hal_dac.o(.text.HAL_DAC_ConvCpltCallbackCh1)
    [Anonymous Symbol]                       0x08001276   Section        0  stm32f0xx_hal_dac.o(.text.HAL_DAC_ConvHalfCpltCallbackCh1)
    [Anonymous Symbol]                       0x08001278   Section        0  stm32f0xx_hal_dac.o(.text.HAL_DAC_ErrorCallbackCh1)
    [Anonymous Symbol]                       0x0800127a   Section        0  stm32f0xx_hal_dac.o(.text.HAL_DAC_GetState)
    [Anonymous Symbol]                       0x0800127e   Section        0  stm32f0xx_hal_dac.o(.text.HAL_DAC_Init)
    [Anonymous Symbol]                       0x080012a8   Section        0  stm32f0xx_hal_msp.o(.text.HAL_DAC_MspInit)
    __arm_cp.3_0                             0x08001390   Number         4  stm32f0xx_hal_msp.o(.text.HAL_DAC_MspInit)
    __arm_cp.3_1                             0x08001394   Number         4  stm32f0xx_hal_msp.o(.text.HAL_DAC_MspInit)
    __arm_cp.3_2                             0x08001398   Number         4  stm32f0xx_hal_msp.o(.text.HAL_DAC_MspInit)
    __arm_cp.3_3                             0x0800139c   Number         4  stm32f0xx_hal_msp.o(.text.HAL_DAC_MspInit)
    __arm_cp.3_4                             0x080013a0   Number         4  stm32f0xx_hal_msp.o(.text.HAL_DAC_MspInit)
    [Anonymous Symbol]                       0x080013a4   Section        0  stm32f0xx_hal_dac_ex.o(.text.HAL_DAC_Start_DMA)
    __arm_cp.3_0                             0x0800146c   Number         4  stm32f0xx_hal_dac_ex.o(.text.HAL_DAC_Start_DMA)
    __arm_cp.3_1                             0x08001470   Number         4  stm32f0xx_hal_dac_ex.o(.text.HAL_DAC_Start_DMA)
    __arm_cp.3_2                             0x08001474   Number         4  stm32f0xx_hal_dac_ex.o(.text.HAL_DAC_Start_DMA)
    __arm_cp.3_3                             0x08001478   Number         4  stm32f0xx_hal_dac_ex.o(.text.HAL_DAC_Start_DMA)
    __arm_cp.3_4                             0x0800147c   Number         4  stm32f0xx_hal_dac_ex.o(.text.HAL_DAC_Start_DMA)
    __arm_cp.3_5                             0x08001480   Number         4  stm32f0xx_hal_dac_ex.o(.text.HAL_DAC_Start_DMA)
    [Anonymous Symbol]                       0x08001484   Section        0  stm32f0xx_hal_dma.o(.text.HAL_DMA_IRQHandler)
    [Anonymous Symbol]                       0x08001558   Section        0  stm32f0xx_hal_dma.o(.text.HAL_DMA_Init)
    __arm_cp.0_0                             0x080015dc   Number         4  stm32f0xx_hal_dma.o(.text.HAL_DMA_Init)
    __arm_cp.0_1                             0x080015e0   Number         4  stm32f0xx_hal_dma.o(.text.HAL_DMA_Init)
    __arm_cp.0_2                             0x080015e4   Number         4  stm32f0xx_hal_dma.o(.text.HAL_DMA_Init)
    __arm_cp.0_3                             0x080015e8   Number         4  stm32f0xx_hal_dma.o(.text.HAL_DMA_Init)
    __arm_cp.0_4                             0x080015ec   Number         4  stm32f0xx_hal_dma.o(.text.HAL_DMA_Init)
    [Anonymous Symbol]                       0x080015f0   Section        0  stm32f0xx_hal_dma.o(.text.HAL_DMA_Start_IT)
    [Anonymous Symbol]                       0x08001674   Section        0  stm32f0xx_hal_gpio.o(.text.HAL_GPIO_Init)
    __arm_cp.0_0                             0x080017f4   Number         4  stm32f0xx_hal_gpio.o(.text.HAL_GPIO_Init)
    __arm_cp.0_1                             0x080017f8   Number         4  stm32f0xx_hal_gpio.o(.text.HAL_GPIO_Init)
    __arm_cp.0_3                             0x080017fc   Number         4  stm32f0xx_hal_gpio.o(.text.HAL_GPIO_Init)
    [Anonymous Symbol]                       0x08001800   Section        0  stm32f0xx_hal_gpio.o(.text.HAL_GPIO_WritePin)
    [Anonymous Symbol]                       0x08001810   Section        0  stm32f0xx_hal.o(.text.HAL_GetTick)
    [Anonymous Symbol]                       0x08001818   Section        0  stm32f0xx_hal.o(.text.HAL_IncTick)
    __arm_cp.5_1                             0x08001828   Number         4  stm32f0xx_hal.o(.text.HAL_IncTick)
    [Anonymous Symbol]                       0x0800182c   Section        0  stm32f0xx_hal.o(.text.HAL_Init)
    [Anonymous Symbol]                       0x08001848   Section        0  stm32f0xx_hal.o(.text.HAL_InitTick)
    __arm_cp.1_0                             0x08001884   Number         4  stm32f0xx_hal.o(.text.HAL_InitTick)
    [Anonymous Symbol]                       0x08001888   Section        0  stm32f0xx_hal_msp.o(.text.HAL_MspInit)
    __arm_cp.0_0                             0x080018b0   Number         4  stm32f0xx_hal_msp.o(.text.HAL_MspInit)
    [Anonymous Symbol]                       0x080018b4   Section        0  stm32f0xx_hal_cortex.o(.text.HAL_NVIC_EnableIRQ)
    __arm_cp.1_0                             0x080018c8   Number         4  stm32f0xx_hal_cortex.o(.text.HAL_NVIC_EnableIRQ)
    [Anonymous Symbol]                       0x080018cc   Section        0  stm32f0xx_hal_cortex.o(.text.HAL_NVIC_SetPriority)
    __arm_cp.0_0                             0x080018fc   Number         4  stm32f0xx_hal_cortex.o(.text.HAL_NVIC_SetPriority)
    __arm_cp.0_1                             0x08001900   Number         4  stm32f0xx_hal_cortex.o(.text.HAL_NVIC_SetPriority)
    [Anonymous Symbol]                       0x08001904   Section        0  stm32f0xx_hal_rcc.o(.text.HAL_RCC_ClockConfig)
    __arm_cp.2_0                             0x08001a5c   Number         4  stm32f0xx_hal_rcc.o(.text.HAL_RCC_ClockConfig)
    __arm_cp.2_1                             0x08001a60   Number         4  stm32f0xx_hal_rcc.o(.text.HAL_RCC_ClockConfig)
    __arm_cp.2_2                             0x08001a64   Number         4  stm32f0xx_hal_rcc.o(.text.HAL_RCC_ClockConfig)
    __arm_cp.2_3                             0x08001a68   Number         4  stm32f0xx_hal_rcc.o(.text.HAL_RCC_ClockConfig)
    __arm_cp.2_4                             0x08001a6c   Number         4  stm32f0xx_hal_rcc.o(.text.HAL_RCC_ClockConfig)
    __arm_cp.2_5                             0x08001a70   Number         4  stm32f0xx_hal_rcc.o(.text.HAL_RCC_ClockConfig)
    __arm_cp.2_6                             0x08001a74   Number         4  stm32f0xx_hal_rcc.o(.text.HAL_RCC_ClockConfig)
    __arm_cp.2_7                             0x08001a78   Number         4  stm32f0xx_hal_rcc.o(.text.HAL_RCC_ClockConfig)
    __arm_cp.2_8                             0x08001a7c   Number         4  stm32f0xx_hal_rcc.o(.text.HAL_RCC_ClockConfig)
    [Anonymous Symbol]                       0x08001a80   Section        0  stm32f0xx_hal_rcc.o(.text.HAL_RCC_OscConfig)
    __arm_cp.1_4                             0x08001e7c   Number         4  stm32f0xx_hal_rcc.o(.text.HAL_RCC_OscConfig)
    __arm_cp.1_1                             0x08001f20   Number         4  stm32f0xx_hal_rcc.o(.text.HAL_RCC_OscConfig)
    __arm_cp.1_2                             0x08001f24   Number         4  stm32f0xx_hal_rcc.o(.text.HAL_RCC_OscConfig)
    [Anonymous Symbol]                       0x08001f28   Section        0  stm32f0xx_hal_cortex.o(.text.HAL_SYSTICK_Config)
    __arm_cp.4_0                             0x08001f50   Number         4  stm32f0xx_hal_cortex.o(.text.HAL_SYSTICK_Config)
    __arm_cp.4_1                             0x08001f54   Number         4  stm32f0xx_hal_cortex.o(.text.HAL_SYSTICK_Config)
    __arm_cp.4_2                             0x08001f58   Number         4  stm32f0xx_hal_cortex.o(.text.HAL_SYSTICK_Config)
    [Anonymous Symbol]                       0x08001f5c   Section        0  stm32f0xx_hal_tim_ex.o(.text.HAL_TIMEx_MasterConfigSynchronization)
    [Anonymous Symbol]                       0x08001fb8   Section        0  stm32f0xx_hal_tim.o(.text.HAL_TIM_Base_Init)
    __arm_cp.0_3                             0x08002098   Number         4  stm32f0xx_hal_tim.o(.text.HAL_TIM_Base_Init)
    __arm_cp.0_4                             0x0800209c   Number         4  stm32f0xx_hal_tim.o(.text.HAL_TIM_Base_Init)
    __arm_cp.0_5                             0x080020a0   Number         4  stm32f0xx_hal_tim.o(.text.HAL_TIM_Base_Init)
    __arm_cp.0_7                             0x080020a4   Number         4  stm32f0xx_hal_tim.o(.text.HAL_TIM_Base_Init)
    __arm_cp.0_8                             0x080020a8   Number         4  stm32f0xx_hal_tim.o(.text.HAL_TIM_Base_Init)
    [Anonymous Symbol]                       0x080020ac   Section        0  stm32f0xx_hal_msp.o(.text.HAL_TIM_Base_MspInit)
    __arm_cp.5_0                             0x080020d0   Number         4  stm32f0xx_hal_msp.o(.text.HAL_TIM_Base_MspInit)
    [Anonymous Symbol]                       0x080020d4   Section        0  stm32f0xx_hal_tim.o(.text.HAL_TIM_Base_Start)
    __arm_cp.5_0                             0x08002124   Number         4  stm32f0xx_hal_tim.o(.text.HAL_TIM_Base_Start)
    __arm_cp.5_1                             0x08002128   Number         4  stm32f0xx_hal_tim.o(.text.HAL_TIM_Base_Start)
    __arm_cp.5_2                             0x0800212c   Number         4  stm32f0xx_hal_tim.o(.text.HAL_TIM_Base_Start)
    __arm_cp.5_3                             0x08002130   Number         4  stm32f0xx_hal_tim.o(.text.HAL_TIM_Base_Start)
    [Anonymous Symbol]                       0x08002134   Section        0  stm32f0xx_hal_tim.o(.text.HAL_TIM_ConfigClockSource)
    __arm_cp.90_0                            0x0800228c   Number         4  stm32f0xx_hal_tim.o(.text.HAL_TIM_ConfigClockSource)
    [Anonymous Symbol]                       0x08002290   Section        0  stm32f0xx_it.o(.text.HardFault_Handler)
    [Anonymous Symbol]                       0x08002292   Section        0  stm32f0xx_it.o(.text.NMI_Handler)
    [Anonymous Symbol]                       0x08002294   Section        0  stm32f0xx_it.o(.text.PendSV_Handler)
    [Anonymous Symbol]                       0x08002296   Section        0  stm32f0xx_it.o(.text.SVC_Handler)
    [Anonymous Symbol]                       0x08002298   Section        0  stm32f0xx_it.o(.text.SysTick_Handler)
    [Anonymous Symbol]                       0x080022a0   Section        0  system_stm32f0xx.o(.text.SystemInit)
    [Anonymous Symbol]                       0x080022a4   Section        0  main.o(.text.main)
    __arm_cp.0_0                             0x08002464   Number         4  main.o(.text.main)
    __arm_cp.0_1                             0x08002468   Number         4  main.o(.text.main)
    __arm_cp.0_2                             0x0800246c   Number         4  main.o(.text.main)
    __arm_cp.0_3                             0x08002470   Number         4  main.o(.text.main)
    [Anonymous Symbol]                       0x08002474   Section        0  telecommunication.o(.text.mainCode)
    __arm_cp.0_0                             0x08002740   Number         4  telecommunication.o(.text.mainCode)
    __arm_cp.0_1                             0x08002744   Number         4  telecommunication.o(.text.mainCode)
    __arm_cp.0_2                             0x08002748   Number         4  telecommunication.o(.text.mainCode)
    __arm_cp.0_3                             0x0800274c   Number         4  telecommunication.o(.text.mainCode)
    __arm_cp.0_4                             0x08002750   Number         4  telecommunication.o(.text.mainCode)
    __arm_cp.0_5                             0x08002754   Number         4  telecommunication.o(.text.mainCode)
    __arm_cp.0_6                             0x08002758   Number         4  telecommunication.o(.text.mainCode)
    __arm_cp.0_7                             0x0800275c   Number         4  telecommunication.o(.text.mainCode)
    __arm_cp.0_8                             0x08002760   Number         4  telecommunication.o(.text.mainCode)
    __arm_cp.0_9                             0x08002764   Number         4  telecommunication.o(.text.mainCode)
    __arm_cp.0_10                            0x08002768   Number         4  telecommunication.o(.text.mainCode)
    __arm_cp.0_11                            0x0800276c   Number         4  telecommunication.o(.text.mainCode)
    __arm_cp.0_12                            0x08002770   Number         4  telecommunication.o(.text.mainCode)
    __arm_cp.0_13                            0x08002774   Number         4  telecommunication.o(.text.mainCode)
    __arm_cp.0_14                            0x08002778   Number         4  telecommunication.o(.text.mainCode)
    __arm_cp.0_15                            0x0800277c   Number         4  telecommunication.o(.text.mainCode)
    .text_divfast                            0x08002780   Section      502  aeabi_sdivfast.o(.text_divfast)
    i.__ARM_common_ll_muluu                  0x08002976   Section        0  rredf.o(i.__ARM_common_ll_muluu)
    i.__ARM_fpclassifyf                      0x080029a8   Section        0  fpclassifyf.o(i.__ARM_fpclassifyf)
    i.__mathlib_flt_infnan                   0x080029ca   Section        0  funder.o(i.__mathlib_flt_infnan)
    i.__mathlib_flt_invalid                  0x080029d4   Section        0  funder.o(i.__mathlib_flt_invalid)
    i.__mathlib_flt_underflow                0x080029e0   Section        0  funder.o(i.__mathlib_flt_underflow)
    i.__mathlib_rredf2                       0x080029f0   Section        0  rredf.o(i.__mathlib_rredf2)
    i.sinf                                   0x08002b70   Section        0  sinf.o(i.sinf)
    x$fpl$fadd                               0x08002cf4   Section      140  faddsub.o(x$fpl$fadd)
    _fadd1                                   0x08002d01   Thumb Code     0  faddsub.o(x$fpl$fadd)
    x$fpl$fmul                               0x08002d80   Section      176  fmul.o(x$fpl$fmul)
    x$fpl$frsb                               0x08002e30   Section       24  faddsub.o(x$fpl$frsb)
    x$fpl$fsub                               0x08002e48   Section      208  faddsub.o(x$fpl$fsub)
    _fsub1                                   0x08002e55   Thumb Code     0  faddsub.o(x$fpl$fsub)
    ddiv_reciptbl                            0x08002f18   Data         128  ddiv.o(.constdata)
    .constdata                               0x08002f18   Section      128  ddiv.o(.constdata)
    x$fpl$usenofp                            0x08002f18   Section        0  usenofp.o(x$fpl$usenofp)
    twooverpi                                0x08002f98   Data          32  rredf.o(.constdata)
    .constdata                               0x08002f98   Section       32  rredf.o(.constdata)
    fdiv_tab                                 0x08002fb8   Data          64  fdiv.o(.constdata)
    .constdata                               0x08002fb8   Section       64  fdiv.o(.constdata)
    HAL_RCC_GetSysClockFreq.aPLLMULFactorTable 0x08003008   Data          16  stm32f0xx_hal_rcc.o(.rodata.cst16)
    [Anonymous Symbol]                       0x08003008   Section        0  stm32f0xx_hal_rcc.o(.rodata.cst16)
    HAL_RCC_GetSysClockFreq.aPredivFactorTable 0x08003018   Data          16  stm32f0xx_hal_rcc.o(.rodata.cst16)
    [Anonymous Symbol]                       0x20000000   Section        0  stm32f0xx_hal.o(.data..L_MergedGlobals)
    .bss                                     0x20000010   Section       96  libspace.o(.bss)
    [Anonymous Symbol]                       0x20000070   Section        0  telecommunication.o(.bss..L_MergedGlobals)
    [Anonymous Symbol]                       0x20000078   Section        0  main.o(.bss..L_MergedGlobals)
    Heap_Mem                                 0x200007a0   Data         512  startup_stm32f091xc.o(HEAP)
    HEAP                                     0x200007a0   Section      512  startup_stm32f091xc.o(HEAP)
    Stack_Mem                                0x200009a0   Data        1024  startup_stm32f091xc.o(STACK)
    STACK                                    0x200009a0   Section     1024  startup_stm32f091xc.o(STACK)
    __initial_sp                             0x20000da0   Data           0  startup_stm32f091xc.o(STACK)

    Global Symbols

    Symbol Name                              Value     Ov Type        Size  Object(Section)

    BuildAttributes$$THM_ISAv3M$S$PE$A:L22$X:L11$S22$IEEE1$IW$~IW$USESV6$~STKCKD$USESV7$~SHL$OTIME$ROPI$IEEEX$EBA8$UX$STANDARDLIB$REQ8$PRES8$EABIv2 0x00000000   Number         0  anon$$obj.o ABSOLUTE
    __ARM_exceptions_init                     - Undefined Weak Reference
    __alloca_initialize                       - Undefined Weak Reference
    __arm_preinit_                            - Undefined Weak Reference
    __arm_relocate_pie_                       - Undefined Weak Reference
    __cpp_initialize__aeabi_                  - Undefined Weak Reference
    __cxa_finalize                            - Undefined Weak Reference
    __rt_locale                               - Undefined Weak Reference
    __sigvec_lookup                           - Undefined Weak Reference
    _atexit_init                              - Undefined Weak Reference
    _call_atexit_fns                          - Undefined Weak Reference
    _clock_init                               - Undefined Weak Reference
    _fp_trap_init                             - Undefined Weak Reference
    _fp_trap_shutdown                         - Undefined Weak Reference
    _get_lc_collate                           - Undefined Weak Reference
    _get_lc_ctype                             - Undefined Weak Reference
    _get_lc_monetary                          - Undefined Weak Reference
    _get_lc_numeric                           - Undefined Weak Reference
    _get_lc_time                              - Undefined Weak Reference
    _getenv_init                              - Undefined Weak Reference
    _handle_redirection                       - Undefined Weak Reference
    _init_alloc                               - Undefined Weak Reference
    _init_user_alloc                          - Undefined Weak Reference
    _initio                                   - Undefined Weak Reference
    _rand_init                                - Undefined Weak Reference
    _signal_finish                            - Undefined Weak Reference
    _signal_init                              - Undefined Weak Reference
    _terminate_alloc                          - Undefined Weak Reference
    _terminate_user_alloc                     - Undefined Weak Reference
    _terminateio                              - Undefined Weak Reference
    __Vectors_Size                           0x000000bc   Number         0  startup_stm32f091xc.o ABSOLUTE
    __Vectors                                0x08000000   Data           4  startup_stm32f091xc.o(RESET)
    __Vectors_End                            0x080000bc   Data           0  startup_stm32f091xc.o(RESET)
    __main                                   0x080000bd   Thumb Code     8  __main.o(!!!main)
    __scatterload                            0x080000c5   Thumb Code     0  __scatter.o(!!!scatter)
    __scatterload_rt2                        0x080000c5   Thumb Code    74  __scatter.o(!!!scatter)
    __scatterload_rt2_thumb_only             0x080000c5   Thumb Code     0  __scatter.o(!!!scatter)
    __scatterload_loop                       0x080000cf   Thumb Code     0  __scatter.o(!!!scatter)
    __scatterload_copy                       0x08000119   Thumb Code    26  __scatter_copy.o(!!handler_copy)
    __scatterload_null                       0x08000135   Thumb Code     2  __scatter.o(!!handler_null)
    __scatterload_zeroinit                   0x08000139   Thumb Code    28  __scatter_zi.o(!!handler_zi)
    __rt_lib_init                            0x08000155   Thumb Code     0  libinit.o(.ARM.Collect$$libinit$$00000000)
    __rt_lib_init_alloca_1                   0x08000157   Thumb Code     0  libinit2.o(.ARM.Collect$$libinit$$00000030)
    __rt_lib_init_argv_1                     0x08000157   Thumb Code     0  libinit2.o(.ARM.Collect$$libinit$$0000002E)
    __rt_lib_init_atexit_1                   0x08000157   Thumb Code     0  libinit2.o(.ARM.Collect$$libinit$$0000001D)
    __rt_lib_init_clock_1                    0x08000157   Thumb Code     0  libinit2.o(.ARM.Collect$$libinit$$00000023)
    __rt_lib_init_cpp_1                      0x08000157   Thumb Code     0  libinit2.o(.ARM.Collect$$libinit$$00000034)
    __rt_lib_init_exceptions_1               0x08000157   Thumb Code     0  libinit2.o(.ARM.Collect$$libinit$$00000032)
    __rt_lib_init_fp_1                       0x08000157   Thumb Code     0  libinit2.o(.ARM.Collect$$libinit$$00000002)
    __rt_lib_init_fp_trap_1                  0x08000157   Thumb Code     0  libinit2.o(.ARM.Collect$$libinit$$00000021)
    __rt_lib_init_getenv_1                   0x08000157   Thumb Code     0  libinit2.o(.ARM.Collect$$libinit$$00000025)
    __rt_lib_init_heap_1                     0x08000157   Thumb Code     0  libinit2.o(.ARM.Collect$$libinit$$0000000C)
    __rt_lib_init_lc_collate_1               0x08000157   Thumb Code     0  libinit2.o(.ARM.Collect$$libinit$$00000013)
    __rt_lib_init_lc_ctype_1                 0x08000157   Thumb Code     0  libinit2.o(.ARM.Collect$$libinit$$00000015)
    __rt_lib_init_lc_monetary_1              0x08000157   Thumb Code     0  libinit2.o(.ARM.Collect$$libinit$$00000017)
    __rt_lib_init_lc_numeric_1               0x08000157   Thumb Code     0  libinit2.o(.ARM.Collect$$libinit$$00000019)
    __rt_lib_init_lc_time_1                  0x08000157   Thumb Code     0  libinit2.o(.ARM.Collect$$libinit$$0000001B)
    __rt_lib_init_preinit_1                  0x08000157   Thumb Code     0  libinit2.o(.ARM.Collect$$libinit$$00000006)
    __rt_lib_init_rand_1                     0x08000157   Thumb Code     0  libinit2.o(.ARM.Collect$$libinit$$00000010)
    __rt_lib_init_relocate_pie_1             0x08000157   Thumb Code     0  libinit2.o(.ARM.Collect$$libinit$$00000004)
    __rt_lib_init_return                     0x08000157   Thumb Code     0  libinit2.o(.ARM.Collect$$libinit$$00000035)
    __rt_lib_init_signal_1                   0x08000157   Thumb Code     0  libinit2.o(.ARM.Collect$$libinit$$0000001F)
    __rt_lib_init_stdio_1                    0x08000157   Thumb Code     0  libinit2.o(.ARM.Collect$$libinit$$00000027)
    __rt_lib_init_user_alloc_1               0x08000157   Thumb Code     0  libinit2.o(.ARM.Collect$$libinit$$0000000E)
    __rt_lib_shutdown                        0x08000159   Thumb Code     0  libshutdown.o(.ARM.Collect$$libshutdown$$00000000)
    __rt_lib_shutdown_cpp_1                  0x0800015b   Thumb Code     0  libshutdown2.o(.ARM.Collect$$libshutdown$$00000002)
    __rt_lib_shutdown_fp_trap_1              0x0800015b   Thumb Code     0  libshutdown2.o(.ARM.Collect$$libshutdown$$00000007)
    __rt_lib_shutdown_heap_1                 0x0800015b   Thumb Code     0  libshutdown2.o(.ARM.Collect$$libshutdown$$0000000F)
    __rt_lib_shutdown_return                 0x0800015b   Thumb Code     0  libshutdown2.o(.ARM.Collect$$libshutdown$$00000010)
    __rt_lib_shutdown_signal_1               0x0800015b   Thumb Code     0  libshutdown2.o(.ARM.Collect$$libshutdown$$0000000A)
    __rt_lib_shutdown_stdio_1                0x0800015b   Thumb Code     0  libshutdown2.o(.ARM.Collect$$libshutdown$$00000004)
    __rt_lib_shutdown_user_alloc_1           0x0800015b   Thumb Code     0  libshutdown2.o(.ARM.Collect$$libshutdown$$0000000C)
    __rt_entry                               0x0800015d   Thumb Code     0  __rtentry.o(.ARM.Collect$$rtentry$$00000000)
    __rt_entry_presh_1                       0x0800015d   Thumb Code     0  __rtentry2.o(.ARM.Collect$$rtentry$$00000002)
    __rt_entry_sh                            0x0800015d   Thumb Code     0  __rtentry4.o(.ARM.Collect$$rtentry$$00000004)
    __rt_entry_li                            0x08000163   Thumb Code     0  __rtentry2.o(.ARM.Collect$$rtentry$$0000000A)
    __rt_entry_postsh_1                      0x08000163   Thumb Code     0  __rtentry2.o(.ARM.Collect$$rtentry$$00000009)
    __rt_entry_main                          0x08000167   Thumb Code     0  __rtentry2.o(.ARM.Collect$$rtentry$$0000000D)
    __rt_entry_postli_1                      0x08000167   Thumb Code     0  __rtentry2.o(.ARM.Collect$$rtentry$$0000000C)
    __rt_exit                                0x0800016f   Thumb Code     0  rtexit.o(.ARM.Collect$$rtexit$$00000000)
    __rt_exit_ls                             0x08000171   Thumb Code     0  rtexit2.o(.ARM.Collect$$rtexit$$00000003)
    __rt_exit_prels_1                        0x08000171   Thumb Code     0  rtexit2.o(.ARM.Collect$$rtexit$$00000002)
    __rt_exit_exit                           0x08000175   Thumb Code     0  rtexit2.o(.ARM.Collect$$rtexit$$00000004)
    Reset_Handler                            0x0800017d   Thumb Code     8  startup_stm32f091xc.o(.text)
    ADC1_COMP_IRQHandler                     0x0800018f   Thumb Code     0  startup_stm32f091xc.o(.text)
    CEC_CAN_IRQHandler                       0x0800018f   Thumb Code     0  startup_stm32f091xc.o(.text)
    DMA1_Ch1_IRQHandler                      0x0800018f   Thumb Code     0  startup_stm32f091xc.o(.text)
    EXTI0_1_IRQHandler                       0x0800018f   Thumb Code     0  startup_stm32f091xc.o(.text)
    EXTI2_3_IRQHandler                       0x0800018f   Thumb Code     0  startup_stm32f091xc.o(.text)
    EXTI4_15_IRQHandler                      0x0800018f   Thumb Code     0  startup_stm32f091xc.o(.text)
    FLASH_IRQHandler                         0x0800018f   Thumb Code     0  startup_stm32f091xc.o(.text)
    I2C1_IRQHandler                          0x0800018f   Thumb Code     0  startup_stm32f091xc.o(.text)
    I2C2_IRQHandler                          0x0800018f   Thumb Code     0  startup_stm32f091xc.o(.text)
    PVD_VDDIO2_IRQHandler                    0x0800018f   Thumb Code     0  startup_stm32f091xc.o(.text)
    RCC_CRS_IRQHandler                       0x0800018f   Thumb Code     0  startup_stm32f091xc.o(.text)
    RTC_IRQHandler                           0x0800018f   Thumb Code     0  startup_stm32f091xc.o(.text)
    SPI1_IRQHandler                          0x0800018f   Thumb Code     0  startup_stm32f091xc.o(.text)
    SPI2_IRQHandler                          0x0800018f   Thumb Code     0  startup_stm32f091xc.o(.text)
    TIM14_IRQHandler                         0x0800018f   Thumb Code     0  startup_stm32f091xc.o(.text)
    TIM15_IRQHandler                         0x0800018f   Thumb Code     0  startup_stm32f091xc.o(.text)
    TIM16_IRQHandler                         0x0800018f   Thumb Code     0  startup_stm32f091xc.o(.text)
    TIM17_IRQHandler                         0x0800018f   Thumb Code     0  startup_stm32f091xc.o(.text)
    TIM1_BRK_UP_TRG_COM_IRQHandler           0x0800018f   Thumb Code     0  startup_stm32f091xc.o(.text)
    TIM1_CC_IRQHandler                       0x0800018f   Thumb Code     0  startup_stm32f091xc.o(.text)
    TIM2_IRQHandler                          0x0800018f   Thumb Code     0  startup_stm32f091xc.o(.text)
    TIM3_IRQHandler                          0x0800018f   Thumb Code     0  startup_stm32f091xc.o(.text)
    TIM6_DAC_IRQHandler                      0x0800018f   Thumb Code     0  startup_stm32f091xc.o(.text)
    TIM7_IRQHandler                          0x0800018f   Thumb Code     0  startup_stm32f091xc.o(.text)
    TSC_IRQHandler                           0x0800018f   Thumb Code     0  startup_stm32f091xc.o(.text)
    USART1_IRQHandler                        0x0800018f   Thumb Code     0  startup_stm32f091xc.o(.text)
    USART2_IRQHandler                        0x0800018f   Thumb Code     0  startup_stm32f091xc.o(.text)
    USART3_8_IRQHandler                      0x0800018f   Thumb Code     0  startup_stm32f091xc.o(.text)
    WWDG_IRQHandler                          0x0800018f   Thumb Code     0  startup_stm32f091xc.o(.text)
    __user_initial_stackheap                 0x08000191   Thumb Code     0  startup_stm32f091xc.o(.text)
    _memset_w                                0x080001b5   Thumb Code    26  rt_memclr.o(.text)
    _memset                                  0x080001cf   Thumb Code    30  rt_memclr.o(.text)
    __aeabi_memclr                           0x080001ed   Thumb Code     4  rt_memclr.o(.text)
    __rt_memclr                              0x080001ed   Thumb Code     0  rt_memclr.o(.text)
    __aeabi_memclr4                          0x080001f1   Thumb Code     0  rt_memclr.o(.text)
    __aeabi_memclr8                          0x080001f1   Thumb Code     0  rt_memclr.o(.text)
    __rt_memclr_w                            0x080001f1   Thumb Code     4  rt_memclr.o(.text)
    __use_two_region_memory                  0x080001f5   Thumb Code     2  heapauxi.o(.text)
    __rt_heap_escrow$2region                 0x080001f7   Thumb Code     2  heapauxi.o(.text)
    __rt_heap_expand$2region                 0x080001f9   Thumb Code     2  heapauxi.o(.text)
    __aeabi_d2f                              0x080001fd   Thumb Code     0  d2f.o(.text)
    _d2f                                     0x080001fd   Thumb Code   120  d2f.o(.text)
    __aeabi_dadd                             0x08000571   Thumb Code     0  daddsub.o(.text)
    _dadd                                    0x08000571   Thumb Code    26  daddsub.o(.text)
    __aeabi_dsub                             0x0800058b   Thumb Code     0  daddsub.o(.text)
    _dsub                                    0x0800058b   Thumb Code    22  daddsub.o(.text)
    __aeabi_drsub                            0x080005a1   Thumb Code     0  daddsub.o(.text)
    _drsb                                    0x080005a1   Thumb Code    28  daddsub.o(.text)
    __aeabi_ddiv                             0x080005d1   Thumb Code     0  ddiv.o(.text)
    _ddiv                                    0x080005d1   Thumb Code  1072  ddiv.o(.text)
    _drdiv                                   0x08000a01   Thumb Code    20  ddiv.o(.text)
    __aeabi_i2d_normalise                    0x08000a19   Thumb Code    66  dflti.o(.text)
    __aeabi_i2d                              0x08000a5b   Thumb Code    16  dflti.o(.text)
    _dflt                                    0x08000a5b   Thumb Code     0  dflti.o(.text)
    __aeabi_ui2d                             0x08000a6b   Thumb Code     6  dflti.o(.text)
    _dfltu                                   0x08000a6b   Thumb Code     0  dflti.o(.text)
    __aeabi_dmul                             0x08000a71   Thumb Code     0  dmul.o(.text)
    _dmul                                    0x08000a71   Thumb Code   558  dmul.o(.text)
    __aeabi_f2d                              0x08000cb9   Thumb Code     0  f2d.o(.text)
    _f2d                                     0x08000cb9   Thumb Code    80  f2d.o(.text)
    __aeabi_f2iz                             0x08000d0d   Thumb Code     0  ffixi.o(.text)
    _ffix                                    0x08000d0d   Thumb Code    76  ffixi.o(.text)
    __read_errno                             0x08000d59   Thumb Code    10  _rserrno.o(.text)
    __set_errno                              0x08000d63   Thumb Code    12  _rserrno.o(.text)
    _frnd                                    0x08000d71   Thumb Code   122  frnd.o(.text)
    __aeabi_errno_addr                       0x08000df1   Thumb Code     8  rt_errno_addr_intlibspace.o(.text)
    __errno$intlibspace                      0x08000df1   Thumb Code     0  rt_errno_addr_intlibspace.o(.text)
    __rt_errno_addr$intlibspace              0x08000df1   Thumb Code     0  rt_errno_addr_intlibspace.o(.text)
    __aeabi_fdiv                             0x08000df9   Thumb Code     0  fdiv.o(.text)
    _fdiv                                    0x08000df9   Thumb Code   334  fdiv.o(.text)
    _frdiv                                   0x08000f47   Thumb Code     8  fdiv.o(.text)
    __aeabi_i2f_normalise                    0x08000f59   Thumb Code    72  fflti.o(.text)
    __aeabi_i2f                              0x08000fa1   Thumb Code    16  fflti.o(.text)
    _fflt                                    0x08000fa1   Thumb Code     0  fflti.o(.text)
    __aeabi_ui2f                             0x08000fb1   Thumb Code     6  fflti.o(.text)
    _ffltu                                   0x08000fb1   Thumb Code     0  fflti.o(.text)
    __ARM_scalbnf                            0x08000fb9   Thumb Code    64  fscalbn.o(.text)
    __user_libspace                          0x08000ffd   Thumb Code     8  libspace.o(.text)
    __user_perproc_libspace                  0x08000ffd   Thumb Code     0  libspace.o(.text)
    __user_perthread_libspace                0x08000ffd   Thumb Code     0  libspace.o(.text)
    __user_setup_stackheap                   0x08001005   Thumb Code    62  sys_stackheap_outer.o(.text)
    exit                                     0x08001043   Thumb Code    16  exit.o(.text)
    _sys_exit                                0x08001055   Thumb Code     8  sys_exit.o(.text)
    __I$use$semihosting                      0x08001061   Thumb Code     0  use_no_semi.o(.text)
    __use_no_semihosting_swi                 0x08001061   Thumb Code     2  use_no_semi.o(.text)
    __semihosting_library_function           0x08001063   Thumb Code     0  indicate_semi.o(.text)
    DAC_DMAConvCpltCh2                       0x08001073   Thumb Code    16  stm32f0xx_hal_dac_ex.o(.text.DAC_DMAConvCpltCh2)
    DAC_DMAErrorCh2                          0x0800109b   Thumb Code    24  stm32f0xx_hal_dac_ex.o(.text.DAC_DMAErrorCh2)
    DAC_DMAHalfConvCpltCh2                   0x080010bd   Thumb Code    10  stm32f0xx_hal_dac_ex.o(.text.DAC_DMAHalfConvCpltCh2)
    DMA1_Ch2_3_DMA2_Ch1_2_IRQHandler         0x080010c9   Thumb Code    12  stm32f0xx_it.o(.text.DMA1_Ch2_3_DMA2_Ch1_2_IRQHandler)
    DMA1_Ch4_7_DMA2_Ch3_5_IRQHandler         0x080010d5   Thumb Code    12  stm32f0xx_it.o(.text.DMA1_Ch4_7_DMA2_Ch3_5_IRQHandler)
    Error_Handler                            0x080010e1   Thumb Code     8  main.o(.text.Error_Handler)
    HAL_COMP_Init                            0x080010e9   Thumb Code   132  stm32f0xx_hal_comp.o(.text.HAL_COMP_Init)
    HAL_COMP_MspInit                         0x08001175   Thumb Code   132  stm32f0xx_hal_msp.o(.text.HAL_COMP_MspInit)
    HAL_COMP_Start                           0x080011fd   Thumb Code    52  stm32f0xx_hal_comp.o(.text.HAL_COMP_Start)
    HAL_DACEx_ConvCpltCallbackCh2            0x08001235   Thumb Code     2  stm32f0xx_hal_dac_ex.o(.text.HAL_DACEx_ConvCpltCallbackCh2)
    HAL_DACEx_ConvHalfCpltCallbackCh2        0x08001237   Thumb Code     2  stm32f0xx_hal_dac_ex.o(.text.HAL_DACEx_ConvHalfCpltCallbackCh2)
    HAL_DACEx_ErrorCallbackCh2               0x08001239   Thumb Code     2  stm32f0xx_hal_dac_ex.o(.text.HAL_DACEx_ErrorCallbackCh2)
    HAL_DAC_ConfigChannel                    0x0800123d   Thumb Code    52  stm32f0xx_hal_dac_ex.o(.text.HAL_DAC_ConfigChannel)
    HAL_DAC_ConvCpltCallbackCh1              0x08001275   Thumb Code     2  stm32f0xx_hal_dac.o(.text.HAL_DAC_ConvCpltCallbackCh1)
    HAL_DAC_ConvHalfCpltCallbackCh1          0x08001277   Thumb Code     2  stm32f0xx_hal_dac.o(.text.HAL_DAC_ConvHalfCpltCallbackCh1)
    HAL_DAC_ErrorCallbackCh1                 0x08001279   Thumb Code     2  stm32f0xx_hal_dac.o(.text.HAL_DAC_ErrorCallbackCh1)
    HAL_DAC_GetState                         0x0800127b   Thumb Code     4  stm32f0xx_hal_dac.o(.text.HAL_DAC_GetState)
    HAL_DAC_Init                             0x0800127f   Thumb Code    42  stm32f0xx_hal_dac.o(.text.HAL_DAC_Init)
    HAL_DAC_MspInit                          0x080012a9   Thumb Code   232  stm32f0xx_hal_msp.o(.text.HAL_DAC_MspInit)
    HAL_DAC_Start_DMA                        0x080013a5   Thumb Code   200  stm32f0xx_hal_dac_ex.o(.text.HAL_DAC_Start_DMA)
    HAL_DMA_IRQHandler                       0x08001485   Thumb Code   212  stm32f0xx_hal_dma.o(.text.HAL_DMA_IRQHandler)
    HAL_DMA_Init                             0x08001559   Thumb Code   132  stm32f0xx_hal_dma.o(.text.HAL_DMA_Init)
    HAL_DMA_Start_IT                         0x080015f1   Thumb Code   130  stm32f0xx_hal_dma.o(.text.HAL_DMA_Start_IT)
    HAL_GPIO_Init                            0x08001675   Thumb Code   384  stm32f0xx_hal_gpio.o(.text.HAL_GPIO_Init)
    HAL_GPIO_WritePin                        0x08001801   Thumb Code    16  stm32f0xx_hal_gpio.o(.text.HAL_GPIO_WritePin)
    HAL_GetTick                              0x08001811   Thumb Code     8  stm32f0xx_hal.o(.text.HAL_GetTick)
    HAL_IncTick                              0x08001819   Thumb Code    16  stm32f0xx_hal.o(.text.HAL_IncTick)
    HAL_Init                                 0x0800182d   Thumb Code    28  stm32f0xx_hal.o(.text.HAL_Init)
    HAL_InitTick                             0x08001849   Thumb Code    60  stm32f0xx_hal.o(.text.HAL_InitTick)
    HAL_MspInit                              0x08001889   Thumb Code    40  stm32f0xx_hal_msp.o(.text.HAL_MspInit)
    HAL_NVIC_EnableIRQ                       0x080018b5   Thumb Code    20  stm32f0xx_hal_cortex.o(.text.HAL_NVIC_EnableIRQ)
    HAL_NVIC_SetPriority                     0x080018cd   Thumb Code    48  stm32f0xx_hal_cortex.o(.text.HAL_NVIC_SetPriority)
    HAL_RCC_ClockConfig                      0x08001905   Thumb Code   344  stm32f0xx_hal_rcc.o(.text.HAL_RCC_ClockConfig)
    HAL_RCC_OscConfig                        0x08001a81   Thumb Code  1184  stm32f0xx_hal_rcc.o(.text.HAL_RCC_OscConfig)
    HAL_SYSTICK_Config                       0x08001f29   Thumb Code    40  stm32f0xx_hal_cortex.o(.text.HAL_SYSTICK_Config)
    HAL_TIMEx_MasterConfigSynchronization    0x08001f5d   Thumb Code    92  stm32f0xx_hal_tim_ex.o(.text.HAL_TIMEx_MasterConfigSynchronization)
    HAL_TIM_Base_Init                        0x08001fb9   Thumb Code   224  stm32f0xx_hal_tim.o(.text.HAL_TIM_Base_Init)
    HAL_TIM_Base_MspInit                     0x080020ad   Thumb Code    36  stm32f0xx_hal_msp.o(.text.HAL_TIM_Base_MspInit)
    HAL_TIM_Base_Start                       0x080020d5   Thumb Code    80  stm32f0xx_hal_tim.o(.text.HAL_TIM_Base_Start)
    HAL_TIM_ConfigClockSource                0x08002135   Thumb Code   344  stm32f0xx_hal_tim.o(.text.HAL_TIM_ConfigClockSource)
    HardFault_Handler                        0x08002291   Thumb Code     2  stm32f0xx_it.o(.text.HardFault_Handler)
    NMI_Handler                              0x08002293   Thumb Code     2  stm32f0xx_it.o(.text.NMI_Handler)
    PendSV_Handler                           0x08002295   Thumb Code     2  stm32f0xx_it.o(.text.PendSV_Handler)
    SVC_Handler                              0x08002297   Thumb Code     2  stm32f0xx_it.o(.text.SVC_Handler)
    SysTick_Handler                          0x08002299   Thumb Code     8  stm32f0xx_it.o(.text.SysTick_Handler)
    SystemInit                               0x080022a1   Thumb Code     2  system_stm32f0xx.o(.text.SystemInit)
    main                                     0x080022a5   Thumb Code   448  main.o(.text.main)
    mainCode                                 0x08002475   Thumb Code   716  telecommunication.o(.text.mainCode)
    __aeabi_uidiv                            0x08002781   Thumb Code    68  aeabi_sdivfast.o(.text_divfast)
    __aeabi_idiv                             0x080027c5   Thumb Code   434  aeabi_sdivfast.o(.text_divfast)
    __ARM_common_ll_muluu                    0x08002977   Thumb Code    50  rredf.o(i.__ARM_common_ll_muluu)
    __ARM_fpclassifyf                        0x080029a9   Thumb Code    34  fpclassifyf.o(i.__ARM_fpclassifyf)
    __mathlib_flt_infnan                     0x080029cb   Thumb Code    10  funder.o(i.__mathlib_flt_infnan)
    __mathlib_flt_invalid                    0x080029d5   Thumb Code    12  funder.o(i.__mathlib_flt_invalid)
    __mathlib_flt_underflow                  0x080029e1   Thumb Code    14  funder.o(i.__mathlib_flt_underflow)
    __mathlib_rredf2                         0x080029f1   Thumb Code   366  rredf.o(i.__mathlib_rredf2)
    sinf                                     0x08002b71   Thumb Code   330  sinf.o(i.sinf)
    __aeabi_fadd                             0x08002cf5   Thumb Code     0  faddsub.o(x$fpl$fadd)
    _fadd                                    0x08002cf5   Thumb Code   134  faddsub.o(x$fpl$fadd)
    __aeabi_fmul                             0x08002d81   Thumb Code     0  fmul.o(x$fpl$fmul)
    _fmul                                    0x08002d81   Thumb Code   172  fmul.o(x$fpl$fmul)
    __aeabi_frsub                            0x08002e31   Thumb Code     0  faddsub.o(x$fpl$frsb)
    _frsb                                    0x08002e31   Thumb Code    24  faddsub.o(x$fpl$frsb)
    __aeabi_fsub                             0x08002e49   Thumb Code     0  faddsub.o(x$fpl$fsub)
    _fsub                                    0x08002e49   Thumb Code   204  faddsub.o(x$fpl$fsub)
    __I$use$fp                               0x08002f18   Number         0  usenofp.o(x$fpl$usenofp)
    AHBPrescTable                            0x08002ff8   Data          16  system_stm32f0xx.o(.rodata.AHBPrescTable)
    Region$$Table$$Base                      0x08003028   Number         0  anon$$obj.o(Region$$Table)
    Region$$Table$$Limit                     0x08003048   Number         0  anon$$obj.o(Region$$Table)
    uwTickFreq                               0x20000000   Data           1  stm32f0xx_hal.o(.data..L_MergedGlobals)
    uwTickPrio                               0x20000004   Data           4  stm32f0xx_hal.o(.data..L_MergedGlobals)
    SystemCoreClock                          0x20000008   Data           4  system_stm32f0xx.o(.data.SystemCoreClock)
    __libspace_start                         0x20000010   Data          96  libspace.o(.bss)
    __temporary_stack_top$libspace           0x20000070   Data           0  libspace.o(.bss)
    i                                        0x20000070   Data           1  telecommunication.o(.bss..L_MergedGlobals)
    txData                                   0x20000071   Data           1  telecommunication.o(.bss..L_MergedGlobals)
    txSymbol                                 0x20000072   Data           1  telecommunication.o(.bss..L_MergedGlobals)
    symbolValue                              0x20000074   Data           4  telecommunication.o(.bss..L_MergedGlobals)
    hdac                                     0x20000078   Data          20  main.o(.bss..L_MergedGlobals)
    hcomp1                                   0x2000008c   Data          48  main.o(.bss..L_MergedGlobals)
    hcomp2                                   0x200000bc   Data          48  main.o(.bss..L_MergedGlobals)
    clock                                    0x200000ec   Data         500  telecommunication.o(.bss.clock)
    hdma_dac_ch1                             0x200002e0   Data          68  main.o(.bss.hdma_dac_ch1)
    hdma_dac_ch2                             0x20000324   Data          68  main.o(.bss.hdma_dac_ch2)
    htim2                                    0x20000368   Data          72  main.o(.bss.htim2)
    symbols                                  0x200003b0   Data        1000  telecommunication.o(.bss.symbols)
    uwTick                                   0x20000798   Data           4  stm32f0xx_hal.o(.bss.uwTick)



==============================================================================

Memory Map of the image

  Image Entry point : 0x080000bd

  Load Region LR_IROM1 (Base: 0x08000000, Size: 0x00003058, Max: 0x00040000, ABSOLUTE)

    Execution Region ER_IROM1 (Exec base: 0x08000000, Load base: 0x08000000, Size: 0x00003048, Max: 0x00040000, ABSOLUTE)

    Exec Addr    Load Addr    Size         Type   Attr      Idx    E Section Name        Object

    0x08000000   0x08000000   0x000000bc   Data   RO            3    RESET               startup_stm32f091xc.o
    0x080000bc   0x080000bc   0x00000008   Code   RO         1087  * !!!main             c_p.l(__main.o)
    0x080000c4   0x080000c4   0x00000054   Code   RO         1329    !!!scatter          c_p.l(__scatter.o)
    0x08000118   0x08000118   0x0000001a   Code   RO         1333    !!handler_copy      c_p.l(__scatter_copy.o)
    0x08000132   0x08000132   0x00000002   PAD
    0x08000134   0x08000134   0x00000002   Code   RO         1330    !!handler_null      c_p.l(__scatter.o)
    0x08000136   0x08000136   0x00000002   PAD
    0x08000138   0x08000138   0x0000001c   Code   RO         1335    !!handler_zi        c_p.l(__scatter_zi.o)
    0x08000154   0x08000154   0x00000002   Code   RO         1193    .ARM.Collect$$libinit$$00000000  c_p.l(libinit.o)
    0x08000156   0x08000156   0x00000000   Code   RO         1204    .ARM.Collect$$libinit$$00000002  c_p.l(libinit2.o)
    0x08000156   0x08000156   0x00000000   Code   RO         1206    .ARM.Collect$$libinit$$00000004  c_p.l(libinit2.o)
    0x08000156   0x08000156   0x00000000   Code   RO         1208    .ARM.Collect$$libinit$$00000006  c_p.l(libinit2.o)
    0x08000156   0x08000156   0x00000000   Code   RO         1211    .ARM.Collect$$libinit$$0000000C  c_p.l(libinit2.o)
    0x08000156   0x08000156   0x00000000   Code   RO         1213    .ARM.Collect$$libinit$$0000000E  c_p.l(libinit2.o)
    0x08000156   0x08000156   0x00000000   Code   RO         1215    .ARM.Collect$$libinit$$00000010  c_p.l(libinit2.o)
    0x08000156   0x08000156   0x00000000   Code   RO         1218    .ARM.Collect$$libinit$$00000013  c_p.l(libinit2.o)
    0x08000156   0x08000156   0x00000000   Code   RO         1220    .ARM.Collect$$libinit$$00000015  c_p.l(libinit2.o)
    0x08000156   0x08000156   0x00000000   Code   RO         1222    .ARM.Collect$$libinit$$00000017  c_p.l(libinit2.o)
    0x08000156   0x08000156   0x00000000   Code   RO         1224    .ARM.Collect$$libinit$$00000019  c_p.l(libinit2.o)
    0x08000156   0x08000156   0x00000000   Code   RO         1226    .ARM.Collect$$libinit$$0000001B  c_p.l(libinit2.o)
    0x08000156   0x08000156   0x00000000   Code   RO         1228    .ARM.Collect$$libinit$$0000001D  c_p.l(libinit2.o)
    0x08000156   0x08000156   0x00000000   Code   RO         1230    .ARM.Collect$$libinit$$0000001F  c_p.l(libinit2.o)
    0x08000156   0x08000156   0x00000000   Code   RO         1232    .ARM.Collect$$libinit$$00000021  c_p.l(libinit2.o)
    0x08000156   0x08000156   0x00000000   Code   RO         1234    .ARM.Collect$$libinit$$00000023  c_p.l(libinit2.o)
    0x08000156   0x08000156   0x00000000   Code   RO         1236    .ARM.Collect$$libinit$$00000025  c_p.l(libinit2.o)
    0x08000156   0x08000156   0x00000000   Code   RO         1238    .ARM.Collect$$libinit$$00000027  c_p.l(libinit2.o)
    0x08000156   0x08000156   0x00000000   Code   RO         1242    .ARM.Collect$$libinit$$0000002E  c_p.l(libinit2.o)
    0x08000156   0x08000156   0x00000000   Code   RO         1244    .ARM.Collect$$libinit$$00000030  c_p.l(libinit2.o)
    0x08000156   0x08000156   0x00000000   Code   RO         1246    .ARM.Collect$$libinit$$00000032  c_p.l(libinit2.o)
    0x08000156   0x08000156   0x00000000   Code   RO         1248    .ARM.Collect$$libinit$$00000034  c_p.l(libinit2.o)
    0x08000156   0x08000156   0x00000002   Code   RO         1249    .ARM.Collect$$libinit$$00000035  c_p.l(libinit2.o)
    0x08000158   0x08000158   0x00000002   Code   RO         1284    .ARM.Collect$$libshutdown$$00000000  c_p.l(libshutdown.o)
    0x0800015a   0x0800015a   0x00000000   Code   RO         1312    .ARM.Collect$$libshutdown$$00000002  c_p.l(libshutdown2.o)
    0x0800015a   0x0800015a   0x00000000   Code   RO         1314    .ARM.Collect$$libshutdown$$00000004  c_p.l(libshutdown2.o)
    0x0800015a   0x0800015a   0x00000000   Code   RO         1317    .ARM.Collect$$libshutdown$$00000007  c_p.l(libshutdown2.o)
    0x0800015a   0x0800015a   0x00000000   Code   RO         1320    .ARM.Collect$$libshutdown$$0000000A  c_p.l(libshutdown2.o)
    0x0800015a   0x0800015a   0x00000000   Code   RO         1322    .ARM.Collect$$libshutdown$$0000000C  c_p.l(libshutdown2.o)
    0x0800015a   0x0800015a   0x00000000   Code   RO         1325    .ARM.Collect$$libshutdown$$0000000F  c_p.l(libshutdown2.o)
    0x0800015a   0x0800015a   0x00000002   Code   RO         1326    .ARM.Collect$$libshutdown$$00000010  c_p.l(libshutdown2.o)
    0x0800015c   0x0800015c   0x00000000   Code   RO         1110    .ARM.Collect$$rtentry$$00000000  c_p.l(__rtentry.o)
    0x0800015c   0x0800015c   0x00000000   Code   RO         1148    .ARM.Collect$$rtentry$$00000002  c_p.l(__rtentry2.o)
    0x0800015c   0x0800015c   0x00000006   Code   RO         1160    .ARM.Collect$$rtentry$$00000004  c_p.l(__rtentry4.o)
    0x08000162   0x08000162   0x00000000   Code   RO         1150    .ARM.Collect$$rtentry$$00000009  c_p.l(__rtentry2.o)
    0x08000162   0x08000162   0x00000004   Code   RO         1151    .ARM.Collect$$rtentry$$0000000A  c_p.l(__rtentry2.o)
    0x08000166   0x08000166   0x00000000   Code   RO         1153    .ARM.Collect$$rtentry$$0000000C  c_p.l(__rtentry2.o)
    0x08000166   0x08000166   0x00000008   Code   RO         1154    .ARM.Collect$$rtentry$$0000000D  c_p.l(__rtentry2.o)
    0x0800016e   0x0800016e   0x00000002   Code   RO         1195    .ARM.Collect$$rtexit$$00000000  c_p.l(rtexit.o)
    0x08000170   0x08000170   0x00000000   Code   RO         1255    .ARM.Collect$$rtexit$$00000002  c_p.l(rtexit2.o)
    0x08000170   0x08000170   0x00000004   Code   RO         1256    .ARM.Collect$$rtexit$$00000003  c_p.l(rtexit2.o)
    0x08000174   0x08000174   0x00000006   Code   RO         1257    .ARM.Collect$$rtexit$$00000004  c_p.l(rtexit2.o)
    0x0800017a   0x0800017a   0x00000002   PAD
    0x0800017c   0x0800017c   0x00000038   Code   RO            4    .text               startup_stm32f091xc.o
    0x080001b4   0x080001b4   0x00000040   Code   RO         1075    .text               c_p.l(rt_memclr.o)
    0x080001f4   0x080001f4   0x00000006   Code   RO         1085    .text               c_p.l(heapauxi.o)
    0x080001fa   0x080001fa   0x00000002   PAD
    0x080001fc   0x080001fc   0x0000007c   Code   RO         1089    .text               fz_ps.l(d2f.o)
    0x08000278   0x08000278   0x00000358   Code   RO         1091    .text               fz_ps.l(daddsub.o)
    0x080005d0   0x080005d0   0x00000448   Code   RO         1093    .text               fz_ps.l(ddiv.o)
    0x08000a18   0x08000a18   0x00000058   Code   RO         1096    .text               fz_ps.l(dflti.o)
    0x08000a70   0x08000a70   0x00000248   Code   RO         1098    .text               fz_ps.l(dmul.o)
    0x08000cb8   0x08000cb8   0x00000054   Code   RO         1100    .text               fz_ps.l(f2d.o)
    0x08000d0c   0x08000d0c   0x0000004c   Code   RO         1102    .text               fz_ps.l(ffixi.o)
    0x08000d58   0x08000d58   0x00000016   Code   RO         1115    .text               c_p.l(_rserrno.o)
    0x08000d6e   0x08000d6e   0x00000002   PAD
    0x08000d70   0x08000d70   0x00000080   Code   RO         1123    .text               fz_ps.l(frnd.o)
    0x08000df0   0x08000df0   0x00000008   Code   RO         1167    .text               c_p.l(rt_errno_addr_intlibspace.o)
    0x08000df8   0x08000df8   0x00000160   Code   RO         1169    .text               fz_ps.l(fdiv.o)
    0x08000f58   0x08000f58   0x0000005e   Code   RO         1172    .text               fz_ps.l(fflti.o)
    0x08000fb6   0x08000fb6   0x00000002   PAD
    0x08000fb8   0x08000fb8   0x00000044   Code   RO         1174    .text               fz_ps.l(fscalbn.o)
    0x08000ffc   0x08000ffc   0x00000008   Code   RO         1176    .text               c_p.l(libspace.o)
    0x08001004   0x08001004   0x0000003e   Code   RO         1179    .text               c_p.l(sys_stackheap_outer.o)
    0x08001042   0x08001042   0x00000010   Code   RO         1182    .text               c_p.l(exit.o)
    0x08001052   0x08001052   0x00000002   PAD
    0x08001054   0x08001054   0x0000000c   Code   RO         1250    .text               c_p.l(sys_exit.o)
    0x08001060   0x08001060   0x00000002   Code   RO         1273    .text               c_p.l(use_no_semi.o)
    0x08001062   0x08001062   0x00000000   Code   RO         1275    .text               c_p.l(indicate_semi.o)
    0x08001062   0x08001062   0x00000010   Code   RO          700    .text.DAC_DMAConvCpltCh1  stm32f0xx_hal_dac_ex.o
    0x08001072   0x08001072   0x00000010   Code   RO          706    .text.DAC_DMAConvCpltCh2  stm32f0xx_hal_dac_ex.o
    0x08001082   0x08001082   0x00000018   Code   RO          704    .text.DAC_DMAErrorCh1  stm32f0xx_hal_dac_ex.o
    0x0800109a   0x0800109a   0x00000018   Code   RO          710    .text.DAC_DMAErrorCh2  stm32f0xx_hal_dac_ex.o
    0x080010b2   0x080010b2   0x0000000a   Code   RO          702    .text.DAC_DMAHalfConvCpltCh1  stm32f0xx_hal_dac_ex.o
    0x080010bc   0x080010bc   0x0000000a   Code   RO          708    .text.DAC_DMAHalfConvCpltCh2  stm32f0xx_hal_dac_ex.o
    0x080010c6   0x080010c6   0x00000002   PAD
    0x080010c8   0x080010c8   0x0000000c   Code   RO           55    .text.DMA1_Ch2_3_DMA2_Ch1_2_IRQHandler  stm32f0xx_it.o
    0x080010d4   0x080010d4   0x0000000c   Code   RO           57    .text.DMA1_Ch4_7_DMA2_Ch3_5_IRQHandler  stm32f0xx_it.o
    0x080010e0   0x080010e0   0x00000008   Code   RO           30    .text.Error_Handler  main.o
    0x080010e8   0x080010e8   0x0000008c   Code   RO           88    .text.HAL_COMP_Init  stm32f0xx_hal_comp.o
    0x08001174   0x08001174   0x00000088   Code   RO           68    .text.HAL_COMP_MspInit  stm32f0xx_hal_msp.o
    0x080011fc   0x080011fc   0x00000038   Code   RO           96    .text.HAL_COMP_Start  stm32f0xx_hal_comp.o
    0x08001234   0x08001234   0x00000002   Code   RO          716    .text.HAL_DACEx_ConvCpltCallbackCh2  stm32f0xx_hal_dac_ex.o
    0x08001236   0x08001236   0x00000002   Code   RO          718    .text.HAL_DACEx_ConvHalfCpltCallbackCh2  stm32f0xx_hal_dac_ex.o
    0x08001238   0x08001238   0x00000002   Code   RO          720    .text.HAL_DACEx_ErrorCallbackCh2  stm32f0xx_hal_dac_ex.o
    0x0800123a   0x0800123a   0x00000002   PAD
    0x0800123c   0x0800123c   0x00000038   Code   RO          692    .text.HAL_DAC_ConfigChannel  stm32f0xx_hal_dac_ex.o
    0x08001274   0x08001274   0x00000002   Code   RO          668    .text.HAL_DAC_ConvCpltCallbackCh1  stm32f0xx_hal_dac.o
    0x08001276   0x08001276   0x00000002   Code   RO          670    .text.HAL_DAC_ConvHalfCpltCallbackCh1  stm32f0xx_hal_dac.o
    0x08001278   0x08001278   0x00000002   Code   RO          672    .text.HAL_DAC_ErrorCallbackCh1  stm32f0xx_hal_dac.o
    0x0800127a   0x0800127a   0x00000004   Code   RO          680    .text.HAL_DAC_GetState  stm32f0xx_hal_dac.o
    0x0800127e   0x0800127e   0x0000002a   Code   RO          648    .text.HAL_DAC_Init  stm32f0xx_hal_dac.o
    0x080012a8   0x080012a8   0x000000fc   Code   RO           72    .text.HAL_DAC_MspInit  stm32f0xx_hal_msp.o
    0x080013a4   0x080013a4   0x000000e0   Code   RO          698    .text.HAL_DAC_Start_DMA  stm32f0xx_hal_dac_ex.o
    0x08001484   0x08001484   0x000000d4   Code   RO          459    .text.HAL_DMA_IRQHandler  stm32f0xx_hal_dma.o
    0x08001558   0x08001558   0x00000098   Code   RO          445    .text.HAL_DMA_Init  stm32f0xx_hal_dma.o
    0x080015f0   0x080015f0   0x00000082   Code   RO          451    .text.HAL_DMA_Start_IT  stm32f0xx_hal_dma.o
    0x08001672   0x08001672   0x00000002   PAD
    0x08001674   0x08001674   0x0000018c   Code   RO          421    .text.HAL_GPIO_Init  stm32f0xx_hal_gpio.o
    0x08001800   0x08001800   0x00000010   Code   RO          427    .text.HAL_GPIO_WritePin  stm32f0xx_hal_gpio.o
    0x08001810   0x08001810   0x00000008   Code   RO          203    .text.HAL_GetTick   stm32f0xx_hal.o
    0x08001818   0x08001818   0x00000014   Code   RO          201    .text.HAL_IncTick   stm32f0xx_hal.o
    0x0800182c   0x0800182c   0x0000001c   Code   RO          191    .text.HAL_Init      stm32f0xx_hal.o
    0x08001848   0x08001848   0x00000040   Code   RO          193    .text.HAL_InitTick  stm32f0xx_hal.o
    0x08001888   0x08001888   0x0000002c   Code   RO           66    .text.HAL_MspInit   stm32f0xx_hal_msp.o
    0x080018b4   0x080018b4   0x00000018   Code   RO          479    .text.HAL_NVIC_EnableIRQ  stm32f0xx_hal_cortex.o
    0x080018cc   0x080018cc   0x00000038   Code   RO          477    .text.HAL_NVIC_SetPriority  stm32f0xx_hal_cortex.o
    0x08001904   0x08001904   0x0000017c   Code   RO          128    .text.HAL_RCC_ClockConfig  stm32f0xx_hal_rcc.o
    0x08001a80   0x08001a80   0x000004a8   Code   RO          126    .text.HAL_RCC_OscConfig  stm32f0xx_hal_rcc.o
    0x08001f28   0x08001f28   0x00000034   Code   RO          485    .text.HAL_SYSTICK_Config  stm32f0xx_hal_cortex.o
    0x08001f5c   0x08001f5c   0x0000005c   Code   RO         1033    .text.HAL_TIMEx_MasterConfigSynchronization  stm32f0xx_hal_tim_ex.o
    0x08001fb8   0x08001fb8   0x000000f4   Code   RO          738    .text.HAL_TIM_Base_Init  stm32f0xx_hal_tim.o
    0x080020ac   0x080020ac   0x00000028   Code   RO           76    .text.HAL_TIM_Base_MspInit  stm32f0xx_hal_msp.o
    0x080020d4   0x080020d4   0x00000060   Code   RO          748    .text.HAL_TIM_Base_Start  stm32f0xx_hal_tim.o
    0x08002134   0x08002134   0x0000015c   Code   RO          918    .text.HAL_TIM_ConfigClockSource  stm32f0xx_hal_tim.o
    0x08002290   0x08002290   0x00000002   Code   RO           47    .text.HardFault_Handler  stm32f0xx_it.o
    0x08002292   0x08002292   0x00000002   Code   RO           45    .text.NMI_Handler   stm32f0xx_it.o
    0x08002294   0x08002294   0x00000002   Code   RO           51    .text.PendSV_Handler  stm32f0xx_it.o
    0x08002296   0x08002296   0x00000002   Code   RO           49    .text.SVC_Handler   stm32f0xx_it.o
    0x08002298   0x08002298   0x00000008   Code   RO           53    .text.SysTick_Handler  stm32f0xx_it.o
    0x080022a0   0x080022a0   0x00000002   Code   RO         1057    .text.SystemInit    system_stm32f0xx.o
    0x080022a2   0x080022a2   0x00000002   PAD
    0x080022a4   0x080022a4   0x000001d0   Code   RO           26    .text.main          main.o
    0x08002474   0x08002474   0x0000030c   Code   RO           11    .text.mainCode      telecommunication.o
    0x08002780   0x08002780   0x000001f6   Code   RO         1078    .text_divfast       c_p.l(aeabi_sdivfast.o)
    0x08002976   0x08002976   0x00000032   Code   RO         1145    i.__ARM_common_ll_muluu  m_ps.l(rredf.o)
    0x080029a8   0x080029a8   0x00000022   Code   RO         1126    i.__ARM_fpclassifyf  m_ps.l(fpclassifyf.o)
    0x080029ca   0x080029ca   0x0000000a   Code   RO         1129    i.__mathlib_flt_infnan  m_ps.l(funder.o)
    0x080029d4   0x080029d4   0x0000000c   Code   RO         1131    i.__mathlib_flt_invalid  m_ps.l(funder.o)
    0x080029e0   0x080029e0   0x0000000e   Code   RO         1134    i.__mathlib_flt_underflow  m_ps.l(funder.o)
    0x080029ee   0x080029ee   0x00000002   PAD
    0x080029f0   0x080029f0   0x00000180   Code   RO         1142    i.__mathlib_rredf2  m_ps.l(rredf.o)
    0x08002b70   0x08002b70   0x00000184   Code   RO         1107    i.sinf              m_ps.l(sinf.o)
    0x08002cf4   0x08002cf4   0x0000008c   Code   RO         1117    x$fpl$fadd          fz_ps.l(faddsub.o)
    0x08002d80   0x08002d80   0x000000b0   Code   RO         1104    x$fpl$fmul          fz_ps.l(fmul.o)
    0x08002e30   0x08002e30   0x00000018   Code   RO         1118    x$fpl$frsb          fz_ps.l(faddsub.o)
    0x08002e48   0x08002e48   0x000000d0   Code   RO         1119    x$fpl$fsub          fz_ps.l(faddsub.o)
    0x08002f18   0x08002f18   0x00000000   Code   RO         1125    x$fpl$usenofp       fz_ps.l(usenofp.o)
    0x08002f18   0x08002f18   0x00000080   Data   RO         1094    .constdata          fz_ps.l(ddiv.o)
    0x08002f98   0x08002f98   0x00000020   Data   RO         1143    .constdata          m_ps.l(rredf.o)
    0x08002fb8   0x08002fb8   0x00000040   Data   RO         1170    .constdata          fz_ps.l(fdiv.o)
    0x08002ff8   0x08002ff8   0x00000010   Data   RO         1062    .rodata.AHBPrescTable  system_stm32f0xx.o
    0x08003008   0x08003008   0x00000020   Data   RO          150    .rodata.cst16       stm32f0xx_hal_rcc.o
    0x08003028   0x08003028   0x00000020   Data   RO         1328    Region$$Table       anon$$obj.o


    Execution Region RW_IRAM1 (Exec base: 0x20000000, Load base: 0x08003048, Size: 0x00000da0, Max: 0x00008000, ABSOLUTE)

    Exec Addr    Load Addr    Size         Type   Attr      Idx    E Section Name        Object

    0x20000000   0x08003048   0x00000008   Data   RW          238    .data..L_MergedGlobals  stm32f0xx_hal.o
    0x20000008   0x08003050   0x00000004   Data   RW         1061    .data.SystemCoreClock  system_stm32f0xx.o
    0x2000000c   0x08003054   0x00000004   PAD
    0x20000010        -       0x00000060   Zero   RW         1177    .bss                c_p.l(libspace.o)
    0x20000070        -       0x00000008   Zero   RW           17    .bss..L_MergedGlobals  telecommunication.o
    0x20000078        -       0x00000074   Zero   RW           36    .bss..L_MergedGlobals  main.o
    0x200000ec        -       0x000001f4   Zero   RW           16    .bss.clock          telecommunication.o
    0x200002e0        -       0x00000044   Zero   RW           32    .bss.hdma_dac_ch1   main.o
    0x20000324        -       0x00000044   Zero   RW           33    .bss.hdma_dac_ch2   main.o
    0x20000368        -       0x00000048   Zero   RW           34    .bss.htim2          main.o
    0x200003b0        -       0x000003e8   Zero   RW           15    .bss.symbols        telecommunication.o
    0x20000798        -       0x00000004   Zero   RW          237    .bss.uwTick         stm32f0xx_hal.o
    0x2000079c   0x08003054   0x00000004   PAD
    0x200007a0        -       0x00000200   Zero   RW            2    HEAP                startup_stm32f091xc.o
    0x200009a0        -       0x00000400   Zero   RW            1    STACK               startup_stm32f091xc.o


==============================================================================

Image component sizes


      Code (inc. data)   RO Data    RW Data    ZI Data      Debug   Object Name

       472         16          0          0        324       9645   main.o
        56         26        188          0       1536        664   startup_stm32f091xc.o
       120          8          0          8          4       5415   stm32f0xx_hal.o
       196         12          0          0          0       5988   stm32f0xx_hal_comp.o
       132         24          0          0          0       5571   stm32f0xx_hal_cortex.o
        52          0          0          0          0       5889   stm32f0xx_hal_dac.o
       386         28          0          0          0       8237   stm32f0xx_hal_dac_ex.o
       494         20          0          0          0       8337   stm32f0xx_hal_dma.o
       412         12          0          0          0       5081   stm32f0xx_hal_gpio.o
       472         32          0          0          0       7457   stm32f0xx_hal_msp.o
      1572         48         32          0          0       8382   stm32f0xx_hal_rcc.o
       688         40          0          0          0      63624   stm32f0xx_hal_tim.o
        92          0          0          0          0      22572   stm32f0xx_hal_tim_ex.o
        40          0          0          0          0       1276   stm32f0xx_it.o
         2          0         16          4          0       1749   system_stm32f0xx.o
       780         64          0          0       1508       4053   telecommunication.o

    ----------------------------------------------------------------------
      5974        330        268         12       3380     163940   Object Totals
         0          0         32          0          0          0   (incl. Generated)
         8          0          0          0          8          0   (incl. Padding)

    ----------------------------------------------------------------------

      Code (inc. data)   RO Data    RW Data    ZI Data      Debug   Library Member Name

         8          0          0          0          0         68   __main.o
         0          0          0          0          0          0   __rtentry.o
        12          0          0          0          0          0   __rtentry2.o
         6          0          0          0          0          0   __rtentry4.o
        86         10          0          0          0          0   __scatter.o
        26          0          0          0          0          0   __scatter_copy.o
        28          0          0          0          0          0   __scatter_zi.o
        22          0          0          0          0         92   _rserrno.o
       502          0          0          0          0         92   aeabi_sdivfast.o
        16          0          0          0          0         68   exit.o
         6          0          0          0          0        136   heapauxi.o
         0          0          0          0          0          0   indicate_semi.o
         2          0          0          0          0          0   libinit.o
         2          0          0          0          0          0   libinit2.o
         2          0          0          0          0          0   libshutdown.o
         2          0          0          0          0          0   libshutdown2.o
         8          4          0          0         96         68   libspace.o
         8          4          0          0          0         68   rt_errno_addr_intlibspace.o
        64          0          0          0          0        108   rt_memclr.o
         2          0          0          0          0          0   rtexit.o
        10          0          0          0          0          0   rtexit2.o
        12          4          0          0          0         60   sys_exit.o
        62          0          0          0          0         80   sys_stackheap_outer.o
         2          0          0          0          0         68   use_no_semi.o
       124          4          0          0          0         72   d2f.o
       856         20          0          0          0        208   daddsub.o
      1096         26        128          0          0        112   ddiv.o
        88          0          0          0          0         92   dflti.o
       584         26          0          0          0         84   dmul.o
        84          4          0          0          0         60   f2d.o
       372          8          0          0          0        240   faddsub.o
       352         10         64          0          0         92   fdiv.o
        76          0          0          0          0         68   ffixi.o
        94          0          0          0          0         92   fflti.o
       176          4          0          0          0         80   fmul.o
       128          6          0          0          0         68   frnd.o
        68          4          0          0          0         68   fscalbn.o
         0          0          0          0          0          0   usenofp.o
        34          0          0          0          0         60   fpclassifyf.o
        36          0          0          0          0        204   funder.o
       434         18         32          0          0        168   rredf.o
       388         58          0          0          0        104   sinf.o

    ----------------------------------------------------------------------
      5894        210        224          0         96       2780   Library Totals
        16          0          0          0          0          0   (incl. Padding)

    ----------------------------------------------------------------------

      Code (inc. data)   RO Data    RW Data    ZI Data      Debug   Library Name

       888         22          0          0         96        908   c_p.l
      4098        112        192          0          0       1336   fz_ps.l
       892         76         32          0          0        536   m_ps.l

    ----------------------------------------------------------------------
      5894        210        224          0         96       2780   Library Totals

    ----------------------------------------------------------------------

==============================================================================


      Code (inc. data)   RO Data    RW Data    ZI Data      Debug   

     11868        540        492         12       3476     165224   Grand Totals
     11868        540        492         12       3476     165224   ELF Image Totals
     11868        540        492         12          0          0   ROM Totals

==============================================================================

    Total RO  Size (Code + RO Data)                12360 (  12.07kB)
    Total RW  Size (RW Data + ZI Data)              3488 (   3.41kB)
    Total ROM Size (Code + RO Data + RW Data)      12372 (  12.08kB)

==============================================================================

