Component: Arm Compiler for Embedded 6.18 Tool: armlink [5e4cc100]

==============================================================================

Section Cross References

    startup_stm32f091xc.o(STACK) refers (Special) to heapauxi.o(.text) for __use_two_region_memory
    startup_stm32f091xc.o(HEAP) refers (Special) to heapauxi.o(.text) for __use_two_region_memory
    startup_stm32f091xc.o(RESET) refers (Special) to heapauxi.o(.text) for __use_two_region_memory
    startup_stm32f091xc.o(RESET) refers to startup_stm32f091xc.o(STACK) for __initial_sp
    startup_stm32f091xc.o(RESET) refers to startup_stm32f091xc.o(.text) for Reset_Handler
    startup_stm32f091xc.o(RESET) refers to stm32f0xx_it.o(.text.NMI_Handler) for NMI_Handler
    startup_stm32f091xc.o(RESET) refers to stm32f0xx_it.o(.text.HardFault_Handler) for HardFault_Handler
    startup_stm32f091xc.o(RESET) refers to stm32f0xx_it.o(.text.SVC_Handler) for SVC_Handler
    startup_stm32f091xc.o(RESET) refers to stm32f0xx_it.o(.text.PendSV_Handler) for PendSV_Handler
    startup_stm32f091xc.o(RESET) refers to stm32f0xx_it.o(.text.SysTick_Handler) for SysTick_Handler
    startup_stm32f091xc.o(.text) refers (Special) to heapauxi.o(.text) for __use_two_region_memory
    startup_stm32f091xc.o(.text) refers to system_stm32f0xx.o(.text.SystemInit) for SystemInit
    startup_stm32f091xc.o(.text) refers to __main.o(!!!main) for __main
    startup_stm32f091xc.o(.text) refers to startup_stm32f091xc.o(HEAP) for Heap_Mem
    startup_stm32f091xc.o(.text) refers to startup_stm32f091xc.o(STACK) for Stack_Mem
    telecommunication.o(.text.mainCode) refers to stm32f0xx_hal_tim.o(.text.HAL_TIM_Base_Start) for HAL_TIM_Base_Start
    telecommunication.o(.text.mainCode) refers to stm32f0xx_hal_adc.o(.text.HAL_ADC_Init) for HAL_ADC_Init
    telecommunication.o(.text.mainCode) refers to stm32f0xx_hal_tim.o(.text.HAL_TIM_Base_Init) for HAL_TIM_Base_Init
    telecommunication.o(.text.mainCode) refers to stm32f0xx_hal_adc.o(.text.HAL_ADC_Start) for HAL_ADC_Start
    telecommunication.o(.text.mainCode) refers to main.o(.bss.htim2) for htim2
    telecommunication.o(.text.mainCode) refers to main.o(.bss.hadc) for hadc
    telecommunication.o(.text.mainCode) refers to telecommunication.o(.bss..L_MergedGlobals) for [Anonymous Symbol]
    telecommunication.o(.text.mainCode) refers to stm32f0xx_hal_gpio.o(.text.HAL_GPIO_WritePin) for HAL_GPIO_WritePin
    telecommunication.o(.text.mainCode) refers to aeabi_sdivfast.o(.text_divfast) for __aeabi_uidiv
    telecommunication.o(.text.mainCode) refers to aeabi_sdivfast.o(.text) for __aeabi_uidivmod
    telecommunication.o(.text.mainCode) refers to stm32f0xx_hal_adc.o(.text.HAL_ADC_PollForConversion) for HAL_ADC_PollForConversion
    telecommunication.o(.text.mainCode) refers to stm32f0xx_hal_adc.o(.text.HAL_ADC_GetValue) for HAL_ADC_GetValue
    telecommunication.o(.ARM.exidx.text.mainCode) refers to telecommunication.o(.text.mainCode) for [Anonymous Symbol]
    telecommunication.o(.text.setADC_Resolution) refers to stm32f0xx_hal_adc.o(.text.HAL_ADC_Init) for HAL_ADC_Init
    telecommunication.o(.text.setADC_Resolution) refers to main.o(.bss.hadc) for hadc
    telecommunication.o(.ARM.exidx.text.setADC_Resolution) refers to telecommunication.o(.text.setADC_Resolution) for [Anonymous Symbol]
    telecommunication.o(.text.setSampleRate) refers to stm32f0xx_hal_tim.o(.text.HAL_TIM_Base_Init) for HAL_TIM_Base_Init
    telecommunication.o(.text.setSampleRate) refers to main.o(.bss.htim2) for htim2
    telecommunication.o(.ARM.exidx.text.setSampleRate) refers to telecommunication.o(.text.setSampleRate) for [Anonymous Symbol]
    main.o(.text.main) refers to stm32f0xx_hal.o(.text.HAL_Init) for HAL_Init
    main.o(.text.main) refers to rt_memclr.o(.text) for __aeabi_memclr4
    main.o(.text.main) refers to stm32f0xx_hal_rcc.o(.text.HAL_RCC_OscConfig) for HAL_RCC_OscConfig
    main.o(.text.main) refers to stm32f0xx_hal_rcc.o(.text.HAL_RCC_ClockConfig) for HAL_RCC_ClockConfig
    main.o(.text.main) refers to stm32f0xx_hal_gpio.o(.text.HAL_GPIO_WritePin) for HAL_GPIO_WritePin
    main.o(.text.main) refers to stm32f0xx_hal_gpio.o(.text.HAL_GPIO_Init) for HAL_GPIO_Init
    main.o(.text.main) refers to stm32f0xx_hal_adc.o(.text.HAL_ADC_Init) for HAL_ADC_Init
    main.o(.text.main) refers to stm32f0xx_hal_adc.o(.text.HAL_ADC_ConfigChannel) for HAL_ADC_ConfigChannel
    main.o(.text.main) refers to stm32f0xx_hal_tim.o(.text.HAL_TIM_Base_Init) for HAL_TIM_Base_Init
    main.o(.text.main) refers to stm32f0xx_hal_tim.o(.text.HAL_TIM_ConfigClockSource) for HAL_TIM_ConfigClockSource
    main.o(.text.main) refers to stm32f0xx_hal_tim_ex.o(.text.HAL_TIMEx_MasterConfigSynchronization) for HAL_TIMEx_MasterConfigSynchronization
    main.o(.text.main) refers to telecommunication.o(.text.mainCode) for mainCode
    main.o(.text.main) refers to main.o(.bss.hadc) for hadc
    main.o(.text.main) refers to main.o(.bss.htim2) for htim2
[...]
    Removing stm32f0xx_hal_pwr_ex.o(.ARM.exidx.text.HAL_PWR_PVDCallback), (8 bytes).
    Removing stm32f0xx_hal_pwr_ex.o(.text.HAL_PWREx_EnableVddio2Monitor), (24 bytes).
    Removing stm32f0xx_hal_pwr_ex.o(.ARM.exidx.text.HAL_PWREx_EnableVddio2Monitor), (8 bytes).
    Removing stm32f0xx_hal_pwr_ex.o(.text.HAL_PWREx_DisableVddio2Monitor), (32 bytes).
    Removing stm32f0xx_hal_pwr_ex.o(.ARM.exidx.text.HAL_PWREx_DisableVddio2Monitor), (8 bytes).
    Removing stm32f0xx_hal_pwr_ex.o(.text.HAL_PWREx_Vddio2Monitor_IRQHandler), (28 bytes).
    Removing stm32f0xx_hal_pwr_ex.o(.ARM.exidx.text.HAL_PWREx_Vddio2Monitor_IRQHandler), (8 bytes).
    Removing stm32f0xx_hal_pwr_ex.o(.text.HAL_PWREx_Vddio2MonitorCallback), (2 bytes).
    Removing stm32f0xx_hal_pwr_ex.o(.ARM.exidx.text.HAL_PWREx_Vddio2MonitorCallback), (8 bytes).
    Removing stm32f0xx_hal_flash.o(.text), (0 bytes).
    Removing stm32f0xx_hal_flash.o(.text.HAL_FLASH_Program), (340 bytes).
    Removing stm32f0xx_hal_flash.o(.ARM.exidx.text.HAL_FLASH_Program), (8 bytes).
    Removing stm32f0xx_hal_flash.o(.text.FLASH_WaitForLastOperation), (172 bytes).
    Removing stm32f0xx_hal_flash.o(.ARM.exidx.text.FLASH_WaitForLastOperation), (8 bytes).
    Removing stm32f0xx_hal_flash.o(.text.HAL_FLASH_Program_IT), (96 bytes).
    Removing stm32f0xx_hal_flash.o(.ARM.exidx.text.HAL_FLASH_Program_IT), (8 bytes).
    Removing stm32f0xx_hal_flash.o(.text.HAL_FLASH_IRQHandler), (348 bytes).
    Removing stm32f0xx_hal_flash.o(.ARM.exidx.text.HAL_FLASH_IRQHandler), (8 bytes).
    Removing stm32f0xx_hal_flash.o(.text.HAL_FLASH_OperationErrorCallback), (2 bytes).
    Removing stm32f0xx_hal_flash.o(.ARM.exidx.text.HAL_FLASH_OperationErrorCallback), (8 bytes).
    Removing stm32f0xx_hal_flash.o(.text.HAL_FLASH_EndOfOperationCallback), (2 bytes).
    Removing stm32f0xx_hal_flash.o(.ARM.exidx.text.HAL_FLASH_EndOfOperationCallback), (8 bytes).
    Removing stm32f0xx_hal_flash.o(.text.HAL_FLASH_Unlock), (40 bytes).
    Removing stm32f0xx_hal_flash.o(.ARM.exidx.text.HAL_FLASH_Unlock), (8 bytes).
    Removing stm32f0xx_hal_flash.o(.text.HAL_FLASH_Lock), (20 bytes).
    Removing stm32f0xx_hal_flash.o(.ARM.exidx.text.HAL_FLASH_Lock), (8 bytes).
    Removing stm32f0xx_hal_flash.o(.text.HAL_FLASH_OB_Unlock), (36 bytes).
    Removing stm32f0xx_hal_flash.o(.ARM.exidx.text.HAL_FLASH_OB_Unlock), (8 bytes).
    Removing stm32f0xx_hal_flash.o(.text.HAL_FLASH_OB_Lock), (20 bytes).
    Removing stm32f0xx_hal_flash.o(.ARM.exidx.text.HAL_FLASH_OB_Lock), (8 bytes).
    Removing stm32f0xx_hal_flash.o(.text.HAL_FLASH_OB_Launch), (152 bytes).
    Removing stm32f0xx_hal_flash.o(.ARM.exidx.text.HAL_FLASH_OB_Launch), (8 bytes).
    Removing stm32f0xx_hal_flash.o(.text.HAL_FLASH_GetError), (12 bytes).
    Removing stm32f0xx_hal_flash.o(.ARM.exidx.text.HAL_FLASH_GetError), (8 bytes).
    Removing stm32f0xx_hal_flash.o(.bss.pFlash), (32 bytes).
    Removing stm32f0xx_hal_flash_ex.o(.text), (0 bytes).
    Removing stm32f0xx_hal_flash_ex.o(.text.HAL_FLASHEx_Erase), (208 bytes).
    Removing stm32f0xx_hal_flash_ex.o(.ARM.exidx.text.HAL_FLASHEx_Erase), (8 bytes).
    Removing stm32f0xx_hal_flash_ex.o(.text.FLASH_PageErase), (36 bytes).
    Removing stm32f0xx_hal_flash_ex.o(.ARM.exidx.text.FLASH_PageErase), (8 bytes).
    Removing stm32f0xx_hal_flash_ex.o(.text.HAL_FLASHEx_Erase_IT), (112 bytes).
    Removing stm32f0xx_hal_flash_ex.o(.ARM.exidx.text.HAL_FLASHEx_Erase_IT), (8 bytes).
    Removing stm32f0xx_hal_flash_ex.o(.text.HAL_FLASHEx_OBErase), (180 bytes).
    Removing stm32f0xx_hal_flash_ex.o(.ARM.exidx.text.HAL_FLASHEx_OBErase), (8 bytes).
    Removing stm32f0xx_hal_flash_ex.o(.text.HAL_FLASHEx_OBProgram), (508 bytes).
    Removing stm32f0xx_hal_flash_ex.o(.ARM.exidx.text.HAL_FLASHEx_OBProgram), (8 bytes).
    Removing stm32f0xx_hal_flash_ex.o(.text.HAL_FLASHEx_OBGetConfig), (52 bytes).
    Removing stm32f0xx_hal_flash_ex.o(.ARM.exidx.text.HAL_FLASHEx_OBGetConfig), (8 bytes).
    Removing stm32f0xx_hal_flash_ex.o(.text.HAL_FLASHEx_OBGetUserData), (28 bytes).
    Removing stm32f0xx_hal_flash_ex.o(.ARM.exidx.text.HAL_FLASHEx_OBGetUserData), (8 bytes).
    Removing stm32f0xx_hal_exti.o(.text), (0 bytes).
    Removing stm32f0xx_hal_exti.o(.text.HAL_EXTI_SetConfigLine), (160 bytes).
    Removing stm32f0xx_hal_exti.o(.ARM.exidx.text.HAL_EXTI_SetConfigLine), (8 bytes).
    Removing stm32f0xx_hal_exti.o(.text.HAL_EXTI_GetConfigLine), (128 bytes).
    Removing stm32f0xx_hal_exti.o(.ARM.exidx.text.HAL_EXTI_GetConfigLine), (8 bytes).
    Removing stm32f0xx_hal_exti.o(.text.HAL_EXTI_ClearConfigLine), (96 bytes).
    Removing stm32f0xx_hal_exti.o(.ARM.exidx.text.HAL_EXTI_ClearConfigLine), (8 bytes).
    Removing stm32f0xx_hal_exti.o(.text.HAL_EXTI_RegisterCallback), (14 bytes).
    Removing stm32f0xx_hal_exti.o(.ARM.exidx.text.HAL_EXTI_RegisterCallback), (8 bytes).
    Removing stm32f0xx_hal_exti.o(.text.HAL_EXTI_GetHandle), (14 bytes).
    Removing stm32f0xx_hal_exti.o(.ARM.exidx.text.HAL_EXTI_GetHandle), (8 bytes).
    Removing stm32f0xx_hal_exti.o(.text.HAL_EXTI_IRQHandler), (36 bytes).
    Removing stm32f0xx_hal_exti.o(.ARM.exidx.text.HAL_EXTI_IRQHandler), (8 bytes).
    Removing stm32f0xx_hal_exti.o(.text.HAL_EXTI_GetPending), (24 bytes).
    Removing stm32f0xx_hal_exti.o(.ARM.exidx.text.HAL_EXTI_GetPending), (8 bytes).
    Removing stm32f0xx_hal_exti.o(.text.HAL_EXTI_ClearPending), (20 bytes).
    Removing stm32f0xx_hal_exti.o(.ARM.exidx.text.HAL_EXTI_ClearPending), (8 bytes).
    Removing stm32f0xx_hal_exti.o(.text.HAL_EXTI_GenerateSWI), (20 bytes).
    Removing stm32f0xx_hal_exti.o(.ARM.exidx.text.HAL_EXTI_GenerateSWI), (8 bytes).
    Removing stm32f0xx_hal_tim.o(.text), (0 bytes).
    Removing stm32f0xx_hal_tim.o(.ARM.exidx.text.HAL_TIM_Base_Init), (8 bytes).
    Removing stm32f0xx_hal_tim.o(.text.HAL_TIM_Base_MspInit), (2 bytes).
    Removing stm32f0xx_hal_tim.o(.ARM.exidx.text.HAL_TIM_Base_MspInit), (8 bytes).
    Removing stm32f0xx_hal_tim.o(.text.TIM_Base_SetConfig), (196 bytes).
    Removing stm32f0xx_hal_tim.o(.ARM.exidx.text.TIM_Base_SetConfig), (8 bytes).
    Removing stm32f0xx_hal_tim.o(.text.HAL_TIM_Base_DeInit), (76 bytes).
    Removing stm32f0xx_hal_tim.o(.ARM.exidx.text.HAL_TIM_Base_DeInit), (8 bytes).
    Removing stm32f0xx_hal_tim.o(.text.HAL_TIM_Base_MspDeInit), (2 bytes).
    Removing stm32f0xx_hal_tim.o(.ARM.exidx.text.HAL_TIM_Base_MspDeInit), (8 bytes).
    Removing stm32f0xx_hal_tim.o(.ARM.exidx.text.HAL_TIM_Base_Start), (8 bytes).
    Removing stm32f0xx_hal_tim.o(.text.HAL_TIM_Base_Stop), (44 bytes).
    Removing stm32f0xx_hal_tim.o(.ARM.exidx.text.HAL_TIM_Base_Stop), (8 bytes).
    Removing stm32f0xx_hal_tim.o(.text.HAL_TIM_Base_Start_IT), (104 bytes).
    Removing stm32f0xx_hal_tim.o(.ARM.exidx.text.HAL_TIM_Base_Start_IT), (8 bytes).
    Removing stm32f0xx_hal_tim.o(.text.HAL_TIM_Base_Stop_IT), (60 bytes).
    Removing stm32f0xx_hal_tim.o(.ARM.exidx.text.HAL_TIM_Base_Stop_IT), (8 bytes).
    Removing stm32f0xx_hal_tim.o(.text.HAL_TIM_Base_Start_DMA), (172 bytes).
    Removing stm32f0xx_hal_tim.o(.ARM.exidx.text.HAL_TIM_Base_Start_DMA), (8 bytes).
    Removing stm32f0xx_hal_tim.o(.text.TIM_DMAPeriodElapsedCplt), (30 bytes).
    Removing stm32f0xx_hal_tim.o(.ARM.exidx.text.TIM_DMAPeriodElapsedCplt), (8 bytes).
    Removing stm32f0xx_hal_tim.o(.text.TIM_DMAPeriodElapsedHalfCplt), (10 bytes).
    Removing stm32f0xx_hal_tim.o(.ARM.exidx.text.TIM_DMAPeriodElapsedHalfCplt), (8 bytes).
    Removing stm32f0xx_hal_tim.o(.text.TIM_DMAError), (86 bytes).
    Removing stm32f0xx_hal_tim.o(.ARM.exidx.text.TIM_DMAError), (8 bytes).
    Removing stm32f0xx_hal_tim.o(.text.HAL_TIM_Base_Stop_DMA), (72 bytes).
    Removing stm32f0xx_hal_tim.o(.ARM.exidx.text.HAL_TIM_Base_Stop_DMA), (8 bytes).
    Removing stm32f0xx_hal_tim.o(.text.HAL_TIM_OC_Init), (252 bytes).
    Removing stm32f0xx_hal_tim.o(.ARM.exidx.text.HAL_TIM_OC_Init), (8 bytes).
    Removing stm32f0xx_hal_tim.o(.text.HAL_TIM_OC_MspInit), (2 bytes).
    Removing stm32f0xx_hal_tim.o(.ARM.exidx.text.HAL_TIM_OC_MspInit), (8 bytes).
    Removing stm32f0xx_hal_tim.o(.text.HAL_TIM_OC_DeInit), (76 bytes).
    Removing stm32f0xx_hal_tim.o(.ARM.exidx.text.HAL_TIM_OC_DeInit), (8 bytes).
    Removing stm32f0xx_hal_tim.o(.text.HAL_TIM_OC_MspDeInit), (2 bytes).
    Removing stm32f0xx_hal_tim.o(.ARM.exidx.text.HAL_TIM_OC_MspDeInit), (8 bytes).
    Removing stm32f0xx_hal_tim.o(.text.HAL_TIM_OC_Start), (208 bytes).
    Removing stm32f0xx_hal_tim.o(.ARM.exidx.text.HAL_TIM_OC_Start), (8 bytes).
    Removing stm32f0xx_hal_tim.o(.text.TIM_CCxChannelCmd), (26 bytes).
    Removing stm32f0xx_hal_tim.o(.ARM.exidx.text.TIM_CCxChannelCmd), (8 bytes).
    Removing stm32f0xx_hal_tim.o(.text.HAL_TIM_OC_Stop), (148 bytes).
    Removing stm32f0xx_hal_tim.o(.ARM.exidx.text.HAL_TIM_OC_Stop), (8 bytes).
    Removing stm32f0xx_hal_tim.o(.text.HAL_TIM_OC_Start_IT), (236 bytes).
    Removing stm32f0xx_hal_tim.o(.ARM.exidx.text.HAL_TIM_OC_Start_IT), (8 bytes).
    Removing stm32f0xx_hal_tim.o(.text.HAL_TIM_OC_Stop_IT), (180 bytes).
    Removing stm32f0xx_hal_tim.o(.ARM.exidx.text.HAL_TIM_OC_Stop_IT), (8 bytes).
    Removing stm32f0xx_hal_tim.o(.text.HAL_TIM_OC_Start_DMA), (484 bytes).
    Removing stm32f0xx_hal_tim.o(.ARM.exidx.text.HAL_TIM_OC_Start_DMA), (8 bytes).
    Removing stm32f0xx_hal_tim.o(.text.TIM_DMADelayPulseCplt), (104 bytes).
    Removing stm32f0xx_hal_tim.o(.ARM.exidx.text.TIM_DMADelayPulseCplt), (8 bytes).
    Removing stm32f0xx_hal_tim.o(.text.TIM_DMADelayPulseHalfCplt), (56 bytes).
    Removing stm32f0xx_hal_tim.o(.ARM.exidx.text.TIM_DMADelayPulseHalfCplt), (8 bytes).
    Removing stm32f0xx_hal_tim.o(.text.HAL_TIM_OC_Stop_DMA), (256 bytes).
    Removing stm32f0xx_hal_tim.o(.ARM.exidx.text.HAL_TIM_OC_Stop_DMA), (8 bytes).
    Removing stm32f0xx_hal_tim.o(.text.HAL_TIM_PWM_Init), (252 bytes).
    Removing stm32f0xx_hal_tim.o(.ARM.exidx.text.HAL_TIM_PWM_Init), (8 bytes).
    Removing stm32f0xx_hal_tim.o(.text.HAL_TIM_PWM_MspInit), (2 bytes).
    Removing stm32f0xx_hal_tim.o(.ARM.exidx.text.HAL_TIM_PWM_MspInit), (8 bytes).
    Removing stm32f0xx_hal_tim.o(.text.HAL_TIM_PWM_DeInit), (76 bytes).
    Removing stm32f0xx_hal_tim.o(.ARM.exidx.text.HAL_TIM_PWM_DeInit), (8 bytes).
    Removing stm32f0xx_hal_tim.o(.text.HAL_TIM_PWM_MspDeInit), (2 bytes).
    Removing stm32f0xx_hal_tim.o(.ARM.exidx.text.HAL_TIM_PWM_MspDeInit), (8 bytes).
    Removing stm32f0xx_hal_tim.o(.text.HAL_TIM_PWM_Start), (208 bytes).
    Removing stm32f0xx_hal_tim.o(.ARM.exidx.text.HAL_TIM_PWM_Start), (8 bytes).
    Removing stm32f0xx_hal_tim.o(.text.HAL_TIM_PWM_Stop), (148 bytes).
    Removing stm32f0xx_hal_tim.o(.ARM.exidx.text.HAL_TIM_PWM_Stop), (8 bytes).
    Removing stm32f0xx_hal_tim.o(.text.HAL_TIM_PWM_Start_IT), (236 bytes).
    Removing stm32f0xx_hal_tim.o(.ARM.exidx.text.HAL_TIM_PWM_Start_IT), (8 bytes).
    Removing stm32f0xx_hal_tim.o(.text.HAL_TIM_PWM_Stop_IT), (180 bytes).
    Removing stm32f0xx_hal_tim.o(.ARM.exidx.text.HAL_TIM_PWM_Stop_IT), (8 bytes).
    Removing stm32f0xx_hal_tim.o(.text.HAL_TIM_PWM_Start_DMA), (484 bytes).
    Removing stm32f0xx_hal_tim.o(.ARM.exidx.text.HAL_TIM_PWM_Start_DMA), (8 bytes).
    Removing stm32f0xx_hal_tim.o(.text.HAL_TIM_PWM_Stop_DMA), (256 bytes).
    Removing stm32f0xx_hal_tim.o(.ARM.exidx.text.HAL_TIM_PWM_Stop_DMA), (8 bytes).
    Removing stm32f0xx_hal_tim.o(.text.HAL_TIM_IC_Init), (252 bytes).
    Removing stm32f0xx_hal_tim.o(.ARM.exidx.text.HAL_TIM_IC_Init), (8 bytes).
    Removing stm32f0xx_hal_tim.o(.text.HAL_TIM_IC_MspInit), (2 bytes).
    Removing stm32f0xx_hal_tim.o(.ARM.exidx.text.HAL_TIM_IC_MspInit), (8 bytes).
    Removing stm32f0xx_hal_tim.o(.text.HAL_TIM_IC_DeInit), (76 bytes).
    Removing stm32f0xx_hal_tim.o(.ARM.exidx.text.HAL_TIM_IC_DeInit), (8 bytes).
    Removing stm32f0xx_hal_tim.o(.text.HAL_TIM_IC_MspDeInit), (2 bytes).
    Removing stm32f0xx_hal_tim.o(.ARM.exidx.text.HAL_TIM_IC_MspDeInit), (8 bytes).
    Removing stm32f0xx_hal_tim.o(.text.HAL_TIM_IC_Start), (200 bytes).
    Removing stm32f0xx_hal_tim.o(.ARM.exidx.text.HAL_TIM_IC_Start), (8 bytes).
    Removing stm32f0xx_hal_tim.o(.text.HAL_TIM_IC_Stop), (108 bytes).
    Removing stm32f0xx_hal_tim.o(.ARM.exidx.text.HAL_TIM_IC_Stop), (8 bytes).
    Removing stm32f0xx_hal_tim.o(.text.HAL_TIM_IC_Start_IT), (228 bytes).
    Removing stm32f0xx_hal_tim.o(.ARM.exidx.text.HAL_TIM_IC_Start_IT), (8 bytes).
    Removing stm32f0xx_hal_tim.o(.text.HAL_TIM_IC_Stop_IT), (132 bytes).
    Removing stm32f0xx_hal_tim.o(.ARM.exidx.text.HAL_TIM_IC_Stop_IT), (8 bytes).
    Removing stm32f0xx_hal_tim.o(.text.HAL_TIM_IC_Start_DMA), (412 bytes).
    Removing stm32f0xx_hal_tim.o(.ARM.exidx.text.HAL_TIM_IC_Start_DMA), (8 bytes).
    Removing stm32f0xx_hal_tim.o(.text.TIM_DMACaptureCplt), (112 bytes).
    Removing stm32f0xx_hal_tim.o(.ARM.exidx.text.TIM_DMACaptureCplt), (8 bytes).
    Removing stm32f0xx_hal_tim.o(.text.TIM_DMACaptureHalfCplt), (56 bytes).
    Removing stm32f0xx_hal_tim.o(.ARM.exidx.text.TIM_DMACaptureHalfCplt), (8 bytes).
    Removing stm32f0xx_hal_tim.o(.text.HAL_TIM_IC_Stop_DMA), (212 bytes).
    Removing stm32f0xx_hal_tim.o(.ARM.exidx.text.HAL_TIM_IC_Stop_DMA), (8 bytes).
    Removing stm32f0xx_hal_tim.o(.text.HAL_TIM_OnePulse_Init), (268 bytes).
    Removing stm32f0xx_hal_tim.o(.ARM.exidx.text.HAL_TIM_OnePulse_Init), (8 bytes).
    Removing stm32f0xx_hal_tim.o(.text.HAL_TIM_OnePulse_MspInit), (2 bytes).
    Removing stm32f0xx_hal_tim.o(.ARM.exidx.text.HAL_TIM_OnePulse_MspInit), (8 bytes).
    Removing stm32f0xx_hal_tim.o(.text.HAL_TIM_OnePulse_DeInit), (68 bytes).
    Removing stm32f0xx_hal_tim.o(.ARM.exidx.text.HAL_TIM_OnePulse_DeInit), (8 bytes).
    Removing stm32f0xx_hal_tim.o(.text.HAL_TIM_OnePulse_MspDeInit), (2 bytes).
    Removing stm32f0xx_hal_tim.o(.ARM.exidx.text.HAL_TIM_OnePulse_MspDeInit), (8 bytes).
    Removing stm32f0xx_hal_tim.o(.text.HAL_TIM_OnePulse_Start), (116 bytes).
    Removing stm32f0xx_hal_tim.o(.ARM.exidx.text.HAL_TIM_OnePulse_Start), (8 bytes).
    Removing stm32f0xx_hal_tim.o(.text.HAL_TIM_OnePulse_Stop), (132 bytes).
    Removing stm32f0xx_hal_tim.o(.ARM.exidx.text.HAL_TIM_OnePulse_Stop), (8 bytes).
    Removing stm32f0xx_hal_tim.o(.text.HAL_TIM_OnePulse_Start_IT), (132 bytes).
    Removing stm32f0xx_hal_tim.o(.ARM.exidx.text.HAL_TIM_OnePulse_Start_IT), (8 bytes).
    Removing stm32f0xx_hal_tim.o(.text.HAL_TIM_OnePulse_Stop_IT), (148 bytes).
    Removing stm32f0xx_hal_tim.o(.ARM.exidx.text.HAL_TIM_OnePulse_Stop_IT), (8 bytes).
    Removing stm32f0xx_hal_tim.o(.text.HAL_TIM_Encoder_Init), (344 bytes).
    Removing stm32f0xx_hal_tim.o(.ARM.exidx.text.HAL_TIM_Encoder_Init), (8 bytes).
    Removing stm32f0xx_hal_tim.o(.text.HAL_TIM_Encoder_MspInit), (2 bytes).
    Removing stm32f0xx_hal_tim.o(.ARM.exidx.text.HAL_TIM_Encoder_MspInit), (8 bytes).
    Removing stm32f0xx_hal_tim.o(.text.HAL_TIM_Encoder_DeInit), (68 bytes).
    Removing stm32f0xx_hal_tim.o(.ARM.exidx.text.HAL_TIM_Encoder_DeInit), (8 bytes).
    Removing stm32f0xx_hal_tim.o(.text.HAL_TIM_Encoder_MspDeInit), (2 bytes).
    Removing stm32f0xx_hal_tim.o(.ARM.exidx.text.HAL_TIM_Encoder_MspDeInit), (8 bytes).
    Removing stm32f0xx_hal_tim.o(.text.HAL_TIM_Encoder_Start), (148 bytes).
    Removing stm32f0xx_hal_tim.o(.ARM.exidx.text.HAL_TIM_Encoder_Start), (8 bytes).
    Removing stm32f0xx_hal_tim.o(.text.HAL_TIM_Encoder_Stop), (148 bytes).
    Removing stm32f0xx_hal_tim.o(.ARM.exidx.text.HAL_TIM_Encoder_Stop), (8 bytes).
    Removing stm32f0xx_hal_tim.o(.text.HAL_TIM_Encoder_Start_IT), (182 bytes).
    Removing stm32f0xx_hal_tim.o(.ARM.exidx.text.HAL_TIM_Encoder_Start_IT), (8 bytes).
    Removing stm32f0xx_hal_tim.o(.text.HAL_TIM_Encoder_Stop_IT), (184 bytes).
    Removing stm32f0xx_hal_tim.o(.ARM.exidx.text.HAL_TIM_Encoder_Stop_IT), (8 bytes).
    Removing stm32f0xx_hal_tim.o(.text.HAL_TIM_Encoder_Start_DMA), (536 bytes).
    Removing stm32f0xx_hal_tim.o(.ARM.exidx.text.HAL_TIM_Encoder_Start_DMA), (8 bytes).
    Removing stm32f0xx_hal_tim.o(.text.HAL_TIM_Encoder_Stop_DMA), (216 bytes).
    Removing stm32f0xx_hal_tim.o(.ARM.exidx.text.HAL_TIM_Encoder_Stop_DMA), (8 bytes).
    Removing stm32f0xx_hal_tim.o(.text.HAL_TIM_IRQHandler), (328 bytes).
    Removing stm32f0xx_hal_tim.o(.ARM.exidx.text.HAL_TIM_IRQHandler), (8 bytes).
    Removing stm32f0xx_hal_tim.o(.text.HAL_TIM_IC_CaptureCallback), (2 bytes).
    Removing stm32f0xx_hal_tim.o(.ARM.exidx.text.HAL_TIM_IC_CaptureCallback), (8 bytes).
    Removing stm32f0xx_hal_tim.o(.text.HAL_TIM_OC_DelayElapsedCallback), (2 bytes).
    Removing stm32f0xx_hal_tim.o(.ARM.exidx.text.HAL_TIM_OC_DelayElapsedCallback), (8 bytes).
    Removing stm32f0xx_hal_tim.o(.text.HAL_TIM_PWM_PulseFinishedCallback), (2 bytes).
    Removing stm32f0xx_hal_tim.o(.ARM.exidx.text.HAL_TIM_PWM_PulseFinishedCallback), (8 bytes).
    Removing stm32f0xx_hal_tim.o(.text.HAL_TIM_PeriodElapsedCallback), (2 bytes).
    Removing stm32f0xx_hal_tim.o(.ARM.exidx.text.HAL_TIM_PeriodElapsedCallback), (8 bytes).
    Removing stm32f0xx_hal_tim.o(.text.HAL_TIM_TriggerCallback), (2 bytes).
    Removing stm32f0xx_hal_tim.o(.ARM.exidx.text.HAL_TIM_TriggerCallback), (8 bytes).
    Removing stm32f0xx_hal_tim.o(.text.HAL_TIM_OC_ConfigChannel), (540 bytes).
    Removing stm32f0xx_hal_tim.o(.ARM.exidx.text.HAL_TIM_OC_ConfigChannel), (8 bytes).
    Removing stm32f0xx_hal_tim.o(.text.TIM_OC2_SetConfig), (124 bytes).
    Removing stm32f0xx_hal_tim.o(.ARM.exidx.text.TIM_OC2_SetConfig), (8 bytes).
    Removing stm32f0xx_hal_tim.o(.text.HAL_TIM_IC_ConfigChannel), (404 bytes).
    Removing stm32f0xx_hal_tim.o(.ARM.exidx.text.HAL_TIM_IC_ConfigChannel), (8 bytes).
    Removing stm32f0xx_hal_tim.o(.text.TIM_TI1_SetConfig), (96 bytes).
    Removing stm32f0xx_hal_tim.o(.ARM.exidx.text.TIM_TI1_SetConfig), (8 bytes).
    Removing stm32f0xx_hal_tim.o(.text.HAL_TIM_PWM_ConfigChannel), (652 bytes).
    Removing stm32f0xx_hal_tim.o(.ARM.exidx.text.HAL_TIM_PWM_ConfigChannel), (8 bytes).
    Removing stm32f0xx_hal_tim.o(.text.HAL_TIM_OnePulse_ConfigChannel), (552 bytes).
    Removing stm32f0xx_hal_tim.o(.ARM.exidx.text.HAL_TIM_OnePulse_ConfigChannel), (8 bytes).
    Removing stm32f0xx_hal_tim.o(.text.HAL_TIM_DMABurst_WriteStart), (22 bytes).
    Removing stm32f0xx_hal_tim.o(.ARM.exidx.text.HAL_TIM_DMABurst_WriteStart), (8 bytes).
    Removing stm32f0xx_hal_tim.o(.text.HAL_TIM_DMABurst_MultiWriteStart), (360 bytes).
    Removing stm32f0xx_hal_tim.o(.ARM.exidx.text.HAL_TIM_DMABurst_MultiWriteStart), (8 bytes).
    Removing stm32f0xx_hal_tim.o(.text.TIM_DMATriggerCplt), (30 bytes).
    Removing stm32f0xx_hal_tim.o(.ARM.exidx.text.TIM_DMATriggerCplt), (8 bytes).
    Removing stm32f0xx_hal_tim.o(.text.TIM_DMATriggerHalfCplt), (10 bytes).
    Removing stm32f0xx_hal_tim.o(.ARM.exidx.text.TIM_DMATriggerHalfCplt), (8 bytes).
    Removing stm32f0xx_hal_tim.o(.text.HAL_TIM_DMABurst_WriteStop), (140 bytes).
    Removing stm32f0xx_hal_tim.o(.ARM.exidx.text.HAL_TIM_DMABurst_WriteStop), (8 bytes).
    Removing stm32f0xx_hal_tim.o(.text.HAL_TIM_DMABurst_ReadStart), (22 bytes).
    Removing stm32f0xx_hal_tim.o(.ARM.exidx.text.HAL_TIM_DMABurst_ReadStart), (8 bytes).
    Removing stm32f0xx_hal_tim.o(.text.HAL_TIM_DMABurst_MultiReadStart), (360 bytes).
    Removing stm32f0xx_hal_tim.o(.ARM.exidx.text.HAL_TIM_DMABurst_MultiReadStart), (8 bytes).
    Removing stm32f0xx_hal_tim.o(.text.HAL_TIM_DMABurst_ReadStop), (140 bytes).
    Removing stm32f0xx_hal_tim.o(.ARM.exidx.text.HAL_TIM_DMABurst_ReadStop), (8 bytes).
    Removing stm32f0xx_hal_tim.o(.text.HAL_TIM_GenerateEvent), (34 bytes).
    Removing stm32f0xx_hal_tim.o(.ARM.exidx.text.HAL_TIM_GenerateEvent), (8 bytes).
    Removing stm32f0xx_hal_tim.o(.text.HAL_TIM_ConfigOCrefClear), (244 bytes).
    Removing stm32f0xx_hal_tim.o(.ARM.exidx.text.HAL_TIM_ConfigOCrefClear), (8 bytes).
    Removing stm32f0xx_hal_tim.o(.text.TIM_ETR_SetConfig), (22 bytes).
    Removing stm32f0xx_hal_tim.o(.ARM.exidx.text.TIM_ETR_SetConfig), (8 bytes).
    Removing stm32f0xx_hal_tim.o(.ARM.exidx.text.HAL_TIM_ConfigClockSource), (8 bytes).
    Removing stm32f0xx_hal_tim.o(.text.HAL_TIM_ConfigTI1Input), (16 bytes).
    Removing stm32f0xx_hal_tim.o(.ARM.exidx.text.HAL_TIM_ConfigTI1Input), (8 bytes).
    Removing stm32f0xx_hal_tim.o(.text.HAL_TIM_SlaveConfigSynchro), (78 bytes).
    Removing stm32f0xx_hal_tim.o(.ARM.exidx.text.HAL_TIM_SlaveConfigSynchro), (8 bytes).
    Removing stm32f0xx_hal_tim.o(.text.TIM_SlaveTimer_SetConfig), (208 bytes).
    Removing stm32f0xx_hal_tim.o(.ARM.exidx.text.TIM_SlaveTimer_SetConfig), (8 bytes).
    Removing stm32f0xx_hal_tim.o(.text.HAL_TIM_SlaveConfigSynchro_IT), (78 bytes).
    Removing stm32f0xx_hal_tim.o(.ARM.exidx.text.HAL_TIM_SlaveConfigSynchro_IT), (8 bytes).
    Removing stm32f0xx_hal_tim.o(.text.HAL_TIM_ReadCapturedValue), (56 bytes).
    Removing stm32f0xx_hal_tim.o(.ARM.exidx.text.HAL_TIM_ReadCapturedValue), (8 bytes).
    Removing stm32f0xx_hal_tim.o(.text.HAL_TIM_PeriodElapsedHalfCpltCallback), (2 bytes).
    Removing stm32f0xx_hal_tim.o(.ARM.exidx.text.HAL_TIM_PeriodElapsedHalfCpltCallback), (8 bytes).
    Removing stm32f0xx_hal_tim.o(.text.HAL_TIM_IC_CaptureHalfCpltCallback), (2 bytes).
    Removing stm32f0xx_hal_tim.o(.ARM.exidx.text.HAL_TIM_IC_CaptureHalfCpltCallback), (8 bytes).
    Removing stm32f0xx_hal_tim.o(.text.HAL_TIM_PWM_PulseFinishedHalfCpltCallback), (2 bytes).
    Removing stm32f0xx_hal_tim.o(.ARM.exidx.text.HAL_TIM_PWM_PulseFinishedHalfCpltCallback), (8 bytes).
    Removing stm32f0xx_hal_tim.o(.text.HAL_TIM_TriggerHalfCpltCallback), (2 bytes).
    Removing stm32f0xx_hal_tim.o(.ARM.exidx.text.HAL_TIM_TriggerHalfCpltCallback), (8 bytes).
    Removing stm32f0xx_hal_tim.o(.text.HAL_TIM_ErrorCallback), (2 bytes).
    Removing stm32f0xx_hal_tim.o(.ARM.exidx.text.HAL_TIM_ErrorCallback), (8 bytes).
    Removing stm32f0xx_hal_tim.o(.text.HAL_TIM_Base_GetState), (6 bytes).
    Removing stm32f0xx_hal_tim.o(.ARM.exidx.text.HAL_TIM_Base_GetState), (8 bytes).
    Removing stm32f0xx_hal_tim.o(.text.HAL_TIM_OC_GetState), (6 bytes).
    Removing stm32f0xx_hal_tim.o(.ARM.exidx.text.HAL_TIM_OC_GetState), (8 bytes).
    Removing stm32f0xx_hal_tim.o(.text.HAL_TIM_PWM_GetState), (6 bytes).
    Removing stm32f0xx_hal_tim.o(.ARM.exidx.text.HAL_TIM_PWM_GetState), (8 bytes).
    Removing stm32f0xx_hal_tim.o(.text.HAL_TIM_IC_GetState), (6 bytes).
    Removing stm32f0xx_hal_tim.o(.ARM.exidx.text.HAL_TIM_IC_GetState), (8 bytes).
    Removing stm32f0xx_hal_tim.o(.text.HAL_TIM_OnePulse_GetState), (6 bytes).
    Removing stm32f0xx_hal_tim.o(.ARM.exidx.text.HAL_TIM_OnePulse_GetState), (8 bytes).
    Removing stm32f0xx_hal_tim.o(.text.HAL_TIM_Encoder_GetState), (6 bytes).
    Removing stm32f0xx_hal_tim.o(.ARM.exidx.text.HAL_TIM_Encoder_GetState), (8 bytes).
    Removing stm32f0xx_hal_tim.o(.text.HAL_TIM_GetActiveChannel), (4 bytes).
    Removing stm32f0xx_hal_tim.o(.ARM.exidx.text.HAL_TIM_GetActiveChannel), (8 bytes).
    Removing stm32f0xx_hal_tim.o(.text.HAL_TIM_GetChannelState), (32 bytes).
    Removing stm32f0xx_hal_tim.o(.ARM.exidx.text.HAL_TIM_GetChannelState), (8 bytes).
    Removing stm32f0xx_hal_tim.o(.text.HAL_TIM_DMABurstState), (6 bytes).
    Removing stm32f0xx_hal_tim.o(.ARM.exidx.text.HAL_TIM_DMABurstState), (8 bytes).
    Removing stm32f0xx_hal_tim.o(.rodata.cst16), (32 bytes).
    Removing stm32f0xx_hal_tim_ex.o(.text), (0 bytes).
    Removing stm32f0xx_hal_tim_ex.o(.text.HAL_TIMEx_HallSensor_Init), (188 bytes).
    Removing stm32f0xx_hal_tim_ex.o(.ARM.exidx.text.HAL_TIMEx_HallSensor_Init), (8 bytes).
    Removing stm32f0xx_hal_tim_ex.o(.text.HAL_TIMEx_HallSensor_MspInit), (2 bytes).
    Removing stm32f0xx_hal_tim_ex.o(.ARM.exidx.text.HAL_TIMEx_HallSensor_MspInit), (8 bytes).
    Removing stm32f0xx_hal_tim_ex.o(.text.HAL_TIMEx_HallSensor_DeInit), (68 bytes).
    Removing stm32f0xx_hal_tim_ex.o(.ARM.exidx.text.HAL_TIMEx_HallSensor_DeInit), (8 bytes).
    Removing stm32f0xx_hal_tim_ex.o(.text.HAL_TIMEx_HallSensor_MspDeInit), (2 bytes).
    Removing stm32f0xx_hal_tim_ex.o(.ARM.exidx.text.HAL_TIMEx_HallSensor_MspDeInit), (8 bytes).
    Removing stm32f0xx_hal_tim_ex.o(.text.HAL_TIMEx_HallSensor_Start), (132 bytes).
    Removing stm32f0xx_hal_tim_ex.o(.ARM.exidx.text.HAL_TIMEx_HallSensor_Start), (8 bytes).
    Removing stm32f0xx_hal_tim_ex.o(.text.HAL_TIMEx_HallSensor_Stop), (64 bytes).
    Removing stm32f0xx_hal_tim_ex.o(.ARM.exidx.text.HAL_TIMEx_HallSensor_Stop), (8 bytes).
    Removing stm32f0xx_hal_tim_ex.o(.text.HAL_TIMEx_HallSensor_Start_IT), (140 bytes).
    Removing stm32f0xx_hal_tim_ex.o(.ARM.exidx.text.HAL_TIMEx_HallSensor_Start_IT), (8 bytes).
    Removing stm32f0xx_hal_tim_ex.o(.text.HAL_TIMEx_HallSensor_Stop_IT), (72 bytes).
    Removing stm32f0xx_hal_tim_ex.o(.ARM.exidx.text.HAL_TIMEx_HallSensor_Stop_IT), (8 bytes).
    Removing stm32f0xx_hal_tim_ex.o(.text.HAL_TIMEx_HallSensor_Start_DMA), (204 bytes).
    Removing stm32f0xx_hal_tim_ex.o(.ARM.exidx.text.HAL_TIMEx_HallSensor_Start_DMA), (8 bytes).
    Removing stm32f0xx_hal_tim_ex.o(.text.HAL_TIMEx_HallSensor_Stop_DMA), (84 bytes).
    Removing stm32f0xx_hal_tim_ex.o(.ARM.exidx.text.HAL_TIMEx_HallSensor_Stop_DMA), (8 bytes).
    Removing stm32f0xx_hal_tim_ex.o(.text.HAL_TIMEx_OCN_Start), (184 bytes).
    Removing stm32f0xx_hal_tim_ex.o(.ARM.exidx.text.HAL_TIMEx_OCN_Start), (8 bytes).
    Removing stm32f0xx_hal_tim_ex.o(.text.HAL_TIMEx_OCN_Stop), (132 bytes).
    Removing stm32f0xx_hal_tim_ex.o(.ARM.exidx.text.HAL_TIMEx_OCN_Stop), (8 bytes).
    Removing stm32f0xx_hal_tim_ex.o(.text.HAL_TIMEx_OCN_Start_IT), (224 bytes).
    Removing stm32f0xx_hal_tim_ex.o(.ARM.exidx.text.HAL_TIMEx_OCN_Start_IT), (8 bytes).
    Removing stm32f0xx_hal_tim_ex.o(.text.HAL_TIMEx_OCN_Stop_IT), (184 bytes).
    Removing stm32f0xx_hal_tim_ex.o(.ARM.exidx.text.HAL_TIMEx_OCN_Stop_IT), (8 bytes).
    Removing stm32f0xx_hal_tim_ex.o(.text.HAL_TIMEx_OCN_Start_DMA), (396 bytes).
    Removing stm32f0xx_hal_tim_ex.o(.ARM.exidx.text.HAL_TIMEx_OCN_Start_DMA), (8 bytes).
    Removing stm32f0xx_hal_tim_ex.o(.text.TIM_DMADelayPulseNCplt), (104 bytes).
    Removing stm32f0xx_hal_tim_ex.o(.ARM.exidx.text.TIM_DMADelayPulseNCplt), (8 bytes).
    Removing stm32f0xx_hal_tim_ex.o(.text.TIM_DMAErrorCCxN), (64 bytes).
    Removing stm32f0xx_hal_tim_ex.o(.ARM.exidx.text.TIM_DMAErrorCCxN), (8 bytes).
    Removing stm32f0xx_hal_tim_ex.o(.text.HAL_TIMEx_OCN_Stop_DMA), (192 bytes).
    Removing stm32f0xx_hal_tim_ex.o(.ARM.exidx.text.HAL_TIMEx_OCN_Stop_DMA), (8 bytes).
    Removing stm32f0xx_hal_tim_ex.o(.text.HAL_TIMEx_PWMN_Start), (184 bytes).
    Removing stm32f0xx_hal_tim_ex.o(.ARM.exidx.text.HAL_TIMEx_PWMN_Start), (8 bytes).
    Removing stm32f0xx_hal_tim_ex.o(.text.HAL_TIMEx_PWMN_Stop), (132 bytes).
    Removing stm32f0xx_hal_tim_ex.o(.ARM.exidx.text.HAL_TIMEx_PWMN_Stop), (8 bytes).
    Removing stm32f0xx_hal_tim_ex.o(.text.HAL_TIMEx_PWMN_Start_IT), (224 bytes).
    Removing stm32f0xx_hal_tim_ex.o(.ARM.exidx.text.HAL_TIMEx_PWMN_Start_IT), (8 bytes).
    Removing stm32f0xx_hal_tim_ex.o(.text.HAL_TIMEx_PWMN_Stop_IT), (184 bytes).
    Removing stm32f0xx_hal_tim_ex.o(.ARM.exidx.text.HAL_TIMEx_PWMN_Stop_IT), (8 bytes).
    Removing stm32f0xx_hal_tim_ex.o(.text.HAL_TIMEx_PWMN_Start_DMA), (396 bytes).
    Removing stm32f0xx_hal_tim_ex.o(.ARM.exidx.text.HAL_TIMEx_PWMN_Start_DMA), (8 bytes).
    Removing stm32f0xx_hal_tim_ex.o(.text.HAL_TIMEx_PWMN_Stop_DMA), (192 bytes).
    Removing stm32f0xx_hal_tim_ex.o(.ARM.exidx.text.HAL_TIMEx_PWMN_Stop_DMA), (8 bytes).
    Removing stm32f0xx_hal_tim_ex.o(.text.HAL_TIMEx_OnePulseN_Start), (98 bytes).
    Removing stm32f0xx_hal_tim_ex.o(.ARM.exidx.text.HAL_TIMEx_OnePulseN_Start), (8 bytes).
    Removing stm32f0xx_hal_tim_ex.o(.text.HAL_TIMEx_OnePulseN_Stop), (120 bytes).
    Removing stm32f0xx_hal_tim_ex.o(.ARM.exidx.text.HAL_TIMEx_OnePulseN_Stop), (8 bytes).
    Removing stm32f0xx_hal_tim_ex.o(.text.HAL_TIMEx_OnePulseN_Start_IT), (110 bytes).
    Removing stm32f0xx_hal_tim_ex.o(.ARM.exidx.text.HAL_TIMEx_OnePulseN_Start_IT), (8 bytes).
    Removing stm32f0xx_hal_tim_ex.o(.text.HAL_TIMEx_OnePulseN_Stop_IT), (136 bytes).
    Removing stm32f0xx_hal_tim_ex.o(.ARM.exidx.text.HAL_TIMEx_OnePulseN_Stop_IT), (8 bytes).
    Removing stm32f0xx_hal_tim_ex.o(.text.HAL_TIMEx_ConfigCommutEvent), (86 bytes).
    Removing stm32f0xx_hal_tim_ex.o(.ARM.exidx.text.HAL_TIMEx_ConfigCommutEvent), (8 bytes).
    Removing stm32f0xx_hal_tim_ex.o(.text.HAL_TIMEx_ConfigCommutEvent_IT), (86 bytes).
    Removing stm32f0xx_hal_tim_ex.o(.ARM.exidx.text.HAL_TIMEx_ConfigCommutEvent_IT), (8 bytes).
    Removing stm32f0xx_hal_tim_ex.o(.text.HAL_TIMEx_ConfigCommutEvent_DMA), (120 bytes).
    Removing stm32f0xx_hal_tim_ex.o(.ARM.exidx.text.HAL_TIMEx_ConfigCommutEvent_DMA), (8 bytes).
    Removing stm32f0xx_hal_tim_ex.o(.text.TIMEx_DMACommutationCplt), (16 bytes).
    Removing stm32f0xx_hal_tim_ex.o(.ARM.exidx.text.TIMEx_DMACommutationCplt), (8 bytes).
    Removing stm32f0xx_hal_tim_ex.o(.text.TIMEx_DMACommutationHalfCplt), (16 bytes).
    Removing stm32f0xx_hal_tim_ex.o(.ARM.exidx.text.TIMEx_DMACommutationHalfCplt), (8 bytes).
    Removing stm32f0xx_hal_tim_ex.o(.ARM.exidx.text.HAL_TIMEx_MasterConfigSynchronization), (8 bytes).
    Removing stm32f0xx_hal_tim_ex.o(.text.HAL_TIMEx_ConfigBreakDeadTime), (90 bytes).
    Removing stm32f0xx_hal_tim_ex.o(.ARM.exidx.text.HAL_TIMEx_ConfigBreakDeadTime), (8 bytes).
    Removing stm32f0xx_hal_tim_ex.o(.text.HAL_TIMEx_RemapConfig), (28 bytes).
    Removing stm32f0xx_hal_tim_ex.o(.ARM.exidx.text.HAL_TIMEx_RemapConfig), (8 bytes).
    Removing stm32f0xx_hal_tim_ex.o(.text.HAL_TIMEx_CommutCallback), (2 bytes).
    Removing stm32f0xx_hal_tim_ex.o(.ARM.exidx.text.HAL_TIMEx_CommutCallback), (8 bytes).
    Removing stm32f0xx_hal_tim_ex.o(.text.HAL_TIMEx_CommutHalfCpltCallback), (2 bytes).
    Removing stm32f0xx_hal_tim_ex.o(.ARM.exidx.text.HAL_TIMEx_CommutHalfCpltCallback), (8 bytes).
    Removing stm32f0xx_hal_tim_ex.o(.text.HAL_TIMEx_BreakCallback), (2 bytes).
    Removing stm32f0xx_hal_tim_ex.o(.ARM.exidx.text.HAL_TIMEx_BreakCallback), (8 bytes).
    Removing stm32f0xx_hal_tim_ex.o(.text.HAL_TIMEx_HallSensor_GetState), (6 bytes).
    Removing stm32f0xx_hal_tim_ex.o(.ARM.exidx.text.HAL_TIMEx_HallSensor_GetState), (8 bytes).
    Removing stm32f0xx_hal_tim_ex.o(.text.HAL_TIMEx_GetChannelNState), (32 bytes).
    Removing stm32f0xx_hal_tim_ex.o(.ARM.exidx.text.HAL_TIMEx_GetChannelNState), (8 bytes).
    Removing system_stm32f0xx.o(.text), (0 bytes).
    Removing system_stm32f0xx.o(.ARM.exidx.text.SystemInit), (8 bytes).
    Removing system_stm32f0xx.o(.text.SystemCoreClockUpdate), (116 bytes).
    Removing system_stm32f0xx.o(.ARM.exidx.text.SystemCoreClockUpdate), (8 bytes).
    Removing system_stm32f0xx.o(.rodata.APBPrescTable), (8 bytes).

803 unused section(s) (total 47494 bytes) removed from the image.

==============================================================================

Image Symbol Table

    Local Symbols

    Symbol Name                              Value     Ov Type        Size  Object(Section)

    ../clib/angel/boardlib.s                 0x00000000   Number         0  boardinit1.o ABSOLUTE
    ../clib/angel/boardlib.s                 0x00000000   Number         0  boardinit2.o ABSOLUTE
    ../clib/angel/boardlib.s                 0x00000000   Number         0  boardinit3.o ABSOLUTE
    ../clib/angel/boardlib.s                 0x00000000   Number         0  boardshut.o ABSOLUTE
    ../clib/angel/handlers.s                 0x00000000   Number         0  __scatter_copy.o ABSOLUTE
    ../clib/angel/handlers.s                 0x00000000   Number         0  __scatter_zi.o ABSOLUTE
    ../clib/angel/kernel.s                   0x00000000   Number         0  __rtentry.o ABSOLUTE
    ../clib/angel/kernel.s                   0x00000000   Number         0  __rtentry2.o ABSOLUTE
    ../clib/angel/kernel.s                   0x00000000   Number         0  __rtentry4.o ABSOLUTE
    ../clib/angel/kernel.s                   0x00000000   Number         0  rtexit.o ABSOLUTE
    ../clib/angel/kernel.s                   0x00000000   Number         0  rtexit2.o ABSOLUTE
    ../clib/angel/rt.s                       0x00000000   Number         0  aeabi_idiv0.o ABSOLUTE
    ../clib/angel/rt.s                       0x00000000   Number         0  aeabi_idiv0_sigfpe.o ABSOLUTE
    ../clib/angel/rt.s                       0x00000000   Number         0  rt_div0.o ABSOLUTE
    ../clib/angel/rt.s                       0x00000000   Number         0  rt_raise.o ABSOLUTE
    ../clib/angel/scatterp.s                 0x00000000   Number         0  __scatter.o ABSOLUTE
    ../clib/angel/startup.s                  0x00000000   Number         0  __main.o ABSOLUTE
    ../clib/angel/sys.s                      0x00000000   Number         0  sys_stackheap_outer.o ABSOLUTE
    ../clib/angel/sys.s                      0x00000000   Number         0  libspace.o ABSOLUTE
    ../clib/angel/sys.s                      0x00000000   Number         0  tempstk.o ABSOLUTE
    ../clib/angel/sys.s                      0x00000000   Number         0  use_no_semi.o ABSOLUTE
    ../clib/angel/sys.s                      0x00000000   Number         0  indicate_semi.o ABSOLUTE
    ../clib/angel/sysapp.c                   0x00000000   Number         0  sys_exit.o ABSOLUTE
    ../clib/angel/sysapp.c                   0x00000000   Number         0  sys_exit_hlt.o ABSOLUTE
    ../clib/angel/sysapp.c                   0x00000000   Number         0  sys_wrch.o ABSOLUTE
    ../clib/angel/sysapp.c                   0x00000000   Number         0  sys_wrch_hlt.o ABSOLUTE
    ../clib/angel/sysapp.c                   0x00000000   Number         0  sys_command.o ABSOLUTE
    ../clib/angel/sysapp.c                   0x00000000   Number         0  sys_command_hlt.o ABSOLUTE
    ../clib/armsys.c                         0x00000000   Number         0  argv_veneer.o ABSOLUTE
    ../clib/armsys.c                         0x00000000   Number         0  _get_argv_nomalloc.o ABSOLUTE
    ../clib/armsys.c                         0x00000000   Number         0  no_argv.o ABSOLUTE
    ../clib/division.s                       0x00000000   Number         0  aeabi_sdivfast.o ABSOLUTE
    ../clib/division.s                       0x00000000   Number         0  aeabi_sdivfast_div0.o ABSOLUTE
    ../clib/heapalloc.c                      0x00000000   Number         0  hrguard.o ABSOLUTE
    ../clib/heapaux.c                        0x00000000   Number         0  heapauxi.o ABSOLUTE
    ../clib/libinit.s                        0x00000000   Number         0  libinit.o ABSOLUTE
    ../clib/libinit.s                        0x00000000   Number         0  libinit2.o ABSOLUTE
    ../clib/libinit.s                        0x00000000   Number         0  libshutdown.o ABSOLUTE
    ../clib/libinit.s                        0x00000000   Number         0  libshutdown2.o ABSOLUTE
    ../clib/longlong.c                       0x00000000   Number         0  llushr.o ABSOLUTE
    ../clib/memcpset.c                       0x00000000   Number         0  rt_memclr.o ABSOLUTE
    ../clib/signal.c                         0x00000000   Number         0  defsig_fpe_outer.o ABSOLUTE
    ../clib/signal.c                         0x00000000   Number         0  defsig_fpe_formal.o ABSOLUTE
    ../clib/signal.c                         0x00000000   Number         0  defsig_exit.o ABSOLUTE
    ../clib/signal.c                         0x00000000   Number         0  defsig_fpe_inner.o ABSOLUTE
    ../clib/signal.c                         0x00000000   Number         0  __raise.o ABSOLUTE
    ../clib/signal.c                         0x00000000   Number         0  defsig_general.o ABSOLUTE
    ../clib/signal.c                         0x00000000   Number         0  defsig_abrt_inner.o ABSOLUTE
    ../clib/signal.c                         0x00000000   Number         0  defsig_rtred_inner.o ABSOLUTE
    ../clib/signal.c                         0x00000000   Number         0  defsig_rtmem_inner.o ABSOLUTE
    ../clib/signal.c                         0x00000000   Number         0  defsig_rtmem_outer.o ABSOLUTE
    ../clib/signal.c                         0x00000000   Number         0  defsig_rtmem_formal.o ABSOLUTE
    ../clib/signal.c                         0x00000000   Number         0  defsig_stak_inner.o ABSOLUTE
    ../clib/signal.c                         0x00000000   Number         0  defsig_pvfn_inner.o ABSOLUTE
    ../clib/signal.c                         0x00000000   Number         0  defsig_cppl_inner.o ABSOLUTE
    ../clib/signal.c                         0x00000000   Number         0  defsig_segv_inner.o ABSOLUTE
    ../clib/signal.c                         0x00000000   Number         0  defsig_other.o ABSOLUTE
    ../clib/signal.s                         0x00000000   Number         0  defsig.o ABSOLUTE
    ../clib/stdlib.c                         0x00000000   Number         0  exit.o ABSOLUTE
    ../fplib/cfplib/fpinit.c                 0x00000000   Number         0  fpinit.o ABSOLUTE
    dc.s                                     0x00000000   Number         0  dc.o ABSOLUTE
    main.c                                   0x00000000   Number         0  main.o ABSOLUTE
    startup_stm32f091xc.s                    0x00000000   Number         0  startup_stm32f091xc.o ABSOLUTE
    stm32f0xx_hal.c                          0x00000000   Number         0  stm32f0xx_hal.o ABSOLUTE
    stm32f0xx_hal_adc.c                      0x00000000   Number         0  stm32f0xx_hal_adc.o ABSOLUTE
    stm32f0xx_hal_adc_ex.c                   0x00000000   Number         0  stm32f0xx_hal_adc_ex.o ABSOLUTE
    stm32f0xx_hal_cortex.c                   0x00000000   Number         0  stm32f0xx_hal_cortex.o ABSOLUTE
    stm32f0xx_hal_dma.c                      0x00000000   Number         0  stm32f0xx_hal_dma.o ABSOLUTE
    stm32f0xx_hal_exti.c                     0x00000000   Number         0  stm32f0xx_hal_exti.o ABSOLUTE
    stm32f0xx_hal_flash.c                    0x00000000   Number         0  stm32f0xx_hal_flash.o ABSOLUTE
    stm32f0xx_hal_flash_ex.c                 0x00000000   Number         0  stm32f0xx_hal_flash_ex.o ABSOLUTE
    stm32f0xx_hal_gpio.c                     0x00000000   Number         0  stm32f0xx_hal_gpio.o ABSOLUTE
    stm32f0xx_hal_i2c.c                      0x00000000   Number         0  stm32f0xx_hal_i2c.o ABSOLUTE
    stm32f0xx_hal_i2c_ex.c                   0x00000000   Number         0  stm32f0xx_hal_i2c_ex.o ABSOLUTE
    stm32f0xx_hal_msp.c                      0x00000000   Number         0  stm32f0xx_hal_msp.o ABSOLUTE
    stm32f0xx_hal_pwr.c                      0x00000000   Number         0  stm32f0xx_hal_pwr.o ABSOLUTE
    stm32f0xx_hal_pwr_ex.c                   0x00000000   Number         0  stm32f0xx_hal_pwr_ex.o ABSOLUTE
    stm32f0xx_hal_rcc.c                      0x00000000   Number         0  stm32f0xx_hal_rcc.o ABSOLUTE
    stm32f0xx_hal_rcc_ex.c                   0x00000000   Number         0  stm32f0xx_hal_rcc_ex.o ABSOLUTE
    stm32f0xx_hal_tim.c                      0x00000000   Number         0  stm32f0xx_hal_tim.o ABSOLUTE
    stm32f0xx_hal_tim_ex.c                   0x00000000   Number         0  stm32f0xx_hal_tim_ex.o ABSOLUTE
    stm32f0xx_it.c                           0x00000000   Number         0  stm32f0xx_it.o ABSOLUTE
    system_stm32f0xx.c                       0x00000000   Number         0  system_stm32f0xx.o ABSOLUTE
    telecommunication.c                      0x00000000   Number         0  telecommunication.o ABSOLUTE
    RESET                                    0x08000000   Section      188  startup_stm32f091xc.o(RESET)
    !!!main                                  0x080000bc   Section        8  __main.o(!!!main)
    !!!scatter                               0x080000c4   Section       60  __scatter.o(!!!scatter)
    !!handler_copy                           0x08000100   Section       26  __scatter_copy.o(!!handler_copy)
    !!handler_zi                             0x0800011c   Section       28  __scatter_zi.o(!!handler_zi)
    .ARM.Collect$$libinit$$00000000          0x08000138   Section        2  libinit.o(.ARM.Collect$$libinit$$00000000)
    .ARM.Collect$$libinit$$00000002          0x0800013a   Section        0  libinit2.o(.ARM.Collect$$libinit$$00000002)
    .ARM.Collect$$libinit$$00000004          0x0800013a   Section        0  libinit2.o(.ARM.Collect$$libinit$$00000004)
    .ARM.Collect$$libinit$$00000006          0x0800013a   Section        0  libinit2.o(.ARM.Collect$$libinit$$00000006)
    .ARM.Collect$$libinit$$0000000C          0x0800013a   Section        0  libinit2.o(.ARM.Collect$$libinit$$0000000C)
    .ARM.Collect$$libinit$$0000000E          0x0800013a   Section        0  libinit2.o(.ARM.Collect$$libinit$$0000000E)
    .ARM.Collect$$libinit$$00000010          0x0800013a   Section        0  libinit2.o(.ARM.Collect$$libinit$$00000010)
    .ARM.Collect$$libinit$$00000013          0x0800013a   Section        0  libinit2.o(.ARM.Collect$$libinit$$00000013)
    .ARM.Collect$$libinit$$00000015          0x0800013a   Section        0  libinit2.o(.ARM.Collect$$libinit$$00000015)
    .ARM.Collect$$libinit$$00000017          0x0800013a   Section        0  libinit2.o(.ARM.Collect$$libinit$$00000017)
    .ARM.Collect$$libinit$$00000019          0x0800013a   Section        0  libinit2.o(.ARM.Collect$$libinit$$00000019)
    .ARM.Collect$$libinit$$0000001B          0x0800013a   Section        0  libinit2.o(.ARM.Collect$$libinit$$0000001B)
    .ARM.Collect$$libinit$$0000001D          0x0800013a   Section        0  libinit2.o(.ARM.Collect$$libinit$$0000001D)
    .ARM.Collect$$libinit$$0000001F          0x0800013a   Section        0  libinit2.o(.ARM.Collect$$libinit$$0000001F)
    .ARM.Collect$$libinit$$00000021          0x0800013a   Section        0  libinit2.o(.ARM.Collect$$libinit$$00000021)
    .ARM.Collect$$libinit$$00000023          0x0800013a   Section        0  libinit2.o(.ARM.Collect$$libinit$$00000023)
    .ARM.Collect$$libinit$$00000025          0x0800013a   Section        0  libinit2.o(.ARM.Collect$$libinit$$00000025)
    .ARM.Collect$$libinit$$00000027          0x0800013a   Section        0  libinit2.o(.ARM.Collect$$libinit$$00000027)
    .ARM.Collect$$libinit$$0000002E          0x0800013a   Section        0  libinit2.o(.ARM.Collect$$libinit$$0000002E)
    .ARM.Collect$$libinit$$00000030          0x0800013a   Section        0  libinit2.o(.ARM.Collect$$libinit$$00000030)
    .ARM.Collect$$libinit$$00000032          0x0800013a   Section        0  libinit2.o(.ARM.Collect$$libinit$$00000032)
    .ARM.Collect$$libinit$$00000034          0x0800013a   Section        0  libinit2.o(.ARM.Collect$$libinit$$00000034)
    .ARM.Collect$$libinit$$00000035          0x0800013a   Section        2  libinit2.o(.ARM.Collect$$libinit$$00000035)
    .ARM.Collect$$libshutdown$$00000000      0x0800013c   Section        2  libshutdown.o(.ARM.Collect$$libshutdown$$00000000)
    .ARM.Collect$$libshutdown$$00000002      0x0800013e   Section        0  libshutdown2.o(.ARM.Collect$$libshutdown$$00000002)
    .ARM.Collect$$libshutdown$$00000004      0x0800013e   Section        0  libshutdown2.o(.ARM.Collect$$libshutdown$$00000004)
    .ARM.Collect$$libshutdown$$00000007      0x0800013e   Section        0  libshutdown2.o(.ARM.Collect$$libshutdown$$00000007)
    .ARM.Collect$$libshutdown$$0000000A      0x0800013e   Section        0  libshutdown2.o(.ARM.Collect$$libshutdown$$0000000A)
    .ARM.Collect$$libshutdown$$0000000C      0x0800013e   Section        0  libshutdown2.o(.ARM.Collect$$libshutdown$$0000000C)
    .ARM.Collect$$libshutdown$$0000000F      0x0800013e   Section        0  libshutdown2.o(.ARM.Collect$$libshutdown$$0000000F)
    .ARM.Collect$$libshutdown$$00000010      0x0800013e   Section        2  libshutdown2.o(.ARM.Collect$$libshutdown$$00000010)
    .ARM.Collect$$rtentry$$00000000          0x08000140   Section        0  __rtentry.o(.ARM.Collect$$rtentry$$00000000)
    .ARM.Collect$$rtentry$$00000002          0x08000140   Section        0  __rtentry2.o(.ARM.Collect$$rtentry$$00000002)
    .ARM.Collect$$rtentry$$00000004          0x08000140   Section        6  __rtentry4.o(.ARM.Collect$$rtentry$$00000004)
    .ARM.Collect$$rtentry$$00000009          0x08000146   Section        0  __rtentry2.o(.ARM.Collect$$rtentry$$00000009)
    .ARM.Collect$$rtentry$$0000000A          0x08000146   Section        4  __rtentry2.o(.ARM.Collect$$rtentry$$0000000A)
    .ARM.Collect$$rtentry$$0000000C          0x0800014a   Section        0  __rtentry2.o(.ARM.Collect$$rtentry$$0000000C)
    .ARM.Collect$$rtentry$$0000000D          0x0800014a   Section        8  __rtentry2.o(.ARM.Collect$$rtentry$$0000000D)
    .ARM.Collect$$rtexit$$00000000           0x08000152   Section        2  rtexit.o(.ARM.Collect$$rtexit$$00000000)
    .ARM.Collect$$rtexit$$00000002           0x08000154   Section        0  rtexit2.o(.ARM.Collect$$rtexit$$00000002)
    .ARM.Collect$$rtexit$$00000003           0x08000154   Section        4  rtexit2.o(.ARM.Collect$$rtexit$$00000003)
    .ARM.Collect$$rtexit$$00000004           0x08000158   Section        6  rtexit2.o(.ARM.Collect$$rtexit$$00000004)
    .text                                    0x08000160   Section       56  startup_stm32f091xc.o(.text)
    .text                                    0x08000198   Section        0  rt_memclr.o(.text)
    .text                                    0x080001d8   Section      504  aeabi_sdivfast.o(.text)
    .text                                    0x080003d0   Section        0  heapauxi.o(.text)
    .text                                    0x080003d6   Section       62  sys_stackheap_outer.o(.text)
    .text                                    0x08000414   Section        0  exit.o(.text)
    .text                                    0x08000424   Section        8  libspace.o(.text)
    .text                                    0x0800042c   Section        0  sys_exit.o(.text)
    .text                                    0x08000438   Section        2  use_no_semi.o(.text)
    .text                                    0x0800043a   Section        0  indicate_semi.o(.text)
    ADC_Enable                               0x0800043d   Thumb Code   172  stm32f0xx_hal_adc.o(.text.ADC_Enable)
    [Anonymous Symbol]                       0x0800043c   Section        0  stm32f0xx_hal_adc.o(.text.ADC_Enable)
    __arm_cp.5_0                             0x080004e8   Number         4  stm32f0xx_hal_adc.o(.text.ADC_Enable)
    [Anonymous Symbol]                       0x080004ec   Section        0  stm32f0xx_hal_adc.o(.text.HAL_ADC_ConfigChannel)
    __arm_cp.22_0                            0x08000618   Number         4  stm32f0xx_hal_adc.o(.text.HAL_ADC_ConfigChannel)
    __arm_cp.22_1                            0x0800061c   Number         4  stm32f0xx_hal_adc.o(.text.HAL_ADC_ConfigChannel)
    __arm_cp.22_2                            0x08000620   Number         4  stm32f0xx_hal_adc.o(.text.HAL_ADC_ConfigChannel)
    __arm_cp.22_3                            0x08000624   Number         4  stm32f0xx_hal_adc.o(.text.HAL_ADC_ConfigChannel)
    __arm_cp.22_4                            0x08000628   Number         4  stm32f0xx_hal_adc.o(.text.HAL_ADC_ConfigChannel)
    __arm_cp.22_5                            0x0800062c   Number         4  stm32f0xx_hal_adc.o(.text.HAL_ADC_ConfigChannel)
    __arm_cp.22_6                            0x08000630   Number         4  stm32f0xx_hal_adc.o(.text.HAL_ADC_ConfigChannel)
    [Anonymous Symbol]                       0x08000634   Section        0  stm32f0xx_hal_adc.o(.text.HAL_ADC_GetValue)
    [Anonymous Symbol]                       0x0800063c   Section        0  stm32f0xx_hal_adc.o(.text.HAL_ADC_Init)
    __arm_cp.0_0                             0x0800078c   Number         4  stm32f0xx_hal_adc.o(.text.HAL_ADC_Init)
    __arm_cp.0_1                             0x08000790   Number         4  stm32f0xx_hal_adc.o(.text.HAL_ADC_Init)
    [Anonymous Symbol]                       0x08000794   Section        0  stm32f0xx_hal_msp.o(.text.HAL_ADC_MspInit)
    __arm_cp.1_0                             0x080007e4   Number         4  stm32f0xx_hal_msp.o(.text.HAL_ADC_MspInit)
    __arm_cp.1_1                             0x080007e8   Number         4  stm32f0xx_hal_msp.o(.text.HAL_ADC_MspInit)
    __arm_cp.1_2                             0x080007ec   Number         4  stm32f0xx_hal_msp.o(.text.HAL_ADC_MspInit)
    [Anonymous Symbol]                       0x080007f0   Section        0  stm32f0xx_hal_adc.o(.text.HAL_ADC_PollForConversion)
    [Anonymous Symbol]                       0x08000910   Section        0  stm32f0xx_hal_adc.o(.text.HAL_ADC_Start)
    __arm_cp.4_0                             0x08000964   Number         4  stm32f0xx_hal_adc.o(.text.HAL_ADC_Start)
    [Anonymous Symbol]                       0x08000968   Section        0  stm32f0xx_hal_gpio.o(.text.HAL_GPIO_Init)
    __arm_cp.0_0                             0x08000b24   Number         4  stm32f0xx_hal_gpio.o(.text.HAL_GPIO_Init)
    __arm_cp.0_1                             0x08000b28   Number         4  stm32f0xx_hal_gpio.o(.text.HAL_GPIO_Init)
    __arm_cp.0_3                             0x08000b2c   Number         4  stm32f0xx_hal_gpio.o(.text.HAL_GPIO_Init)
    [Anonymous Symbol]                       0x08000b30   Section        0  stm32f0xx_hal_gpio.o(.text.HAL_GPIO_WritePin)
    [Anonymous Symbol]                       0x08000b40   Section        0  stm32f0xx_hal.o(.text.HAL_GetTick)
    [Anonymous Symbol]                       0x08000b48   Section        0  stm32f0xx_hal.o(.text.HAL_IncTick)
    __arm_cp.5_1                             0x08000b58   Number         4  stm32f0xx_hal.o(.text.HAL_IncTick)
    [Anonymous Symbol]                       0x08000b5c   Section        0  stm32f0xx_hal.o(.text.HAL_Init)
    [Anonymous Symbol]                       0x08000b78   Section        0  stm32f0xx_hal.o(.text.HAL_InitTick)
    __arm_cp.1_0                             0x08000bb4   Number         4  stm32f0xx_hal.o(.text.HAL_InitTick)
    [Anonymous Symbol]                       0x08000bb8   Section        0  stm32f0xx_hal_msp.o(.text.HAL_MspInit)
    __arm_cp.0_0                             0x08000be0   Number         4  stm32f0xx_hal_msp.o(.text.HAL_MspInit)
    [Anonymous Symbol]                       0x08000be4   Section        0  stm32f0xx_hal_cortex.o(.text.HAL_NVIC_SetPriority)
    __arm_cp.0_0                             0x08000c1c   Number         4  stm32f0xx_hal_cortex.o(.text.HAL_NVIC_SetPriority)
    __arm_cp.0_1                             0x08000c20   Number         4  stm32f0xx_hal_cortex.o(.text.HAL_NVIC_SetPriority)
    [Anonymous Symbol]                       0x08000c24   Section        0  stm32f0xx_hal_rcc.o(.text.HAL_RCC_ClockConfig)
    __arm_cp.2_0                             0x08000d7c   Number         4  stm32f0xx_hal_rcc.o(.text.HAL_RCC_ClockConfig)
    __arm_cp.2_1                             0x08000d80   Number         4  stm32f0xx_hal_rcc.o(.text.HAL_RCC_ClockConfig)
    __arm_cp.2_2                             0x08000d84   Number         4  stm32f0xx_hal_rcc.o(.text.HAL_RCC_ClockConfig)
    __arm_cp.2_3                             0x08000d88   Number         4  stm32f0xx_hal_rcc.o(.text.HAL_RCC_ClockConfig)
    __arm_cp.2_4                             0x08000d8c   Number         4  stm32f0xx_hal_rcc.o(.text.HAL_RCC_ClockConfig)
    __arm_cp.2_5                             0x08000d90   Number         4  stm32f0xx_hal_rcc.o(.text.HAL_RCC_ClockConfig)
    __arm_cp.2_6                             0x08000d94   Number         4  stm32f0xx_hal_rcc.o(.text.HAL_RCC_ClockConfig)
    __arm_cp.2_7                             0x08000d98   Number         4  stm32f0xx_hal_rcc.o(.text.HAL_RCC_ClockConfig)
    __arm_cp.2_8                             0x08000d9c   Number         4  stm32f0xx_hal_rcc.o(.text.HAL_RCC_ClockConfig)
    [Anonymous Symbol]                       0x08000da0   Section        0  stm32f0xx_hal_rcc.o(.text.HAL_RCC_OscConfig)
    __arm_cp.1_4                             0x0800119c   Number         4  stm32f0xx_hal_rcc.o(.text.HAL_RCC_OscConfig)
    __arm_cp.1_1                             0x08001240   Number         4  stm32f0xx_hal_rcc.o(.text.HAL_RCC_OscConfig)
    __arm_cp.1_2                             0x08001244   Number         4  stm32f0xx_hal_rcc.o(.text.HAL_RCC_OscConfig)
    [Anonymous Symbol]                       0x08001248   Section        0  stm32f0xx_hal_cortex.o(.text.HAL_SYSTICK_Config)
    __arm_cp.4_0                             0x08001270   Number         4  stm32f0xx_hal_cortex.o(.text.HAL_SYSTICK_Config)
    __arm_cp.4_1                             0x08001274   Number         4  stm32f0xx_hal_cortex.o(.text.HAL_SYSTICK_Config)
    __arm_cp.4_2                             0x08001278   Number         4  stm32f0xx_hal_cortex.o(.text.HAL_SYSTICK_Config)
    [Anonymous Symbol]                       0x0800127c   Section        0  stm32f0xx_hal_tim_ex.o(.text.HAL_TIMEx_MasterConfigSynchronization)
    [Anonymous Symbol]                       0x080012d8   Section        0  stm32f0xx_hal_tim.o(.text.HAL_TIM_Base_Init)
    __arm_cp.0_3                             0x080013b0   Number         4  stm32f0xx_hal_tim.o(.text.HAL_TIM_Base_Init)
    __arm_cp.0_4                             0x080013b4   Number         4  stm32f0xx_hal_tim.o(.text.HAL_TIM_Base_Init)
    __arm_cp.0_5                             0x080013b8   Number         4  stm32f0xx_hal_tim.o(.text.HAL_TIM_Base_Init)
    __arm_cp.0_7                             0x080013bc   Number         4  stm32f0xx_hal_tim.o(.text.HAL_TIM_Base_Init)
    __arm_cp.0_8                             0x080013c0   Number         4  stm32f0xx_hal_tim.o(.text.HAL_TIM_Base_Init)
    [Anonymous Symbol]                       0x080013c4   Section        0  stm32f0xx_hal_msp.o(.text.HAL_TIM_Base_MspInit)
    __arm_cp.3_0                             0x080013e8   Number         4  stm32f0xx_hal_msp.o(.text.HAL_TIM_Base_MspInit)
    [Anonymous Symbol]                       0x080013ec   Section        0  stm32f0xx_hal_tim.o(.text.HAL_TIM_Base_Start)
    __arm_cp.5_0                             0x08001440   Number         4  stm32f0xx_hal_tim.o(.text.HAL_TIM_Base_Start)
    __arm_cp.5_1                             0x08001444   Number         4  stm32f0xx_hal_tim.o(.text.HAL_TIM_Base_Start)
    __arm_cp.5_2                             0x08001448   Number         4  stm32f0xx_hal_tim.o(.text.HAL_TIM_Base_Start)
    __arm_cp.5_3                             0x0800144c   Number         4  stm32f0xx_hal_tim.o(.text.HAL_TIM_Base_Start)
    [Anonymous Symbol]                       0x08001450   Section        0  stm32f0xx_hal_tim.o(.text.HAL_TIM_ConfigClockSource)
    __arm_cp.90_0                            0x080015a8   Number         4  stm32f0xx_hal_tim.o(.text.HAL_TIM_ConfigClockSource)
    [Anonymous Symbol]                       0x080015ac   Section        0  stm32f0xx_it.o(.text.HardFault_Handler)
    [Anonymous Symbol]                       0x080015ae   Section        0  stm32f0xx_it.o(.text.NMI_Handler)
    [Anonymous Symbol]                       0x080015b0   Section        0  stm32f0xx_it.o(.text.PendSV_Handler)
    [Anonymous Symbol]                       0x080015b2   Section        0  stm32f0xx_it.o(.text.SVC_Handler)
    [Anonymous Symbol]                       0x080015b4   Section        0  stm32f0xx_it.o(.text.SysTick_Handler)
    [Anonymous Symbol]                       0x080015bc   Section        0  system_stm32f0xx.o(.text.SystemInit)
    [Anonymous Symbol]                       0x080015c0   Section        0  main.o(.text.main)
    __arm_cp.0_0                             0x0800173c   Number         4  main.o(.text.main)
    __arm_cp.0_1                             0x08001740   Number         4  main.o(.text.main)
    __arm_cp.0_3                             0x08001744   Number         4  main.o(.text.main)
    __arm_cp.0_4                             0x08001748   Number         4  main.o(.text.main)
    [Anonymous Symbol]                       0x0800174c   Section        0  telecommunication.o(.text.mainCode)
    __arm_cp.0_8                             0x080017a8   Number         4  telecommunication.o(.text.mainCode)
    __arm_cp.0_11                            0x08001860   Number         4  telecommunication.o(.text.mainCode)
    __arm_cp.0_0                             0x08001d30   Number         4  telecommunication.o(.text.mainCode)
    __arm_cp.0_2                             0x08001d34   Number         4  telecommunication.o(.text.mainCode)
    __arm_cp.0_4                             0x08001d38   Number         4  telecommunication.o(.text.mainCode)
    .text_divfast                            0x08001d3c   Section      502  aeabi_sdivfast.o(.text_divfast)
    HAL_RCC_GetSysClockFreq.aPLLMULFactorTable 0x08001f42   Data          16  stm32f0xx_hal_rcc.o(.rodata.cst16)
    [Anonymous Symbol]                       0x08001f42   Section        0  stm32f0xx_hal_rcc.o(.rodata.cst16)
    HAL_RCC_GetSysClockFreq.aPredivFactorTable 0x08001f52   Data          16  stm32f0xx_hal_rcc.o(.rodata.cst16)
    [Anonymous Symbol]                       0x20000000   Section        0  stm32f0xx_hal.o(.data..L_MergedGlobals)
    .bss                                     0x20000010   Section       96  libspace.o(.bss)
    [Anonymous Symbol]                       0x20000070   Section        0  telecommunication.o(.bss..L_MergedGlobals)
    Heap_Mem                                 0x20000108   Data         512  startup_stm32f091xc.o(HEAP)
    HEAP                                     0x20000108   Section      512  startup_stm32f091xc.o(HEAP)
    Stack_Mem                                0x20000308   Data        1024  startup_stm32f091xc.o(STACK)
    STACK                                    0x20000308   Section     1024  startup_stm32f091xc.o(STACK)
    __initial_sp                             0x20000708   Data           0  startup_stm32f091xc.o(STACK)

    Global Symbols

    Symbol Name                              Value     Ov Type        Size  Object(Section)

    BuildAttributes$$THM_ISAv3M$S$PE$A:L22$X:L11$S22$IEEE1$IW$~IW$USESV6$~STKCKD$USESV7$~SHL$OTIME$ROPI$EBA8$UX$STANDARDLIB$REQ8$PRES8$EABIv2 0x00000000   Number         0  anon$$obj.o ABSOLUTE
    __ARM_exceptions_init                     - Undefined Weak Reference
    __alloca_initialize                       - Undefined Weak Reference
    __arm_preinit_                            - Undefined Weak Reference
    __arm_relocate_pie_                       - Undefined Weak Reference
    __cpp_initialize__aeabi_                  - Undefined Weak Reference
    __cxa_finalize                            - Undefined Weak Reference
    __rt_locale                               - Undefined Weak Reference
    __sigvec_lookup                           - Undefined Weak Reference
    _atexit_init                              - Undefined Weak Reference
    _call_atexit_fns                          - Undefined Weak Reference
    _clock_init                               - Undefined Weak Reference
    _fp_trap_init                             - Undefined Weak Reference
    _fp_trap_shutdown                         - Undefined Weak Reference
    _get_lc_collate                           - Undefined Weak Reference
    _get_lc_ctype                             - Undefined Weak Reference
    _get_lc_monetary                          - Undefined Weak Reference
    _get_lc_numeric                           - Undefined Weak Reference
    _get_lc_time                              - Undefined Weak Reference
    _getenv_init                              - Undefined Weak Reference
    _handle_redirection                       - Undefined Weak Reference
    _init_alloc                               - Undefined Weak Reference
    _init_user_alloc                          - Undefined Weak Reference
    _initio                                   - Undefined Weak Reference
    _rand_init                                - Undefined Weak Reference
    _signal_finish                            - Undefined Weak Reference
    _signal_init                              - Undefined Weak Reference
    _terminate_alloc                          - Undefined Weak Reference
    _terminate_user_alloc                     - Undefined Weak Reference
    _terminateio                              - Undefined Weak Reference
    __Vectors_Size                           0x000000bc   Number         0  startup_stm32f091xc.o ABSOLUTE
    __Vectors                                0x08000000   Data           4  startup_stm32f091xc.o(RESET)
    __Vectors_End                            0x080000bc   Data           0  startup_stm32f091xc.o(RESET)
    __main                                   0x080000bd   Thumb Code     8  __main.o(!!!main)
    __scatterload                            0x080000c5   Thumb Code     0  __scatter.o(!!!scatter)
    __scatterload_rt2                        0x080000c5   Thumb Code    52  __scatter.o(!!!scatter)
    __scatterload_rt2_thumb_only             0x080000c5   Thumb Code     0  __scatter.o(!!!scatter)
    __scatterload_null                       0x080000d5   Thumb Code     0  __scatter.o(!!!scatter)
    __scatterload_copy                       0x08000101   Thumb Code    26  __scatter_copy.o(!!handler_copy)
    __scatterload_zeroinit                   0x0800011d   Thumb Code    28  __scatter_zi.o(!!handler_zi)
    __rt_lib_init                            0x08000139   Thumb Code     0  libinit.o(.ARM.Collect$$libinit$$00000000)
    __rt_lib_init_alloca_1                   0x0800013b   Thumb Code     0  libinit2.o(.ARM.Collect$$libinit$$00000030)
    __rt_lib_init_argv_1                     0x0800013b   Thumb Code     0  libinit2.o(.ARM.Collect$$libinit$$0000002E)
    __rt_lib_init_atexit_1                   0x0800013b   Thumb Code     0  libinit2.o(.ARM.Collect$$libinit$$0000001D)
    __rt_lib_init_clock_1                    0x0800013b   Thumb Code     0  libinit2.o(.ARM.Collect$$libinit$$00000023)
    __rt_lib_init_cpp_1                      0x0800013b   Thumb Code     0  libinit2.o(.ARM.Collect$$libinit$$00000034)
    __rt_lib_init_exceptions_1               0x0800013b   Thumb Code     0  libinit2.o(.ARM.Collect$$libinit$$00000032)
    __rt_lib_init_fp_1                       0x0800013b   Thumb Code     0  libinit2.o(.ARM.Collect$$libinit$$00000002)
    __rt_lib_init_fp_trap_1                  0x0800013b   Thumb Code     0  libinit2.o(.ARM.Collect$$libinit$$00000021)
    __rt_lib_init_getenv_1                   0x0800013b   Thumb Code     0  libinit2.o(.ARM.Collect$$libinit$$00000025)
    __rt_lib_init_heap_1                     0x0800013b   Thumb Code     0  libinit2.o(.ARM.Collect$$libinit$$0000000C)
    __rt_lib_init_lc_collate_1               0x0800013b   Thumb Code     0  libinit2.o(.ARM.Collect$$libinit$$00000013)
    __rt_lib_init_lc_ctype_1                 0x0800013b   Thumb Code     0  libinit2.o(.ARM.Collect$$libinit$$00000015)
    __rt_lib_init_lc_monetary_1              0x0800013b   Thumb Code     0  libinit2.o(.ARM.Collect$$libinit$$00000017)
    __rt_lib_init_lc_numeric_1               0x0800013b   Thumb Code     0  libinit2.o(.ARM.Collect$$libinit$$00000019)
    __rt_lib_init_lc_time_1                  0x0800013b   Thumb Code     0  libinit2.o(.ARM.Collect$$libinit$$0000001B)
    __rt_lib_init_preinit_1                  0x0800013b   Thumb Code     0  libinit2.o(.ARM.Collect$$libinit$$00000006)
    __rt_lib_init_rand_1                     0x0800013b   Thumb Code     0  libinit2.o(.ARM.Collect$$libinit$$00000010)
    __rt_lib_init_relocate_pie_1             0x0800013b   Thumb Code     0  libinit2.o(.ARM.Collect$$libinit$$00000004)
    __rt_lib_init_return                     0x0800013b   Thumb Code     0  libinit2.o(.ARM.Collect$$libinit$$00000035)
    __rt_lib_init_signal_1                   0x0800013b   Thumb Code     0  libinit2.o(.ARM.Collect$$libinit$$0000001F)
    __rt_lib_init_stdio_1                    0x0800013b   Thumb Code     0  libinit2.o(.ARM.Collect$$libinit$$00000027)
    __rt_lib_init_user_alloc_1               0x0800013b   Thumb Code     0  libinit2.o(.ARM.Collect$$libinit$$0000000E)
    __rt_lib_shutdown                        0x0800013d   Thumb Code     0  libshutdown.o(.ARM.Collect$$libshutdown$$00000000)
    __rt_lib_shutdown_cpp_1                  0x0800013f   Thumb Code     0  libshutdown2.o(.ARM.Collect$$libshutdown$$00000002)
    __rt_lib_shutdown_fp_trap_1              0x0800013f   Thumb Code     0  libshutdown2.o(.ARM.Collect$$libshutdown$$00000007)
    __rt_lib_shutdown_heap_1                 0x0800013f   Thumb Code     0  libshutdown2.o(.ARM.Collect$$libshutdown$$0000000F)
    __rt_lib_shutdown_return                 0x0800013f   Thumb Code     0  libshutdown2.o(.ARM.Collect$$libshutdown$$00000010)
    __rt_lib_shutdown_signal_1               0x0800013f   Thumb Code     0  libshutdown2.o(.ARM.Collect$$libshutdown$$0000000A)
    __rt_lib_shutdown_stdio_1                0x0800013f   Thumb Code     0  libshutdown2.o(.ARM.Collect$$libshutdown$$00000004)
    __rt_lib_shutdown_user_alloc_1           0x0800013f   Thumb Code     0  libshutdown2.o(.ARM.Collect$$libshutdown$$0000000C)
    __rt_entry                               0x08000141   Thumb Code     0  __rtentry.o(.ARM.Collect$$rtentry$$00000000)
    __rt_entry_presh_1                       0x08000141   Thumb Code     0  __rtentry2.o(.ARM.Collect$$rtentry$$00000002)
    __rt_entry_sh                            0x08000141   Thumb Code     0  __rtentry4.o(.ARM.Collect$$rtentry$$00000004)
    __rt_entry_li                            0x08000147   Thumb Code     0  __rtentry2.o(.ARM.Collect$$rtentry$$0000000A)
    __rt_entry_postsh_1                      0x08000147   Thumb Code     0  __rtentry2.o(.ARM.Collect$$rtentry$$00000009)
    __rt_entry_main                          0x0800014b   Thumb Code     0  __rtentry2.o(.ARM.Collect$$rtentry$$0000000D)
    __rt_entry_postli_1                      0x0800014b   Thumb Code     0  __rtentry2.o(.ARM.Collect$$rtentry$$0000000C)
    __rt_exit                                0x08000153   Thumb Code     0  rtexit.o(.ARM.Collect$$rtexit$$00000000)
    __rt_exit_ls                             0x08000155   Thumb Code     0  rtexit2.o(.ARM.Collect$$rtexit$$00000003)
    __rt_exit_prels_1                        0x08000155   Thumb Code     0  rtexit2.o(.ARM.Collect$$rtexit$$00000002)
    __rt_exit_exit                           0x08000159   Thumb Code     0  rtexit2.o(.ARM.Collect$$rtexit$$00000004)
    Reset_Handler                            0x08000161   Thumb Code     8  startup_stm32f091xc.o(.text)
    ADC1_COMP_IRQHandler                     0x08000173   Thumb Code     0  startup_stm32f091xc.o(.text)
    CEC_CAN_IRQHandler                       0x08000173   Thumb Code     0  startup_stm32f091xc.o(.text)
    DMA1_Ch1_IRQHandler                      0x08000173   Thumb Code     0  startup_stm32f091xc.o(.text)
    DMA1_Ch2_3_DMA2_Ch1_2_IRQHandler         0x08000173   Thumb Code     0  startup_stm32f091xc.o(.text)
    DMA1_Ch4_7_DMA2_Ch3_5_IRQHandler         0x08000173   Thumb Code     0  startup_stm32f091xc.o(.text)
    EXTI0_1_IRQHandler                       0x08000173   Thumb Code     0  startup_stm32f091xc.o(.text)
    EXTI2_3_IRQHandler                       0x08000173   Thumb Code     0  startup_stm32f091xc.o(.text)
    EXTI4_15_IRQHandler                      0x08000173   Thumb Code     0  startup_stm32f091xc.o(.text)
    FLASH_IRQHandler                         0x08000173   Thumb Code     0  startup_stm32f091xc.o(.text)
    I2C1_IRQHandler                          0x08000173   Thumb Code     0  startup_stm32f091xc.o(.text)
    I2C2_IRQHandler                          0x08000173   Thumb Code     0  startup_stm32f091xc.o(.text)
    PVD_VDDIO2_IRQHandler                    0x08000173   Thumb Code     0  startup_stm32f091xc.o(.text)
    RCC_CRS_IRQHandler                       0x08000173   Thumb Code     0  startup_stm32f091xc.o(.text)
    RTC_IRQHandler                           0x08000173   Thumb Code     0  startup_stm32f091xc.o(.text)
    SPI1_IRQHandler                          0x08000173   Thumb Code     0  startup_stm32f091xc.o(.text)
    SPI2_IRQHandler                          0x08000173   Thumb Code     0  startup_stm32f091xc.o(.text)
    TIM14_IRQHandler                         0x08000173   Thumb Code     0  startup_stm32f091xc.o(.text)
    TIM15_IRQHandler                         0x08000173   Thumb Code     0  startup_stm32f091xc.o(.text)
    TIM16_IRQHandler                         0x08000173   Thumb Code     0  startup_stm32f091xc.o(.text)
    TIM17_IRQHandler                         0x08000173   Thumb Code     0  startup_stm32f091xc.o(.text)
    TIM1_BRK_UP_TRG_COM_IRQHandler           0x08000173   Thumb Code     0  startup_stm32f091xc.o(.text)
    TIM1_CC_IRQHandler                       0x08000173   Thumb Code     0  startup_stm32f091xc.o(.text)
    TIM2_IRQHandler                          0x08000173   Thumb Code     0  startup_stm32f091xc.o(.text)
    TIM3_IRQHandler                          0x08000173   Thumb Code     0  startup_stm32f091xc.o(.text)
    TIM6_DAC_IRQHandler                      0x08000173   Thumb Code     0  startup_stm32f091xc.o(.text)
    TIM7_IRQHandler                          0x08000173   Thumb Code     0  startup_stm32f091xc.o(.text)
    TSC_IRQHandler                           0x08000173   Thumb Code     0  startup_stm32f091xc.o(.text)
    USART1_IRQHandler                        0x08000173   Thumb Code     0  startup_stm32f091xc.o(.text)
    USART2_IRQHandler                        0x08000173   Thumb Code     0  startup_stm32f091xc.o(.text)
    USART3_8_IRQHandler                      0x08000173   Thumb Code     0  startup_stm32f091xc.o(.text)
    WWDG_IRQHandler                          0x08000173   Thumb Code     0  startup_stm32f091xc.o(.text)
    __user_initial_stackheap                 0x08000175   Thumb Code     0  startup_stm32f091xc.o(.text)
    _memset_w                                0x08000199   Thumb Code    26  rt_memclr.o(.text)
    _memset                                  0x080001b3   Thumb Code    30  rt_memclr.o(.text)
    __aeabi_memclr                           0x080001d1   Thumb Code     4  rt_memclr.o(.text)
    __rt_memclr                              0x080001d1   Thumb Code     0  rt_memclr.o(.text)
    __aeabi_memclr4                          0x080001d5   Thumb Code     0  rt_memclr.o(.text)
    __aeabi_memclr8                          0x080001d5   Thumb Code     0  rt_memclr.o(.text)
    __rt_memclr_w                            0x080001d5   Thumb Code     4  rt_memclr.o(.text)
    __aeabi_uidivmod                         0x080001d9   Thumb Code    28  aeabi_sdivfast.o(.text)
    __aeabi_idivmod                          0x080001f5   Thumb Code   472  aeabi_sdivfast.o(.text)
    __use_two_region_memory                  0x080003d1   Thumb Code     2  heapauxi.o(.text)
    __rt_heap_escrow$2region                 0x080003d3   Thumb Code     2  heapauxi.o(.text)
    __rt_heap_expand$2region                 0x080003d5   Thumb Code     2  heapauxi.o(.text)
    __user_setup_stackheap                   0x080003d7   Thumb Code    62  sys_stackheap_outer.o(.text)
    exit                                     0x08000415   Thumb Code    16  exit.o(.text)
    __user_libspace                          0x08000425   Thumb Code     8  libspace.o(.text)
    __user_perproc_libspace                  0x08000425   Thumb Code     0  libspace.o(.text)
    __user_perthread_libspace                0x08000425   Thumb Code     0  libspace.o(.text)
    _sys_exit                                0x0800042d   Thumb Code     8  sys_exit.o(.text)
    __I$use$semihosting                      0x08000439   Thumb Code     0  use_no_semi.o(.text)
    __use_no_semihosting_swi                 0x08000439   Thumb Code     2  use_no_semi.o(.text)
    __semihosting_library_function           0x0800043b   Thumb Code     0  indicate_semi.o(.text)
    HAL_ADC_ConfigChannel                    0x080004ed   Thumb Code   300  stm32f0xx_hal_adc.o(.text.HAL_ADC_ConfigChannel)
    HAL_ADC_GetValue                         0x08000635   Thumb Code     6  stm32f0xx_hal_adc.o(.text.HAL_ADC_GetValue)
    HAL_ADC_Init                             0x0800063d   Thumb Code   336  stm32f0xx_hal_adc.o(.text.HAL_ADC_Init)
    HAL_ADC_MspInit                          0x08000795   Thumb Code    80  stm32f0xx_hal_msp.o(.text.HAL_ADC_MspInit)
    HAL_ADC_PollForConversion                0x080007f1   Thumb Code   286  stm32f0xx_hal_adc.o(.text.HAL_ADC_PollForConversion)
    HAL_ADC_Start                            0x08000911   Thumb Code    84  stm32f0xx_hal_adc.o(.text.HAL_ADC_Start)
    HAL_GPIO_Init                            0x08000969   Thumb Code   444  stm32f0xx_hal_gpio.o(.text.HAL_GPIO_Init)
    HAL_GPIO_WritePin                        0x08000b31   Thumb Code    16  stm32f0xx_hal_gpio.o(.text.HAL_GPIO_WritePin)
    HAL_GetTick                              0x08000b41   Thumb Code     8  stm32f0xx_hal.o(.text.HAL_GetTick)
    HAL_IncTick                              0x08000b49   Thumb Code    16  stm32f0xx_hal.o(.text.HAL_IncTick)
    HAL_Init                                 0x08000b5d   Thumb Code    28  stm32f0xx_hal.o(.text.HAL_Init)
    HAL_InitTick                             0x08000b79   Thumb Code    60  stm32f0xx_hal.o(.text.HAL_InitTick)
    HAL_MspInit                              0x08000bb9   Thumb Code    40  stm32f0xx_hal_msp.o(.text.HAL_MspInit)
    HAL_NVIC_SetPriority                     0x08000be5   Thumb Code    56  stm32f0xx_hal_cortex.o(.text.HAL_NVIC_SetPriority)
    HAL_RCC_ClockConfig                      0x08000c25   Thumb Code   344  stm32f0xx_hal_rcc.o(.text.HAL_RCC_ClockConfig)
    HAL_RCC_OscConfig                        0x08000da1   Thumb Code  1184  stm32f0xx_hal_rcc.o(.text.HAL_RCC_OscConfig)
    HAL_SYSTICK_Config                       0x08001249   Thumb Code    40  stm32f0xx_hal_cortex.o(.text.HAL_SYSTICK_Config)
    HAL_TIMEx_MasterConfigSynchronization    0x0800127d   Thumb Code    92  stm32f0xx_hal_tim_ex.o(.text.HAL_TIMEx_MasterConfigSynchronization)
    HAL_TIM_Base_Init                        0x080012d9   Thumb Code   216  stm32f0xx_hal_tim.o(.text.HAL_TIM_Base_Init)
    HAL_TIM_Base_MspInit                     0x080013c5   Thumb Code    36  stm32f0xx_hal_msp.o(.text.HAL_TIM_Base_MspInit)
    HAL_TIM_Base_Start                       0x080013ed   Thumb Code    84  stm32f0xx_hal_tim.o(.text.HAL_TIM_Base_Start)
    HAL_TIM_ConfigClockSource                0x08001451   Thumb Code   344  stm32f0xx_hal_tim.o(.text.HAL_TIM_ConfigClockSource)
    HardFault_Handler                        0x080015ad   Thumb Code     2  stm32f0xx_it.o(.text.HardFault_Handler)
    NMI_Handler                              0x080015af   Thumb Code     2  stm32f0xx_it.o(.text.NMI_Handler)
    PendSV_Handler                           0x080015b1   Thumb Code     2  stm32f0xx_it.o(.text.PendSV_Handler)
    SVC_Handler                              0x080015b3   Thumb Code     2  stm32f0xx_it.o(.text.SVC_Handler)
    SysTick_Handler                          0x080015b5   Thumb Code     8  stm32f0xx_it.o(.text.SysTick_Handler)
    SystemInit                               0x080015bd   Thumb Code     2  system_stm32f0xx.o(.text.SystemInit)
    main                                     0x080015c1   Thumb Code   380  main.o(.text.main)
    mainCode                                 0x0800174d   Thumb Code  1508  telecommunication.o(.text.mainCode)
    __aeabi_uidiv                            0x08001d3d   Thumb Code    68  aeabi_sdivfast.o(.text_divfast)
    __aeabi_idiv                             0x08001d81   Thumb Code   434  aeabi_sdivfast.o(.text_divfast)
    AHBPrescTable                            0x08001f32   Data          16  system_stm32f0xx.o(.rodata.AHBPrescTable)
    Region$$Table$$Base                      0x08001f64   Number         0  anon$$obj.o(Region$$Table)
    Region$$Table$$Limit                     0x08001f84   Number         0  anon$$obj.o(Region$$Table)
    uwTickFreq                               0x20000000   Data           1  stm32f0xx_hal.o(.data..L_MergedGlobals)
    uwTickPrio                               0x20000004   Data           4  stm32f0xx_hal.o(.data..L_MergedGlobals)
    SystemCoreClock                          0x20000008   Data           4  system_stm32f0xx.o(.data.SystemCoreClock)
    __libspace_start                         0x20000010   Data          96  libspace.o(.bss)
    __temporary_stack_top$libspace           0x20000070   Data           0  libspace.o(.bss)
    bitToSend                                0x20000070   Data           1  telecommunication.o(.bss..L_MergedGlobals)
    adcValue                                 0x20000072   Data           2  telecommunication.o(.bss..L_MergedGlobals)
    samplePeriod                             0x20000074   Data           4  telecommunication.o(.bss..L_MergedGlobals)
    hadc                                     0x20000078   Data          64  main.o(.bss.hadc)
    htim2                                    0x200000b8   Data          72  main.o(.bss.htim2)
    uwTick                                   0x20000100   Data           4  stm32f0xx_hal.o(.bss.uwTick)



==============================================================================

Memory Map of the image

  Image Entry point : 0x080000bd

  Load Region LR_IROM1 (Base: 0x08000000, Size: 0x00001f98, Max: 0x00040000, ABSOLUTE)

    Execution Region ER_IROM1 (Exec base: 0x08000000, Load base: 0x08000000, Size: 0x00001f84, Max: 0x00040000, ABSOLUTE)

    Exec Addr    Load Addr    Size         Type   Attr      Idx    E Section Name        Object

    0x08000000   0x08000000   0x000000bc   Data   RO            3    RESET               startup_stm32f091xc.o
    0x080000bc   0x080000bc   0x00000008   Code   RO         1019  * !!!main             c_p.l(__main.o)
    0x080000c4   0x080000c4   0x0000003c   Code   RO         1196    !!!scatter          c_p.l(__scatter.o)
    0x08000100   0x08000100   0x0000001a   Code   RO         1198    !!handler_copy      c_p.l(__scatter_copy.o)
    0x0800011a   0x0800011a   0x00000002   PAD
    0x0800011c   0x0800011c   0x0000001c   Code   RO         1200    !!handler_zi        c_p.l(__scatter_zi.o)
    0x08000138   0x08000138   0x00000002   Code   RO         1057    .ARM.Collect$$libinit$$00000000  c_p.l(libinit.o)
    0x0800013a   0x0800013a   0x00000000   Code   RO         1071    .ARM.Collect$$libinit$$00000002  c_p.l(libinit2.o)
    0x0800013a   0x0800013a   0x00000000   Code   RO         1073    .ARM.Collect$$libinit$$00000004  c_p.l(libinit2.o)
    0x0800013a   0x0800013a   0x00000000   Code   RO         1075    .ARM.Collect$$libinit$$00000006  c_p.l(libinit2.o)
    0x0800013a   0x0800013a   0x00000000   Code   RO         1078    .ARM.Collect$$libinit$$0000000C  c_p.l(libinit2.o)
    0x0800013a   0x0800013a   0x00000000   Code   RO         1080    .ARM.Collect$$libinit$$0000000E  c_p.l(libinit2.o)
    0x0800013a   0x0800013a   0x00000000   Code   RO         1082    .ARM.Collect$$libinit$$00000010  c_p.l(libinit2.o)
    0x0800013a   0x0800013a   0x00000000   Code   RO         1085    .ARM.Collect$$libinit$$00000013  c_p.l(libinit2.o)
    0x0800013a   0x0800013a   0x00000000   Code   RO         1087    .ARM.Collect$$libinit$$00000015  c_p.l(libinit2.o)
    0x0800013a   0x0800013a   0x00000000   Code   RO         1089    .ARM.Collect$$libinit$$00000017  c_p.l(libinit2.o)
    0x0800013a   0x0800013a   0x00000000   Code   RO         1091    .ARM.Collect$$libinit$$00000019  c_p.l(libinit2.o)
    0x0800013a   0x0800013a   0x00000000   Code   RO         1093    .ARM.Collect$$libinit$$0000001B  c_p.l(libinit2.o)
    0x0800013a   0x0800013a   0x00000000   Code   RO         1095    .ARM.Collect$$libinit$$0000001D  c_p.l(libinit2.o)
    0x0800013a   0x0800013a   0x00000000   Code   RO         1097    .ARM.Collect$$libinit$$0000001F  c_p.l(libinit2.o)
    0x0800013a   0x0800013a   0x00000000   Code   RO         1099    .ARM.Collect$$libinit$$00000021  c_p.l(libinit2.o)
    0x0800013a   0x0800013a   0x00000000   Code   RO         1101    .ARM.Collect$$libinit$$00000023  c_p.l(libinit2.o)
    0x0800013a   0x0800013a   0x00000000   Code   RO         1103    .ARM.Collect$$libinit$$00000025  c_p.l(libinit2.o)
    0x0800013a   0x0800013a   0x00000000   Code   RO         1105    .ARM.Collect$$libinit$$00000027  c_p.l(libinit2.o)
    0x0800013a   0x0800013a   0x00000000   Code   RO         1109    .ARM.Collect$$libinit$$0000002E  c_p.l(libinit2.o)
    0x0800013a   0x0800013a   0x00000000   Code   RO         1111    .ARM.Collect$$libinit$$00000030  c_p.l(libinit2.o)
    0x0800013a   0x0800013a   0x00000000   Code   RO         1113    .ARM.Collect$$libinit$$00000032  c_p.l(libinit2.o)
    0x0800013a   0x0800013a   0x00000000   Code   RO         1115    .ARM.Collect$$libinit$$00000034  c_p.l(libinit2.o)
    0x0800013a   0x0800013a   0x00000002   Code   RO         1116    .ARM.Collect$$libinit$$00000035  c_p.l(libinit2.o)
    0x0800013c   0x0800013c   0x00000002   Code   RO         1151    .ARM.Collect$$libshutdown$$00000000  c_p.l(libshutdown.o)
    0x0800013e   0x0800013e   0x00000000   Code   RO         1179    .ARM.Collect$$libshutdown$$00000002  c_p.l(libshutdown2.o)
    0x0800013e   0x0800013e   0x00000000   Code   RO         1181    .ARM.Collect$$libshutdown$$00000004  c_p.l(libshutdown2.o)
    0x0800013e   0x0800013e   0x00000000   Code   RO         1184    .ARM.Collect$$libshutdown$$00000007  c_p.l(libshutdown2.o)
    0x0800013e   0x0800013e   0x00000000   Code   RO         1187    .ARM.Collect$$libshutdown$$0000000A  c_p.l(libshutdown2.o)
    0x0800013e   0x0800013e   0x00000000   Code   RO         1189    .ARM.Collect$$libshutdown$$0000000C  c_p.l(libshutdown2.o)
    0x0800013e   0x0800013e   0x00000000   Code   RO         1192    .ARM.Collect$$libshutdown$$0000000F  c_p.l(libshutdown2.o)
    0x0800013e   0x0800013e   0x00000002   Code   RO         1193    .ARM.Collect$$libshutdown$$00000010  c_p.l(libshutdown2.o)
    0x08000140   0x08000140   0x00000000   Code   RO         1021    .ARM.Collect$$rtentry$$00000000  c_p.l(__rtentry.o)
    0x08000140   0x08000140   0x00000000   Code   RO         1027    .ARM.Collect$$rtentry$$00000002  c_p.l(__rtentry2.o)
    0x08000140   0x08000140   0x00000006   Code   RO         1039    .ARM.Collect$$rtentry$$00000004  c_p.l(__rtentry4.o)
    0x08000146   0x08000146   0x00000000   Code   RO         1029    .ARM.Collect$$rtentry$$00000009  c_p.l(__rtentry2.o)
    0x08000146   0x08000146   0x00000004   Code   RO         1030    .ARM.Collect$$rtentry$$0000000A  c_p.l(__rtentry2.o)
    0x0800014a   0x0800014a   0x00000000   Code   RO         1032    .ARM.Collect$$rtentry$$0000000C  c_p.l(__rtentry2.o)
    0x0800014a   0x0800014a   0x00000008   Code   RO         1033    .ARM.Collect$$rtentry$$0000000D  c_p.l(__rtentry2.o)
    0x08000152   0x08000152   0x00000002   Code   RO         1062    .ARM.Collect$$rtexit$$00000000  c_p.l(rtexit.o)
    0x08000154   0x08000154   0x00000000   Code   RO         1122    .ARM.Collect$$rtexit$$00000002  c_p.l(rtexit2.o)
    0x08000154   0x08000154   0x00000004   Code   RO         1123    .ARM.Collect$$rtexit$$00000003  c_p.l(rtexit2.o)
    0x08000158   0x08000158   0x00000006   Code   RO         1124    .ARM.Collect$$rtexit$$00000004  c_p.l(rtexit2.o)
    0x0800015e   0x0800015e   0x00000002   PAD
    0x08000160   0x08000160   0x00000038   Code   RO            4    .text               startup_stm32f091xc.o
    0x08000198   0x08000198   0x00000040   Code   RO         1007    .text               c_p.l(rt_memclr.o)
    0x080001d8   0x080001d8   0x000001f8   Code   RO         1009    .text               c_p.l(aeabi_sdivfast.o)
    0x080003d0   0x080003d0   0x00000006   Code   RO         1017    .text               c_p.l(heapauxi.o)
    0x080003d6   0x080003d6   0x0000003e   Code   RO         1043    .text               c_p.l(sys_stackheap_outer.o)
    0x08000414   0x08000414   0x00000010   Code   RO         1046    .text               c_p.l(exit.o)
    0x08000424   0x08000424   0x00000008   Code   RO         1058    .text               c_p.l(libspace.o)
    0x0800042c   0x0800042c   0x0000000c   Code   RO         1117    .text               c_p.l(sys_exit.o)
    0x08000438   0x08000438   0x00000002   Code   RO         1140    .text               c_p.l(use_no_semi.o)
    0x0800043a   0x0800043a   0x00000000   Code   RO         1142    .text               c_p.l(indicate_semi.o)
    0x0800043a   0x0800043a   0x00000002   PAD
    0x0800043c   0x0800043c   0x000000b0   Code   RO           87    .text.ADC_Enable    stm32f0xx_hal_adc.o
    0x080004ec   0x080004ec   0x00000148   Code   RO          121    .text.HAL_ADC_ConfigChannel  stm32f0xx_hal_adc.o
    0x08000634   0x08000634   0x00000006   Code   RO          109    .text.HAL_ADC_GetValue  stm32f0xx_hal_adc.o
    0x0800063a   0x0800063a   0x00000002   PAD
    0x0800063c   0x0800063c   0x00000158   Code   RO           77    .text.HAL_ADC_Init  stm32f0xx_hal_adc.o
    0x08000794   0x08000794   0x0000005c   Code   RO           61    .text.HAL_ADC_MspInit  stm32f0xx_hal_msp.o
    0x080007f0   0x080007f0   0x0000011e   Code   RO           91    .text.HAL_ADC_PollForConversion  stm32f0xx_hal_adc.o
    0x0800090e   0x0800090e   0x00000002   PAD
    0x08000910   0x08000910   0x00000058   Code   RO           85    .text.HAL_ADC_Start  stm32f0xx_hal_adc.o
    0x08000968   0x08000968   0x000001c8   Code   RO          443    .text.HAL_GPIO_Init  stm32f0xx_hal_gpio.o
    0x08000b30   0x08000b30   0x00000010   Code   RO          449    .text.HAL_GPIO_WritePin  stm32f0xx_hal_gpio.o
    0x08000b40   0x08000b40   0x00000008   Code   RO          225    .text.HAL_GetTick   stm32f0xx_hal.o
    0x08000b48   0x08000b48   0x00000014   Code   RO          223    .text.HAL_IncTick   stm32f0xx_hal.o
    0x08000b5c   0x08000b5c   0x0000001c   Code   RO          213    .text.HAL_Init      stm32f0xx_hal.o
    0x08000b78   0x08000b78   0x00000040   Code   RO          215    .text.HAL_InitTick  stm32f0xx_hal.o
    0x08000bb8   0x08000bb8   0x0000002c   Code   RO           59    .text.HAL_MspInit   stm32f0xx_hal_msp.o
    0x08000be4   0x08000be4   0x00000040   Code   RO          499    .text.HAL_NVIC_SetPriority  stm32f0xx_hal_cortex.o
    0x08000c24   0x08000c24   0x0000017c   Code   RO          150    .text.HAL_RCC_ClockConfig  stm32f0xx_hal_rcc.o
    0x08000da0   0x08000da0   0x000004a8   Code   RO          148    .text.HAL_RCC_OscConfig  stm32f0xx_hal_rcc.o
    0x08001248   0x08001248   0x00000034   Code   RO          507    .text.HAL_SYSTICK_Config  stm32f0xx_hal_cortex.o
    0x0800127c   0x0800127c   0x0000005c   Code   RO          965    .text.HAL_TIMEx_MasterConfigSynchronization  stm32f0xx_hal_tim_ex.o
    0x080012d8   0x080012d8   0x000000ec   Code   RO          670    .text.HAL_TIM_Base_Init  stm32f0xx_hal_tim.o
    0x080013c4   0x080013c4   0x00000028   Code   RO           65    .text.HAL_TIM_Base_MspInit  stm32f0xx_hal_msp.o
    0x080013ec   0x080013ec   0x00000064   Code   RO          680    .text.HAL_TIM_Base_Start  stm32f0xx_hal_tim.o
    0x08001450   0x08001450   0x0000015c   Code   RO          850    .text.HAL_TIM_ConfigClockSource  stm32f0xx_hal_tim.o
    0x080015ac   0x080015ac   0x00000002   Code   RO           44    .text.HardFault_Handler  stm32f0xx_it.o
    0x080015ae   0x080015ae   0x00000002   Code   RO           42    .text.NMI_Handler   stm32f0xx_it.o
    0x080015b0   0x080015b0   0x00000002   Code   RO           48    .text.PendSV_Handler  stm32f0xx_it.o
    0x080015b2   0x080015b2   0x00000002   Code   RO           46    .text.SVC_Handler   stm32f0xx_it.o
    0x080015b4   0x080015b4   0x00000008   Code   RO           50    .text.SysTick_Handler  stm32f0xx_it.o
    0x080015bc   0x080015bc   0x00000002   Code   RO          989    .text.SystemInit    system_stm32f0xx.o
    0x080015be   0x080015be   0x00000002   PAD
    0x080015c0   0x080015c0   0x0000018c   Code   RO           26    .text.main          main.o
    0x0800174c   0x0800174c   0x000005f0   Code   RO           11    .text.mainCode      telecommunication.o
    0x08001d3c   0x08001d3c   0x000001f6   Code   RO         1010    .text_divfast       c_p.l(aeabi_sdivfast.o)
    0x08001f32   0x08001f32   0x00000010   Data   RO          994    .rodata.AHBPrescTable  system_stm32f0xx.o
    0x08001f42   0x08001f42   0x00000020   Data   RO          172    .rodata.cst16       stm32f0xx_hal_rcc.o
    0x08001f62   0x08001f62   0x00000002   PAD
    0x08001f64   0x08001f64   0x00000020   Data   RO         1195    Region$$Table       anon$$obj.o


    Execution Region RW_IRAM1 (Exec base: 0x20000000, Load base: 0x08001f88, Size: 0x00000708, Max: 0x00008000, ABSOLUTE)

    Exec Addr    Load Addr    Size         Type   Attr      Idx    E Section Name        Object

    0x20000000   0x08001f88   0x00000008   Data   RW          260    .data..L_MergedGlobals  stm32f0xx_hal.o
    0x20000008   0x08001f90   0x00000004   Data   RW          993    .data.SystemCoreClock  system_stm32f0xx.o
    0x2000000c   0x08001f94   0x00000004   PAD
    0x20000010        -       0x00000060   Zero   RW         1059    .bss                c_p.l(libspace.o)
    0x20000070        -       0x00000008   Zero   RW           17    .bss..L_MergedGlobals  telecommunication.o
    0x20000078        -       0x00000040   Zero   RW           32    .bss.hadc           main.o
    0x200000b8        -       0x00000048   Zero   RW           33    .bss.htim2          main.o
    0x20000100        -       0x00000004   Zero   RW          259    .bss.uwTick         stm32f0xx_hal.o
    0x20000104   0x08001f94   0x00000004   PAD
    0x20000108        -       0x00000200   Zero   RW            2    HEAP                startup_stm32f091xc.o
    0x20000308        -       0x00000400   Zero   RW            1    STACK               startup_stm32f091xc.o


==============================================================================

Image component sizes


      Code (inc. data)   RO Data    RW Data    ZI Data      Debug   Object Name

       396         16          0          0        136       7566   main.o
        56         26        188          0       1536        688   startup_stm32f091xc.o
       120          8          0          8          4       5434   stm32f0xx_hal.o
      1228         44          0          0          0      14377   stm32f0xx_hal_adc.o
       116         20          0          0          0       5660   stm32f0xx_hal_cortex.o
       472         12          0          0          0       5062   stm32f0xx_hal_gpio.o
       176         20          0          0          0       6177   stm32f0xx_hal_msp.o
      1572         48         32          0          0       8371   stm32f0xx_hal_rcc.o
       684         40          0          0          0      62502   stm32f0xx_hal_tim.o
        92          0          0          0          0      22775   stm32f0xx_hal_tim_ex.o
        16          0          0          0          0        772   stm32f0xx_it.o
         2          0         16          4          0       1793   system_stm32f0xx.o
      1520         68          0          0          8       4581   telecommunication.o

    ----------------------------------------------------------------------
      6456        302        270         12       1692     145758   Object Totals
         0          0         32          0          0          0   (incl. Generated)
         6          0          2          0          8          0   (incl. Padding)

    ----------------------------------------------------------------------

      Code (inc. data)   RO Data    RW Data    ZI Data      Debug   Library Member Name

         8          0          0          0          0         68   __main.o
         0          0          0          0          0          0   __rtentry.o
        12          0          0          0          0          0   __rtentry2.o
         6          0          0          0          0          0   __rtentry4.o
        60          8          0          0          0          0   __scatter.o
        26          0          0          0          0          0   __scatter_copy.o
        28          0          0          0          0          0   __scatter_zi.o
      1006          4          0          0          0        184   aeabi_sdivfast.o
        16          0          0          0          0         68   exit.o
         6          0          0          0          0        136   heapauxi.o
         0          0          0          0          0          0   indicate_semi.o
         2          0          0          0          0          0   libinit.o
         2          0          0          0          0          0   libinit2.o
         2          0          0          0          0          0   libshutdown.o
         2          0          0          0          0          0   libshutdown2.o
         8          4          0          0         96         68   libspace.o
        64          0          0          0          0        108   rt_memclr.o
         2          0          0          0          0          0   rtexit.o
        10          0          0          0          0          0   rtexit2.o
        12          4          0          0          0         60   sys_exit.o
        62          0          0          0          0         80   sys_stackheap_outer.o
         2          0          0          0          0         68   use_no_semi.o

    ----------------------------------------------------------------------
      1342         20          0          0         96        840   Library Totals
         6          0          0          0          0          0   (incl. Padding)

    ----------------------------------------------------------------------

      Code (inc. data)   RO Data    RW Data    ZI Data      Debug   Library Name

      1336         20          0          0         96        840   c_p.l

    ----------------------------------------------------------------------
      1342         20          0          0         96        840   Library Totals

    ----------------------------------------------------------------------

==============================================================================


      Code (inc. data)   RO Data    RW Data    ZI Data      Debug   

      7798        322        270         12       1788     146138   Grand Totals
      7798        322        270         12       1788     146138   ELF Image Totals
      7798        322        270         12          0          0   ROM Totals

==============================================================================

    Total RO  Size (Code + RO Data)                 8068 (   7.88kB)
    Total RW  Size (RW Data + ZI Data)              1800 (   1.76kB)
    Total ROM Size (Code + RO Data + RW Data)       8080 (   7.89kB)

==============================================================================

